Archive member included to satisfy reference by file (symbol)

app/libapp.a(stdlib.c.obj)    (--whole-archive)
app/libapp.a(activity.c.obj)  (--whole-archive)
app/libapp.a(behavior.c.obj)  (--whole-archive)
app/libapp.a(matrix_transform.c.obj)
                              (--whole-archive)
app/libapp.a(physical_layouts.c.obj)
                              (--whole-archive)
app/libapp.a(sensors.c.obj)   (--whole-archive)
app/libapp.a(event_manager.c.obj)
                              (--whole-archive)
app/libapp.a(pm.c.obj)        (--whole-archive)
app/libapp.a(activity_state_changed.c.obj)
                              (--whole-archive)
app/libapp.a(position_state_changed.c.obj)
                              (--whole-archive)
app/libapp.a(sensor_event.c.obj)
                              (--whole-archive)
app/libapp.a(usb_conn_state_changed.c.obj)
                              (--whole-archive)
app/libapp.a(behavior_reset.c.obj)
                              (--whole-archive)
app/libapp.a(hid.c.obj)       (--whole-archive)
app/libapp.a(behavior_key_press.c.obj)
                              (--whole-archive)
app/libapp.a(behavior_caps_word.c.obj)
                              (--whole-archive)
app/libapp.a(behavior_key_repeat.c.obj)
                              (--whole-archive)
app/libapp.a(behavior_momentary_layer.c.obj)
                              (--whole-archive)
app/libapp.a(behavior_mod_morph.c.obj)
                              (--whole-archive)
app/libapp.a(behavior_outputs.c.obj)
                              (--whole-archive)
app/libapp.a(behavior_toggle_layer.c.obj)
                              (--whole-archive)
app/libapp.a(behavior_to_layer.c.obj)
                              (--whole-archive)
app/libapp.a(behavior_transparent.c.obj)
                              (--whole-archive)
app/libapp.a(behavior_none.c.obj)
                              (--whole-archive)
app/libapp.a(behavior_sensor_rotate_var.c.obj)
                              (--whole-archive)
app/libapp.a(behavior_sensor_rotate_common.c.obj)
                              (--whole-archive)
app/libapp.a(combo.c.obj)     (--whole-archive)
app/libapp.a(behavior_queue.c.obj)
                              (--whole-archive)
app/libapp.a(conditional_layer.c.obj)
                              (--whole-archive)
app/libapp.a(endpoints.c.obj)
                              (--whole-archive)
app/libapp.a(endpoint_changed.c.obj)
                              (--whole-archive)
app/libapp.a(hid_listener.c.obj)
                              (--whole-archive)
app/libapp.a(keymap.c.obj)    (--whole-archive)
app/libapp.a(layer_state_changed.c.obj)
                              (--whole-archive)
app/libapp.a(modifiers_state_changed.c.obj)
                              (--whole-archive)
app/libapp.a(keycode_state_changed.c.obj)
                              (--whole-archive)
app/libapp.a(split_peripheral_status_changed.c.obj)
                              (--whole-archive)
app/libapp.a(central.c.obj)   (--whole-archive)
app/libapp.a(usb.c.obj)       (--whole-archive)
app/libapp.a(usb_hid.c.obj)   (--whole-archive)
app/libapp.a(main.c.obj)      (--whole-archive)
app/libapp.a(reset_settings_nvs.c.obj)
                              (--whole-archive)
app/libapp.a(reset_settings_on_start.c.obj)
                              (--whole-archive)
zephyr/libzephyr.a(crc32c_sw.c.obj)
                              (--whole-archive)
zephyr/libzephyr.a(crc32_sw.c.obj)
                              (--whole-archive)
zephyr/libzephyr.a(crc16_sw.c.obj)
                              (--whole-archive)
zephyr/libzephyr.a(crc8_sw.c.obj)
                              (--whole-archive)
zephyr/libzephyr.a(crc7_sw.c.obj)
                              (--whole-archive)
zephyr/libzephyr.a(crc4_sw.c.obj)
                              (--whole-archive)
zephyr/libzephyr.a(cbprintf_packaged.c.obj)
                              (--whole-archive)
zephyr/libzephyr.a(dec.c.obj)
                              (--whole-archive)
zephyr/libzephyr.a(hex.c.obj)
                              (--whole-archive)
zephyr/libzephyr.a(printk.c.obj)
                              (--whole-archive)
zephyr/libzephyr.a(rb.c.obj)  (--whole-archive)
zephyr/libzephyr.a(sem.c.obj)
                              (--whole-archive)
zephyr/libzephyr.a(thread_entry.c.obj)
                              (--whole-archive)
zephyr/libzephyr.a(timeutil.c.obj)
                              (--whole-archive)
zephyr/libzephyr.a(heap.c.obj)
                              (--whole-archive)
zephyr/libzephyr.a(heap-validate.c.obj)
                              (--whole-archive)
zephyr/libzephyr.a(bitarray.c.obj)
                              (--whole-archive)
zephyr/libzephyr.a(multi_heap.c.obj)
                              (--whole-archive)
zephyr/libzephyr.a(onoff.c.obj)
                              (--whole-archive)
zephyr/libzephyr.a(notify.c.obj)
                              (--whole-archive)
[...]
Memory Configuration

Name             Origin             Length             Attributes
FLASH            0x0000000000001000 0x00000000000d3000 xr
RAM              0x0000000020000000 0x0000000000040000 xw
IDT_LIST         0x00000000fffff7ff 0x0000000000000800 xw
*default*        0x0000000000000000 0xffffffffffffffff

Linker script and memory map

LOAD zephyr/CMakeFiles/zephyr_pre0.dir/misc/empty_file.c.obj
LOAD zephyr/CMakeFiles/offsets.dir/./arch/arm/core/offsets/offsets.c.obj
LOAD app/libapp.a
LOAD zephyr/libzephyr.a
LOAD zephyr/arch/common/libarch__common.a
LOAD zephyr/arch/arch/arm/core/libarch__arm__core.a
LOAD zephyr/arch/arch/arm/core/cortex_m/libarch__arm__core__cortex_m.a
LOAD zephyr/arch/arch/arm/core/mpu/libarch__arm__core__mpu.a
LOAD zephyr/lib/libc/newlib/liblib__libc__newlib.a
LOAD zephyr/lib/libc/common/liblib__libc__common.a
LOAD zephyr/soc/soc/arm/common/cortex_m/libsoc__arm__common__cortex_m.a
LOAD zephyr/soc/soc/arm/nordic_nrf/nrf52/libsoc__arm__nordic_nrf__nrf52.a
LOAD zephyr/boards/boards/arm/cornix_right/lib..__zmk-keyboard-cornix__boards__arm__cornix.a
LOAD zephyr/subsys/usb/device/class/hid/libsubsys__usb__device__class__hid.a
LOAD zephyr/subsys/input/libsubsys__input.a
LOAD zephyr/drivers/usb/device/libdrivers__usb__device.a
LOAD zephyr/drivers/adc/libdrivers__adc.a
LOAD zephyr/drivers/clock_control/libdrivers__clock_control.a
LOAD zephyr/drivers/flash/libdrivers__flash.a
LOAD zephyr/drivers/gpio/libdrivers__gpio.a
LOAD zephyr/drivers/hwinfo/libdrivers__hwinfo.a
LOAD zephyr/drivers/kscan/libdrivers__kscan.a
LOAD zephyr/drivers/pinctrl/libdrivers__pinctrl.a
LOAD zephyr/drivers/sensor/nrf5/libdrivers__sensor__nrf5.a
LOAD zephyr/drivers/timer/libdrivers__timer.a
LOAD modules/hal_nordic/nrfx/libmodules__hal_nordic__nrfx.a
LOAD modules/module/drivers/sensor/battery/lib..__zmk__app__module__drivers__sensor__battery.a
LOAD modules/module/drivers/sensor/ec11/lib..__zmk__app__module__drivers__sensor__ec11.a
LOAD modules/module/lib/zmk_debounce/lib..__zmk__app__module__lib__zmk_debounce.a
LOAD zephyr/kernel/libkernel.a
LOAD /Users/kade/zephyr-sdk-0.17.4/arm-zephyr-eabi/bin/../lib/gcc/arm-zephyr-eabi/12.2.0/thumb/v7e-m+fp/hard/libgcc.a
LOAD zephyr/arch/common/libisr_tables.a
LOAD /Users/kade/zephyr-sdk-0.17.4/arm-zephyr-eabi/arm-zephyr-eabi/lib/thumb/v7e-m+fp/hard/libm.a
LOAD /Users/kade/zephyr-sdk-0.17.4/arm-zephyr-eabi/arm-zephyr-eabi/lib/thumb/v7e-m+fp/hard/libc.a
LOAD /Users/kade/zephyr-sdk-0.17.4/arm-zephyr-eabi/bin/../lib/gcc/arm-zephyr-eabi/12.2.0/thumb/v7e-m+fp/hard/libgcc.a
LOAD /Users/kade/zephyr-sdk-0.17.4/arm-zephyr-eabi/arm-zephyr-eabi/lib/thumb/v7e-m+fp/hard/libc.a
                0x0000000000000020                _region_min_align = 0x20

.rel.plt        0x0000000000001000        0x0
 *(SORT_BY_ALIGNMENT(.rel.plt))
                [!provide]                        PROVIDE (__rel_iplt_start = .)
 *(SORT_BY_ALIGNMENT(.rel.iplt))
 .rel.iplt      0x0000000000001000        0x0 app/libapp.a(stdlib.c.obj)
                [!provide]                        PROVIDE (__rel_iplt_end = .)

.rela.plt       0x0000000000000000        0x0
 *(SORT_BY_ALIGNMENT(.rela.plt))
                [!provide]                        PROVIDE (__rela_iplt_start = .)
 *(SORT_BY_ALIGNMENT(.rela.iplt))
                [!provide]                        PROVIDE (__rela_iplt_end = .)

.rel.dyn
 *(SORT_BY_ALIGNMENT(.rel.*))

.rela.dyn
 *(SORT_BY_ALIGNMENT(.rela.*))

/DISCARD/
 *(SORT_BY_ALIGNMENT(.plt))

/DISCARD/
 *(SORT_BY_ALIGNMENT(.iplt))
                0x0000000000001000                __rom_region_start = 0x1000

rom_start       0x0000000000001000      0x100
                0x0000000000001000                __rom_start_address = .
 FILL mask 0x00
                0x0000000000001000                . = (. + (0x0 - (. - __rom_start_address)))
                0x0000000000001000                . = ALIGN (0x4)
                0x0000000000001000                . = ALIGN (0x80)
                0x0000000000001000                . = ALIGN (0x100)
                0x0000000000001000                _vector_start = .
 *(SORT_BY_ALIGNMENT(.exc_vector_table))
 *(SORT_BY_ALIGNMENT(.exc_vector_table.*))
 .exc_vector_table._vector_table_section
                0x0000000000001000       0x40 zephyr/arch/arch/arm/core/cortex_m/libarch__arm__core__cortex_m.a(vector_table.S.obj)
                0x0000000000001000                _vector_table
 *(SORT_BY_ALIGNMENT(.vectors))
                0x0000000000001100                _vector_end = .
                0x0000000000001040                . = ALIGN (0x4)
 *(SORT_BY_ALIGNMENT(.gnu.linkonce.irq_vector_table*))
 .gnu.linkonce.irq_vector_table
                0x0000000000001040       0xc0 zephyr/arch/common/libisr_tables.a(isr_tables.c.obj)
                0x0000000000001040                _irq_vector_table
                0x0000000000001100                _vector_end = .

text            0x0000000000001100    0x12bac
                0x0000000000001100                __text_region_start = .
 *(SORT_BY_ALIGNMENT(.text))
 .text          0x0000000000001100       0xdc /Users/kade/zephyr-sdk-0.17.4/arm-zephyr-eabi/arm-zephyr-eabi/lib/thumb/v7e-m+fp/hard/libc.a(lib_a-strlen.o)
                0x0000000000001100                strlen
 *fill*         0x00000000000011dc        0x4 
 .text          0x00000000000011e0      0x2dc /Users/kade/zephyr-sdk-0.17.4/arm-zephyr-eabi/arm-zephyr-eabi/lib/thumb/v7e-m+fp/hard/libc.a(lib_a-strcmp.o)
                0x00000000000011e8                strcmp
 *fill*         0x00000000000014bc        0x4 
 .text          0x00000000000014c0       0xa0 /Users/kade/zephyr-sdk-0.17.4/arm-zephyr-eabi/arm-zephyr-eabi/lib/thumb/v7e-m+fp/hard/libc.a(lib_a-memchr.o)
                0x00000000000014c0                memchr
 .text          0x0000000000001560      0x378 /Users/kade/zephyr-sdk-0.17.4/arm-zephyr-eabi/bin/../lib/gcc/arm-zephyr-eabi/12.2.0/thumb/v7e-m+fp/hard/libgcc.a(_arm_addsubdf3.o)
                0x0000000000001560                __aeabi_drsub
                0x0000000000001568                __subdf3
                0x0000000000001568                __aeabi_dsub
                0x000000000000156c                __aeabi_dadd
                0x000000000000156c                __adddf3
                0x00000000000017e4                __aeabi_ui2d
                0x00000000000017e4                __floatunsidf
                0x0000000000001804                __floatsidf
                0x0000000000001804                __aeabi_i2d
                0x0000000000001828                __extendsfdf2
                0x0000000000001828                __aeabi_f2d
                0x000000000000186c                __aeabi_ul2d
                0x000000000000186c                __floatundidf
                0x000000000000187c                __aeabi_l2d
                0x000000000000187c                __floatdidf
 .text          0x00000000000018d8      0x424 /Users/kade/zephyr-sdk-0.17.4/arm-zephyr-eabi/bin/../lib/gcc/arm-zephyr-eabi/12.2.0/thumb/v7e-m+fp/hard/libgcc.a(_arm_muldivdf3.o)
                0x00000000000018d8                __aeabi_dmul
                0x00000000000018d8                __muldf3
                0x0000000000001b2c                __aeabi_ddiv
                0x0000000000001b2c                __divdf3
 .text          0x0000000000001cfc       0x30 /Users/kade/zephyr-sdk-0.17.4/arm-zephyr-eabi/bin/../lib/gcc/arm-zephyr-eabi/12.2.0/thumb/v7e-m+fp/hard/libgcc.a(_aeabi_uldivmod.o)
                0x0000000000001cfc                __aeabi_uldivmod
 .text          0x0000000000001d2c        0x4 /Users/kade/zephyr-sdk-0.17.4/arm-zephyr-eabi/bin/../lib/gcc/arm-zephyr-eabi/12.2.0/thumb/v7e-m+fp/hard/libgcc.a(_dvmd_tls.o)
                0x0000000000001d2c                __aeabi_ldiv0
                0x0000000000001d2c                __aeabi_idiv0
 .text          0x0000000000001d30      0x110 /Users/kade/zephyr-sdk-0.17.4/arm-zephyr-eabi/bin/../lib/gcc/arm-zephyr-eabi/12.2.0/thumb/v7e-m+fp/hard/libgcc.a(_arm_cmpdf2.o)
                0x0000000000001d30                __gedf2
                0x0000000000001d30                __gtdf2
                0x0000000000001d38                __ledf2
                0x0000000000001d38                __ltdf2
                0x0000000000001d40                __cmpdf2
                0x0000000000001d40                __eqdf2
                0x0000000000001d40                __nedf2
                0x0000000000001dbc                __aeabi_cdrcmple
                0x0000000000001dcc                __aeabi_cdcmple
                0x0000000000001dcc                __aeabi_cdcmpeq
                0x0000000000001ddc                __aeabi_dcmpeq
                0x0000000000001df0                __aeabi_dcmplt
                0x0000000000001e04                __aeabi_dcmple
                0x0000000000001e18                __aeabi_dcmpge
                0x0000000000001e2c                __aeabi_dcmpgt
 .text          0x0000000000001e40      0x134 /Users/kade/zephyr-sdk-0.17.4/arm-zephyr-eabi/arm-zephyr-eabi/lib/thumb/v7e-m+fp/hard/libc.a(lib_a-memcpy.o)
                0x0000000000001e40                memcpy
 .text          0x0000000000001f74       0x2c /Users/kade/zephyr-sdk-0.17.4/arm-zephyr-eabi/bin/../lib/gcc/arm-zephyr-eabi/12.2.0/thumb/v7e-m+fp/hard/libgcc.a(_arm_unorddf2.o)
                0x0000000000001f74                __aeabi_dcmpun
                0x0000000000001f74                __unorddf2
 .text          0x0000000000001fa0       0x50 /Users/kade/zephyr-sdk-0.17.4/arm-zephyr-eabi/bin/../lib/gcc/arm-zephyr-eabi/12.2.0/thumb/v7e-m+fp/hard/libgcc.a(_arm_fixdfsi.o)
                0x0000000000001fa0                __fixdfsi
                0x0000000000001fa0                __aeabi_d2iz
 .text          0x0000000000001ff0      0x2a0 /Users/kade/zephyr-sdk-0.17.4/arm-zephyr-eabi/bin/../lib/gcc/arm-zephyr-eabi/12.2.0/thumb/v7e-m+fp/hard/libgcc.a(_udivmoddi4.o)
                0x0000000000001ff0                __udivmoddi4
 *(SORT_BY_ALIGNMENT(.text.*))
 .text.work_queue_main
                0x0000000000002290      0x140 zephyr/kernel/libkernel.a(work.c.obj)
 .text._svfprintf_r
                0x00000000000023d0     0x1a3c /Users/kade/zephyr-sdk-0.17.4/arm-zephyr-eabi/arm-zephyr-eabi/lib/thumb/v7e-m+fp/hard/libc.a(lib_a-svfprintf.o)
                0x00000000000023d0                _svfprintf_r
 *fill*         0x0000000000003e0c        0x4 
 .text._dtoa_r  0x0000000000003e10      0xe4c /Users/kade/zephyr-sdk-0.17.4/arm-zephyr-eabi/arm-zephyr-eabi/lib/thumb/v7e-m+fp/hard/libc.a(lib_a-dtoa.o)
                0x0000000000003e10                _dtoa_r
 .text.activity_expiry_function
                0x0000000000004c5c        0xc app/libapp.a(activity.c.obj)
                0x0000000000004c5c                activity_expiry_function
 .text.activity_init
                0x0000000000004c68       0x3c app/libapp.a(activity.c.obj)
 .text.raise_event
                0x0000000000004ca4        0xc app/libapp.a(activity.c.obj)
                0x0000000000004ca4                raise_event
 .text.set_state
                0x0000000000004cb0       0x18 app/libapp.a(activity.c.obj)
                0x0000000000004cb0                set_state
 .text.activity_work_handler
                0x0000000000004cc8       0x60 app/libapp.a(activity.c.obj)
                0x0000000000004cc8                activity_work_handler
 .text.activity_event_listener
                0x0000000000004d28       0x2c app/libapp.a(activity.c.obj)
 .text.z_impl_behavior_get_binding
                0x0000000000004d54       0x58 app/libapp.a(behavior.c.obj)
                0x0000000000004d54                z_impl_behavior_get_binding
 .text.zmk_physical_layouts_kscan_process_msgq
                0x0000000000004dac       0x70 app/libapp.a(physical_layouts.c.obj)
 .text.zmk_physical_layout_kscan_callback
                0x0000000000004e1c       0x38 app/libapp.a(physical_layouts.c.obj)
 .text.raise_zmk_physical_layout_selection_changed
                0x0000000000004e54       0x20 app/libapp.a(physical_layouts.c.obj)
                0x0000000000004e54                raise_zmk_physical_layout_selection_changed
 .text.zmk_physical_layouts_get_selected_to_stock_position_map
                0x0000000000004e74        0xc app/libapp.a(physical_layouts.c.obj)
                0x0000000000004e74                zmk_physical_layouts_get_selected_to_stock_position_map
 .text.zmk_physical_layouts_select_layout
                0x0000000000004e80       0x80 app/libapp.a(physical_layouts.c.obj)
                0x0000000000004e80                zmk_physical_layouts_select_layout
 .text.zmk_physical_layouts_select
                0x0000000000004f00       0x24 app/libapp.a(physical_layouts.c.obj)
                0x0000000000004f00                zmk_physical_layouts_select
 .text.physical_layouts_handle_set
                0x0000000000004f24       0x44 app/libapp.a(physical_layouts.c.obj)
 .text.zmk_physical_layouts_select_initial
                0x0000000000004f68        0xc app/libapp.a(physical_layouts.c.obj)
                0x0000000000004f68                zmk_physical_layouts_select_initial
 .text.zmk_physical_layouts_init
                0x0000000000004f74       0x40 app/libapp.a(physical_layouts.c.obj)
 .text.trigger_sensor_data_for_position
                0x0000000000004fb4       0x78 app/libapp.a(sensors.c.obj)
 .text.run_sensors_data_trigger
                0x000000000000502c       0x54 app/libapp.a(sensors.c.obj)
 .text.zmk_sensors_init_item
                0x0000000000005080       0x24 app/libapp.a(sensors.c.obj)
 .text.zmk_sensors_trigger_handler
                0x00000000000050a4       0x50 app/libapp.a(sensors.c.obj)
 .text.zmk_sensors_get_config_at_index
                0x00000000000050f4       0x14 app/libapp.a(sensors.c.obj)
                0x00000000000050f4                zmk_sensors_get_config_at_index
 .text.zmk_event_manager_handle_from
                0x0000000000005108       0x48 app/libapp.a(event_manager.c.obj)
                0x0000000000005108                zmk_event_manager_handle_from
 .text.zmk_pm_suspend_devices
                0x0000000000005150       0x78 app/libapp.a(pm.c.obj)
                0x0000000000005150                zmk_pm_suspend_devices
 .text.zmk_pm_resume_devices
                0x00000000000051c8       0x2c app/libapp.a(pm.c.obj)
                0x00000000000051c8                zmk_pm_resume_devices
 .text.raise_zmk_activity_state_changed
                0x00000000000051f4       0x20 app/libapp.a(activity_state_changed.c.obj)
                0x00000000000051f4                raise_zmk_activity_state_changed
 .text.raise_zmk_position_state_changed
                0x0000000000005214       0x38 app/libapp.a(position_state_changed.c.obj)
                0x0000000000005214                raise_zmk_position_state_changed
 .text.as_zmk_position_state_changed
                0x000000000000524c       0x14 app/libapp.a(position_state_changed.c.obj)
                0x000000000000524c                as_zmk_position_state_changed
 .text.raise_zmk_sensor_event
                0x0000000000005260       0x38 app/libapp.a(sensor_event.c.obj)
                0x0000000000005260                raise_zmk_sensor_event
 .text.as_zmk_sensor_event
                0x0000000000005298       0x14 app/libapp.a(sensor_event.c.obj)
                0x0000000000005298                as_zmk_sensor_event
 .text.raise_zmk_usb_conn_state_changed
                0x00000000000052ac       0x20 app/libapp.a(usb_conn_state_changed.c.obj)
                0x00000000000052ac                raise_zmk_usb_conn_state_changed
 .text.zmk_hid_register_mod
                0x00000000000052cc       0x4c app/libapp.a(hid.c.obj)
                0x00000000000052cc                zmk_hid_register_mod
 .text.zmk_hid_unregister_mod
                0x0000000000005318       0x5c app/libapp.a(hid.c.obj)
                0x0000000000005318                zmk_hid_unregister_mod
 .text.zmk_hid_mod_is_pressed
                0x0000000000005374       0x18 app/libapp.a(hid.c.obj)
                0x0000000000005374                zmk_hid_mod_is_pressed
 .text.zmk_hid_implicit_modifiers_press
                0x000000000000538c       0x34 app/libapp.a(hid.c.obj)
                0x000000000000538c                zmk_hid_implicit_modifiers_press
 .text.zmk_hid_implicit_modifiers_release
                0x00000000000053c0       0x30 app/libapp.a(hid.c.obj)
                0x00000000000053c0                zmk_hid_implicit_modifiers_release
 .text.zmk_hid_keyboard_press
                0x00000000000053f0       0x30 app/libapp.a(hid.c.obj)
                0x00000000000053f0                zmk_hid_keyboard_press
 .text.zmk_hid_keyboard_release
                0x0000000000005420       0x38 app/libapp.a(hid.c.obj)
                0x0000000000005420                zmk_hid_keyboard_release
 .text.zmk_hid_keyboard_is_pressed
                0x0000000000005458       0x30 app/libapp.a(hid.c.obj)
                0x0000000000005458                zmk_hid_keyboard_is_pressed
 .text.zmk_hid_keyboard_clear
                0x0000000000005488       0x10 app/libapp.a(hid.c.obj)
                0x0000000000005488                zmk_hid_keyboard_clear
 .text.zmk_hid_consumer_press
                0x0000000000005498       0x34 app/libapp.a(hid.c.obj)
                0x0000000000005498                zmk_hid_consumer_press
 .text.zmk_hid_consumer_release
                0x00000000000054cc       0x28 app/libapp.a(hid.c.obj)
                0x00000000000054cc                zmk_hid_consumer_release
 .text.zmk_hid_consumer_clear
                0x00000000000054f4       0x10 app/libapp.a(hid.c.obj)
                0x00000000000054f4                zmk_hid_consumer_clear
 .text.zmk_hid_consumer_is_pressed
                0x0000000000005504       0x24 app/libapp.a(hid.c.obj)
                0x0000000000005504                zmk_hid_consumer_is_pressed
 .text.zmk_hid_get_keyboard_report
                0x0000000000005528        0x8 app/libapp.a(hid.c.obj)
                0x0000000000005528                zmk_hid_get_keyboard_report
 .text.zmk_hid_get_consumer_report
                0x0000000000005530        0x8 app/libapp.a(hid.c.obj)
                0x0000000000005530                zmk_hid_get_consumer_report
 .text.zmk_behavior_sensor_rotate_common_accept_data
                0x0000000000005538       0x7c app/libapp.a(behavior_sensor_rotate_common.c.obj)
                0x0000000000005538                zmk_behavior_sensor_rotate_common_accept_data
 .text.behavior_queue_process_next
                0x00000000000055b4       0xac app/libapp.a(behavior_queue.c.obj)
 .text.zmk_behavior_queue_add
                0x0000000000005660       0x58 app/libapp.a(behavior_queue.c.obj)
                0x0000000000005660                zmk_behavior_queue_add
 .text.zmk_endpoints_init
                0x00000000000056b8       0x3c app/libapp.a(endpoints.c.obj)
 .text.endpoints_save_preferred_work
                0x00000000000056f4       0x14 app/libapp.a(endpoints.c.obj)
 .text.zmk_endpoint_instance_to_str
                0x0000000000005708       0x3c app/libapp.a(endpoints.c.obj)
                0x0000000000005708                zmk_endpoint_instance_to_str
 .text.zmk_endpoints_send_report
                0x0000000000005744       0x2c app/libapp.a(endpoints.c.obj)
                0x0000000000005744                zmk_endpoints_send_report
 .text.zmk_endpoints_clear_current
                0x0000000000005770       0x28 app/libapp.a(endpoints.c.obj)
                0x0000000000005770                zmk_endpoints_clear_current
 .text.update_current_endpoint
                0x0000000000005798       0x50 app/libapp.a(endpoints.c.obj)
 .text.endpoints_handle_set
                0x00000000000057e8       0x3c app/libapp.a(endpoints.c.obj)
 .text.raise_zmk_endpoint_changed
                0x0000000000005824       0x2c app/libapp.a(endpoint_changed.c.obj)
                0x0000000000005824                raise_zmk_endpoint_changed
 .text.set_layer_state
                0x0000000000005850       0x74 app/libapp.a(keymap.c.obj)
 .text.zmk_keymap_layer_active
                0x00000000000058c4        0xc app/libapp.a(keymap.c.obj)
                0x00000000000058c4                zmk_keymap_layer_active
 .text.zmk_keymap_get_layer_binding_at_idx
                0x00000000000058d0       0x44 app/libapp.a(keymap.c.obj)
                0x00000000000058d0                zmk_keymap_get_layer_binding_at_idx
 .text.zmk_keymap_position_state_changed
                0x0000000000005914       0x5c app/libapp.a(keymap.c.obj)
                0x0000000000005914                zmk_keymap_position_state_changed
 .text.zmk_keymap_sensor_event
                0x0000000000005970      0x160 app/libapp.a(keymap.c.obj)
                0x0000000000005970                zmk_keymap_sensor_event
 .text.raise_zmk_layer_state_changed
                0x0000000000005ad0       0x2c app/libapp.a(layer_state_changed.c.obj)
                0x0000000000005ad0                raise_zmk_layer_state_changed
 .text.raise_zmk_keycode_state_changed
                0x0000000000005afc       0x38 app/libapp.a(keycode_state_changed.c.obj)
                0x0000000000005afc                raise_zmk_keycode_state_changed
 .text.as_zmk_keycode_state_changed
                0x0000000000005b34       0x14 app/libapp.a(keycode_state_changed.c.obj)
                0x0000000000005b34                as_zmk_keycode_state_changed
 .text.select_first_available_transport
                0x0000000000005b48       0x74 app/libapp.a(central.c.obj)
 .text.transport_status_changed_cb
                0x0000000000005bbc       0x2c app/libapp.a(central.c.obj)
 .text.central_init
                0x0000000000005be8       0x34 app/libapp.a(central.c.obj)
 .text.zmk_split_central_invoke_behavior
                0x0000000000005c1c       0xa0 app/libapp.a(central.c.obj)
                0x0000000000005c1c                zmk_split_central_invoke_behavior
 .text.zmk_usb_init
                0x0000000000005cbc       0x18 app/libapp.a(usb.c.obj)
 .text.zmk_usb_get_status
                0x0000000000005cd4        0xc app/libapp.a(usb.c.obj)
                0x0000000000005cd4                zmk_usb_get_status
 .text.zmk_usb_get_conn_state
                0x0000000000005ce0       0x28 app/libapp.a(usb.c.obj)
                0x0000000000005ce0                zmk_usb_get_conn_state
 .text.usb_status_cb
                0x0000000000005d08       0x40 app/libapp.a(usb.c.obj)
                0x0000000000005d08                usb_status_cb
 .text.zmk_usb_is_hid_ready
                0x0000000000005d48       0x1c app/libapp.a(usb.c.obj)
                0x0000000000005d48                zmk_usb_is_hid_ready
 .text.zmk_usb_hid_init
                0x0000000000005d64       0x38 app/libapp.a(usb_hid.c.obj)
 .text.zmk_usb_hid_send_report
                0x0000000000005d9c       0x5c app/libapp.a(usb_hid.c.obj)
 .text.in_ready_cb
                0x0000000000005df8        0xc app/libapp.a(usb_hid.c.obj)
 .text.crc8_ccitt
                0x0000000000005e04       0x2c zephyr/libzephyr.a(crc8_sw.c.obj)
                0x0000000000005e04                crc8_ccitt
 .text.char_out
                0x0000000000005e30        0xc zephyr/libzephyr.a(printk.c.obj)
 .text.vprintk  0x0000000000005e3c       0x1c zephyr/libzephyr.a(printk.c.obj)
                0x0000000000005e3c                vprintk
 .text.process_event
                0x0000000000005e58      0x21c zephyr/libzephyr.a(onoff.c.obj)
 .text.z_cbvprintf_impl
                0x0000000000006074      0x41c zephyr/libzephyr.a(cbprintf_nano.c.obj)
                0x0000000000006074                z_cbvprintf_impl
 .text.sys_reboot
                0x0000000000006490       0x30 zephyr/libzephyr.a(reboot.c.obj)
                0x0000000000006490                sys_reboot
 .text.z_arm_platform_init
                0x00000000000064c0        0x4 zephyr/libzephyr.a(soc_nrf_common.S.obj)
                0x00000000000064c0                z_arm_platform_init
 .text.nvs_recover_last_ate
                0x00000000000064c4       0x64 zephyr/libzephyr.a(nvs.c.obj)
 .text.nvs_mount
                0x0000000000006528      0x2c0 zephyr/libzephyr.a(nvs.c.obj)
                0x0000000000006528                nvs_mount
 .text.nvs_write
                0x00000000000067e8      0x1a4 zephyr/libzephyr.a(nvs.c.obj)
                0x00000000000067e8                nvs_write
 .text.mem_attr_get_regions
                0x000000000000698c        0xc zephyr/libzephyr.a(mem_attr.c.obj)
                0x000000000000698c                mem_attr_get_regions
 .text.pm_device_action_run
                0x0000000000006998       0xa4 zephyr/libzephyr.a(device.c.obj)
                0x0000000000006998                pm_device_action_run
 .text.flash_area_open
                0x0000000000006a3c       0x50 zephyr/libzephyr.a(flash_map.c.obj)
                0x0000000000006a3c                flash_area_open
 .text.flash_area_get_sectors
                0x0000000000006a8c       0x60 zephyr/libzephyr.a(flash_map_layout.c.obj)
                0x0000000000006a8c                flash_area_get_sectors
 .text.class_handler
                0x0000000000006aec       0x40 zephyr/libzephyr.a(usb_device.c.obj)
 .text.custom_handler
                0x0000000000006b2c       0x60 zephyr/libzephyr.a(usb_device.c.obj)
 .text.vendor_handler
                0x0000000000006b8c       0x3c zephyr/libzephyr.a(usb_device.c.obj)
 .text.disable_endpoint
                0x0000000000006bc8       0x2c zephyr/libzephyr.a(usb_device.c.obj)
 .text.usb_reset_alt_setting
                0x0000000000006bf4       0x10 zephyr/libzephyr.a(usb_device.c.obj)
 .text.is_ep_valid.part.0
                0x0000000000006c04       0x38 zephyr/libzephyr.a(usb_device.c.obj)
 .text.usb_handle_request.constprop.0
                0x0000000000006c3c       0x2c zephyr/libzephyr.a(usb_device.c.obj)
 .text.forward_status_cb
                0x0000000000006c68       0xac zephyr/libzephyr.a(usb_device.c.obj)
 .text.usb_halt_endpoint_req.isra.0
                0x0000000000006d14       0x50 zephyr/libzephyr.a(usb_device.c.obj)
 .text.set_endpoint
                0x0000000000006d64       0x84 zephyr/libzephyr.a(usb_device.c.obj)
 .text.usb_handle_standard_request
                0x0000000000006de8      0x2ec zephyr/libzephyr.a(usb_device.c.obj)
 .text.usb_data_to_host
                0x00000000000070d4       0x60 zephyr/libzephyr.a(usb_device.c.obj)
 .text.usb_handle_control_transfer
                0x0000000000007134       0xdc zephyr/libzephyr.a(usb_device.c.obj)
 .text.usb_wakeup_request
                0x0000000000007210       0x18 zephyr/libzephyr.a(usb_device.c.obj)
                0x0000000000007210                usb_wakeup_request
 .text.usb_set_config
                0x0000000000007228       0x2c zephyr/libzephyr.a(usb_device.c.obj)
                0x0000000000007228                usb_set_config
 .text.usb_device_init
                0x0000000000007254       0x28 zephyr/libzephyr.a(usb_device.c.obj)
 .text.usb_enable
                0x000000000000727c      0x124 zephyr/libzephyr.a(usb_device.c.obj)
                0x000000000000727c                usb_enable
 .text.usb_update_sn_string_descriptor
                0x00000000000073a0       0x88 zephyr/libzephyr.a(usb_descriptor.c.obj)
                0x00000000000073a0                usb_update_sn_string_descriptor
 .text.usb_get_device_descriptor
                0x0000000000007428      0x1d8 zephyr/libzephyr.a(usb_descriptor.c.obj)
                0x0000000000007428                usb_get_device_descriptor
 .text.usb_ep_get_transfer
                0x0000000000007600       0x2c zephyr/libzephyr.a(usb_transfer.c.obj)
 .text.usb_transfer_work
                0x000000000000762c      0x104 zephyr/libzephyr.a(usb_transfer.c.obj)
 .text.usb_cancel_transfer
                0x0000000000007730       0x3c zephyr/libzephyr.a(usb_transfer.c.obj)
                0x0000000000007730                usb_cancel_transfer
 .text.usb_cancel_transfers
                0x000000000000776c       0x48 zephyr/libzephyr.a(usb_transfer.c.obj)
                0x000000000000776c                usb_cancel_transfers
 .text.usb_transfer_init
                0x00000000000077b4       0x34 zephyr/libzephyr.a(usb_transfer.c.obj)
                0x00000000000077b4                usb_transfer_init
 .text.settings_save_one
                0x00000000000077e8       0x4c zephyr/libzephyr.a(settings_store.c.obj)
                0x00000000000077e8                settings_save_one
 .text.settings_src_register
                0x0000000000007834       0x1c zephyr/libzephyr.a(settings_store.c.obj)
                0x0000000000007834                settings_src_register
 .text.settings_dst_register
                0x0000000000007850        0xc zephyr/libzephyr.a(settings_store.c.obj)
                0x0000000000007850                settings_dst_register
 .text.settings_load_subtree
                0x000000000000785c       0x4c zephyr/libzephyr.a(settings_store.c.obj)
                0x000000000000785c                settings_load_subtree
 .text.settings_store_init
                0x00000000000078a8       0x10 zephyr/libzephyr.a(settings_store.c.obj)
                0x00000000000078a8                settings_store_init
 .text.settings_init
                0x00000000000078b8       0x10 zephyr/libzephyr.a(settings.c.obj)
                0x00000000000078b8                settings_init
 .text.settings_parse_and_lookup
                0x00000000000078c8       0x98 zephyr/libzephyr.a(settings.c.obj)
                0x00000000000078c8                settings_parse_and_lookup
 .text.settings_commit_subtree
                0x0000000000007960       0x70 zephyr/libzephyr.a(settings.c.obj)
                0x0000000000007960                settings_commit_subtree
 .text.settings_subsys_init
                0x00000000000079d0       0x3c zephyr/libzephyr.a(settings_init.c.obj)
                0x00000000000079d0                settings_subsys_init
 .text.settings_nvs_load
                0x0000000000007a0c       0xbc zephyr/libzephyr.a(settings_nvs.c.obj)
 .text.settings_backend_init
                0x0000000000007ac8       0x84 zephyr/libzephyr.a(settings_nvs.c.obj)
                0x0000000000007ac8                settings_backend_init
 .text.z_SysNmiOnReset
                0x0000000000007b4c        0x8 zephyr/arch/arch/arm/core/libarch__arm__core.a(nmi_on_reset.S.obj)
                0x0000000000007b4c                z_SysNmiOnReset
 .text._HandlerModeExit
                0x0000000000007b54       0x1c zephyr/arch/arch/arm/core/cortex_m/libarch__arm__core__cortex_m.a(exc_exit.S.obj)
                0x0000000000007b54                z_arm_exc_exit
                0x0000000000007b54                z_arm_int_exit
 .text.usage_fault.constprop.0
                0x0000000000007b70       0x54 zephyr/arch/arch/arm/core/cortex_m/libarch__arm__core__cortex_m.a(fault.c.obj)
 .text.bus_fault.constprop.0
                0x0000000000007bc4       0x6c zephyr/arch/arch/arm/core/cortex_m/libarch__arm__core__cortex_m.a(fault.c.obj)
 .text.mem_manage_fault.constprop.0
                0x0000000000007c30       0x78 zephyr/arch/arch/arm/core/cortex_m/libarch__arm__core__cortex_m.a(fault.c.obj)
 .text.z_arm_fault
                0x0000000000007ca8      0x118 zephyr/arch/arch/arm/core/cortex_m/libarch__arm__core__cortex_m.a(fault.c.obj)
                0x0000000000007ca8                z_arm_fault
 .text.z_arm_fault_init
                0x0000000000007dc0       0x10 zephyr/arch/arch/arm/core/cortex_m/libarch__arm__core__cortex_m.a(fault.c.obj)
                0x0000000000007dc0                z_arm_fault_init
 .text.__fault  0x0000000000007dd0       0x14 zephyr/arch/arch/arm/core/cortex_m/libarch__arm__core__cortex_m.a(fault_s.S.obj)
                0x0000000000007dd0                z_arm_bus_fault
                0x0000000000007dd0                z_arm_usage_fault
                0x0000000000007dd0                z_arm_mpu_fault
                0x0000000000007dd0                z_arm_exc_spurious
                0x0000000000007dd0                z_arm_debug_monitor
                0x0000000000007dd0                z_arm_hard_fault
 .text.z_arm_interrupt_init
                0x0000000000007de4       0x18 zephyr/arch/arch/arm/core/cortex_m/libarch__arm__core__cortex_m.a(irq_init.c.obj)
                0x0000000000007de4                z_arm_interrupt_init
 .text._reset_section
                0x0000000000007dfc       0x30 zephyr/arch/arch/arm/core/cortex_m/libarch__arm__core__cortex_m.a(reset.S.obj)
                0x0000000000007dfc                z_arm_reset
                0x0000000000007dfc                __start
 .text.z_impl_k_thread_abort
                0x0000000000007e2c       0x2c zephyr/arch/arch/arm/core/cortex_m/libarch__arm__core__cortex_m.a(thread_abort.c.obj)
                0x0000000000007e2c                z_impl_k_thread_abort
 .text.arch_swap
                0x0000000000007e58       0x34 zephyr/arch/arch/arm/core/cortex_m/libarch__arm__core__cortex_m.a(swap.c.obj)
                0x0000000000007e58                arch_swap
 .text.z_arm_pendsv
                0x0000000000007e8c       0x84 zephyr/arch/arch/arm/core/cortex_m/libarch__arm__core__cortex_m.a(swap_helper.S.obj)
                0x0000000000007e8c                z_arm_pendsv
 .text.z_arm_svc
                0x0000000000007f10       0x20 zephyr/arch/arch/arm/core/cortex_m/libarch__arm__core__cortex_m.a(swap_helper.S.obj)
                0x0000000000007f10                z_arm_svc
 .text.arch_irq_enable
                0x0000000000007f30       0x1c zephyr/arch/arch/arm/core/cortex_m/libarch__arm__core__cortex_m.a(irq_manage.c.obj)
                0x0000000000007f30                arch_irq_enable
 .text.arch_irq_disable
                0x0000000000007f4c       0x28 zephyr/arch/arch/arm/core/cortex_m/libarch__arm__core__cortex_m.a(irq_manage.c.obj)
                0x0000000000007f4c                arch_irq_disable
 .text.arch_irq_is_enabled
                0x0000000000007f74       0x1c zephyr/arch/arch/arm/core/cortex_m/libarch__arm__core__cortex_m.a(irq_manage.c.obj)
                0x0000000000007f74                arch_irq_is_enabled
 .text.z_arm_irq_priority_set
                0x0000000000007f90       0x30 zephyr/arch/arch/arm/core/cortex_m/libarch__arm__core__cortex_m.a(irq_manage.c.obj)
                0x0000000000007f90                z_arm_irq_priority_set
 .text.z_arm_prep_c
                0x0000000000007fc0       0x5c zephyr/arch/arch/arm/core/cortex_m/libarch__arm__core__cortex_m.a(prep_c.c.obj)
                0x0000000000007fc0                z_arm_prep_c
 .text.arch_new_thread
                0x000000000000801c       0x40 zephyr/arch/arch/arm/core/cortex_m/libarch__arm__core__cortex_m.a(thread.c.obj)
                0x000000000000801c                arch_new_thread
 .text.arch_float_disable
                0x000000000000805c       0x4c zephyr/arch/arch/arm/core/cortex_m/libarch__arm__core__cortex_m.a(thread.c.obj)
                0x000000000000805c                arch_float_disable
 .text.arch_switch_to_main_thread
                0x00000000000080a8       0x3c zephyr/arch/arch/arm/core/cortex_m/libarch__arm__core__cortex_m.a(thread.c.obj)
                0x00000000000080a8                arch_switch_to_main_thread
 .text.z_arm_cpu_idle_init
                0x00000000000080e4        0xc zephyr/arch/arch/arm/core/cortex_m/libarch__arm__core__cortex_m.a(cpu_idle.S.obj)
                0x00000000000080e4                z_arm_cpu_idle_init
 .text.arch_cpu_idle
                0x00000000000080f0       0x1c zephyr/arch/arch/arm/core/cortex_m/libarch__arm__core__cortex_m.a(cpu_idle.S.obj)
                0x00000000000080f0                arch_cpu_idle
 .text.arch_cpu_atomic_idle
                0x000000000000810c       0x18 zephyr/arch/arch/arm/core/cortex_m/libarch__arm__core__cortex_m.a(cpu_idle.S.obj)
                0x000000000000810c                arch_cpu_atomic_idle
 .text._isr_wrapper
                0x0000000000008124       0x28 zephyr/arch/arch/arm/core/cortex_m/libarch__arm__core__cortex_m.a(isr_wrapper.S.obj)
                0x0000000000008124                _isr_wrapper
 .text.z_arm_configure_static_mpu_regions
                0x000000000000814c       0x18 zephyr/arch/arch/arm/core/mpu/libarch__arm__core__mpu.a(arm_core_mpu.c.obj)
                0x000000000000814c                z_arm_configure_static_mpu_regions
 .text.region_init
                0x0000000000008164       0x28 zephyr/arch/arch/arm/core/mpu/libarch__arm__core__mpu.a(arm_mpu.c.obj)
 .text.arm_core_mpu_enable
                0x000000000000818c       0x18 zephyr/arch/arch/arm/core/mpu/libarch__arm__core__mpu.a(arm_mpu.c.obj)
                0x000000000000818c                arm_core_mpu_enable
 .text.arm_core_mpu_disable
                0x00000000000081a4       0x14 zephyr/arch/arch/arm/core/mpu/libarch__arm__core__mpu.a(arm_mpu.c.obj)
                0x00000000000081a4                arm_core_mpu_disable
 .text.arm_core_mpu_configure_static_mpu_regions
                0x00000000000081b8       0x14 zephyr/arch/arch/arm/core/mpu/libarch__arm__core__mpu.a(arm_mpu.c.obj)
                0x00000000000081b8                arm_core_mpu_configure_static_mpu_regions
 .text.z_arm_mpu_init
                0x00000000000081cc      0x124 zephyr/arch/arch/arm/core/mpu/libarch__arm__core__mpu.a(arm_mpu.c.obj)
                0x00000000000081cc                z_arm_mpu_init
 .text.z_impl_zephyr_read_stdin
                0x00000000000082f0       0x28 zephyr/lib/libc/newlib/liblib__libc__newlib.a(libc-hooks.c.obj)
                0x00000000000082f0                z_impl_zephyr_read_stdin
 .text.z_impl_zephyr_write_stdout
                0x0000000000008318       0x30 zephyr/lib/libc/newlib/liblib__libc__newlib.a(libc-hooks.c.obj)
                0x0000000000008318                z_impl_zephyr_write_stdout
 .text._exit    0x0000000000008348       0x10 zephyr/lib/libc/newlib/liblib__libc__newlib.a(libc-hooks.c.obj)
                0x0000000000008348                _exit
 .text._sbrk    0x0000000000008358       0x28 zephyr/lib/libc/newlib/liblib__libc__newlib.a(libc-hooks.c.obj)
                0x0000000000008358                _sbrk
                0x0000000000008358                sbrk
 .text.__chk_fail
                0x0000000000008380       0x1c zephyr/lib/libc/newlib/liblib__libc__newlib.a(libc-hooks.c.obj)
                0x0000000000008380                __chk_fail
 .text.abort    0x000000000000839c       0x18 zephyr/lib/libc/common/liblib__libc__common.a(abort.c.obj)
                0x000000000000839c                abort
 .text.nordicsemi_nrf52_init
                0x00000000000083b4       0x18 zephyr/soc/soc/arm/nordic_nrf/nrf52/libsoc__arm__nordic_nrf__nrf52.a(soc.c.obj)
 .text.sys_arch_reboot
                0x00000000000083cc       0x2c zephyr/soc/soc/arm/nordic_nrf/nrf52/libsoc__arm__nordic_nrf__nrf52.a(soc.c.obj)
                0x00000000000083cc                sys_arch_reboot
 .text.arch_busy_wait
                0x00000000000083f8       0x14 zephyr/soc/soc/arm/nordic_nrf/nrf52/libsoc__arm__nordic_nrf__nrf52.a(soc.c.obj)
                0x00000000000083f8                arch_busy_wait
 .text.hid_int_in
                0x000000000000840c       0x2c zephyr/subsys/usb/device/class/hid/libsubsys__usb__device__class__hid.a(core.c.obj)
 .text.hid_custom_handle_req
                0x0000000000008438       0x78 zephyr/subsys/usb/device/class/hid/libsubsys__usb__device__class__hid.a(core.c.obj)
 .text.hid_class_handle_req
                0x00000000000084b0       0x60 zephyr/subsys/usb/device/class/hid/libsubsys__usb__device__class__hid.a(core.c.obj)
 .text.hid_status_cb
                0x0000000000008510       0x48 zephyr/subsys/usb/device/class/hid/libsubsys__usb__device__class__hid.a(core.c.obj)
 .text.usb_hid_register_device
                0x0000000000008558       0x2c zephyr/subsys/usb/device/class/hid/libsubsys__usb__device__class__hid.a(core.c.obj)
                0x0000000000008558                usb_hid_register_device
 .text.input_thread
                0x0000000000008584       0x40 zephyr/subsys/input/libsubsys__input.a(input.c.obj)
 .text.endpoint_ctx
                0x00000000000085c4       0x60 zephyr/drivers/usb/device/libdrivers__usb__device.a(usb_dc_nrfx.c.obj)
 .text.usbd_work_schedule
                0x0000000000008624       0x10 zephyr/drivers/usb/device/libdrivers__usb__device.a(usb_dc_nrfx.c.obj)
 .text.usbd_evt_put
                0x0000000000008634        0xc zephyr/drivers/usb/device/libdrivers__usb__device.a(usb_dc_nrfx.c.obj)
 .text.usbd_evt_get
                0x0000000000008640       0x10 zephyr/drivers/usb/device/libdrivers__usb__device.a(usb_dc_nrfx.c.obj)
 .text.usb_init
                0x0000000000008650       0x70 zephyr/drivers/usb/device/libdrivers__usb__device.a(usb_dc_nrfx.c.obj)
 .text.hfxo_stop.constprop.0.isra.0
                0x00000000000086c0       0x40 zephyr/drivers/usb/device/libdrivers__usb__device.a(usb_dc_nrfx.c.obj)
 .text.eps_ctx_init
                0x0000000000008700       0x68 zephyr/drivers/usb/device/libdrivers__usb__device.a(usb_dc_nrfx.c.obj)
 .text.usbd_evt_flush
                0x0000000000008768       0x1c zephyr/drivers/usb/device/libdrivers__usb__device.a(usb_dc_nrfx.c.obj)
 .text.usbd_evt_alloc
                0x0000000000008784       0x44 zephyr/drivers/usb/device/libdrivers__usb__device.a(usb_dc_nrfx.c.obj)
 .text.usb_dc_power_event_handler
                0x00000000000087c8       0x34 zephyr/drivers/usb/device/libdrivers__usb__device.a(usb_dc_nrfx.c.obj)
 .text.usbd_event_transfer_data
                0x00000000000087fc       0xa8 zephyr/drivers/usb/device/libdrivers__usb__device.a(usb_dc_nrfx.c.obj)
 .text.usbd_event_handler
                0x00000000000088a4      0x11c zephyr/drivers/usb/device/libdrivers__usb__device.a(usb_dc_nrfx.c.obj)
 .text.usbd_work_handler
                0x00000000000089c0      0x2e0 zephyr/drivers/usb/device/libdrivers__usb__device.a(usb_dc_nrfx.c.obj)
 .text.usb_dc_attach
                0x0000000000008ca0       0x64 zephyr/drivers/usb/device/libdrivers__usb__device.a(usb_dc_nrfx.c.obj)
                0x0000000000008ca0                usb_dc_attach
 .text.usb_dc_set_address
                0x0000000000008d04       0x24 zephyr/drivers/usb/device/libdrivers__usb__device.a(usb_dc_nrfx.c.obj)
                0x0000000000008d04                usb_dc_set_address
 .text.usb_dc_ep_configure
                0x0000000000008d28       0x48 zephyr/drivers/usb/device/libdrivers__usb__device.a(usb_dc_nrfx.c.obj)
                0x0000000000008d28                usb_dc_ep_configure
 .text.usb_dc_ep_set_stall
                0x0000000000008d70       0x50 zephyr/drivers/usb/device/libdrivers__usb__device.a(usb_dc_nrfx.c.obj)
                0x0000000000008d70                usb_dc_ep_set_stall
 .text.usb_dc_ep_clear_stall
                0x0000000000008dc0       0x40 zephyr/drivers/usb/device/libdrivers__usb__device.a(usb_dc_nrfx.c.obj)
                0x0000000000008dc0                usb_dc_ep_clear_stall
 .text.usb_dc_ep_is_stalled
                0x0000000000008e00       0x38 zephyr/drivers/usb/device/libdrivers__usb__device.a(usb_dc_nrfx.c.obj)
                0x0000000000008e00                usb_dc_ep_is_stalled
 .text.usb_dc_ep_enable
                0x0000000000008e38       0x54 zephyr/drivers/usb/device/libdrivers__usb__device.a(usb_dc_nrfx.c.obj)
                0x0000000000008e38                usb_dc_ep_enable
 .text.usb_dc_ep_write
                0x0000000000008e8c       0xf8 zephyr/drivers/usb/device/libdrivers__usb__device.a(usb_dc_nrfx.c.obj)
                0x0000000000008e8c                usb_dc_ep_write
 .text.usb_dc_ep_read_wait
                0x0000000000008f84       0x90 zephyr/drivers/usb/device/libdrivers__usb__device.a(usb_dc_nrfx.c.obj)
                0x0000000000008f84                usb_dc_ep_read_wait
 .text.usb_dc_ep_read_continue
                0x0000000000009014       0x84 zephyr/drivers/usb/device/libdrivers__usb__device.a(usb_dc_nrfx.c.obj)
                0x0000000000009014                usb_dc_ep_read_continue
 .text.usb_dc_ep_set_callback
                0x0000000000009098       0x28 zephyr/drivers/usb/device/libdrivers__usb__device.a(usb_dc_nrfx.c.obj)
                0x0000000000009098                usb_dc_ep_set_callback
 .text.usb_dc_set_status_callback
                0x00000000000090c0        0xc zephyr/drivers/usb/device/libdrivers__usb__device.a(usb_dc_nrfx.c.obj)
                0x00000000000090c0                usb_dc_set_status_callback
 .text.usb_dc_ep_mps
                0x00000000000090cc       0x24 zephyr/drivers/usb/device/libdrivers__usb__device.a(usb_dc_nrfx.c.obj)
                0x00000000000090cc                usb_dc_ep_mps
 .text.adc_gain_invert
                0x00000000000090f0       0x2c zephyr/drivers/adc/libdrivers__adc.a(adc_common.c.obj)
                0x00000000000090f0                adc_gain_invert
 .text.adc_context_start_sampling
                0x000000000000911c       0x1c zephyr/drivers/adc/libdrivers__adc.a(adc_nrfx_saadc.c.obj)
 .text.adc_nrfx_channel_setup
                0x0000000000009138       0xd8 zephyr/drivers/adc/libdrivers__adc.a(adc_nrfx_saadc.c.obj)
 .text.adc_nrfx_read
                0x0000000000009210      0x180 zephyr/drivers/adc/libdrivers__adc.a(adc_nrfx_saadc.c.obj)
 .text.init_saadc
                0x0000000000009390       0x44 zephyr/drivers/adc/libdrivers__adc.a(adc_nrfx_saadc.c.obj)
 .text.saadc_irq_handler
                0x00000000000093d4       0xcc zephyr/drivers/adc/libdrivers__adc.a(adc_nrfx_saadc.c.obj)
 .text.onoff_stop
                0x00000000000094a0       0x30 zephyr/drivers/clock_control/libdrivers__clock_control.a(clock_control_nrf.c.obj)
 .text.onoff_start
                0x00000000000094d0       0x44 zephyr/drivers/clock_control/libdrivers__clock_control.a(clock_control_nrf.c.obj)
 .text.generic_hfclk_stop
                0x0000000000009514       0x34 zephyr/drivers/clock_control/libdrivers__clock_control.a(clock_control_nrf.c.obj)
 .text.clk_init
                0x0000000000009548       0x60 zephyr/drivers/clock_control/libdrivers__clock_control.a(clock_control_nrf.c.obj)
 .text.clkstarted_handle.constprop.0
                0x00000000000095a8       0x34 zephyr/drivers/clock_control/libdrivers__clock_control.a(clock_control_nrf.c.obj)
 .text.clock_event_handler
                0x00000000000095dc       0x34 zephyr/drivers/clock_control/libdrivers__clock_control.a(clock_control_nrf.c.obj)
 .text.generic_hfclk_start
                0x0000000000009610       0x64 zephyr/drivers/clock_control/libdrivers__clock_control.a(clock_control_nrf.c.obj)
 .text.api_blocking_start
                0x0000000000009674       0x34 zephyr/drivers/clock_control/libdrivers__clock_control.a(clock_control_nrf.c.obj)
 .text.z_nrf_clock_control_get_onoff
                0x00000000000096a8       0x10 zephyr/drivers/clock_control/libdrivers__clock_control.a(clock_control_nrf.c.obj)
                0x00000000000096a8                z_nrf_clock_control_get_onoff
 .text.z_nrf_clock_control_lf_on
                0x00000000000096b8       0xb4 zephyr/drivers/clock_control/libdrivers__clock_control.a(clock_control_nrf.c.obj)
                0x00000000000096b8                z_nrf_clock_control_lf_on
 .text.start_cal_process
                0x000000000000976c       0x48 zephyr/drivers/clock_control/libdrivers__clock_control.a(nrf_clock_calibration.c.obj)
 .text.start_cycle
                0x00000000000097b4       0x38 zephyr/drivers/clock_control/libdrivers__clock_control.a(nrf_clock_calibration.c.obj)
 .text.measure_temperature
                0x00000000000097ec       0x88 zephyr/drivers/clock_control/libdrivers__clock_control.a(nrf_clock_calibration.c.obj)
 .text.cal_hf_callback
                0x0000000000009874       0x2c zephyr/drivers/clock_control/libdrivers__clock_control.a(nrf_clock_calibration.c.obj)
 .text.z_nrf_clock_calibration_init
                0x00000000000098a0       0x1c zephyr/drivers/clock_control/libdrivers__clock_control.a(nrf_clock_calibration.c.obj)
                0x00000000000098a0                z_nrf_clock_calibration_init
 .text.z_nrf_clock_calibration_lfclk_started
                0x00000000000098bc       0x10 zephyr/drivers/clock_control/libdrivers__clock_control.a(nrf_clock_calibration.c.obj)
                0x00000000000098bc                z_nrf_clock_calibration_lfclk_started
 .text.z_nrf_clock_calibration_lfclk_stopped
                0x00000000000098cc        0xc zephyr/drivers/clock_control/libdrivers__clock_control.a(nrf_clock_calibration.c.obj)
                0x00000000000098cc                z_nrf_clock_calibration_lfclk_stopped
 .text.z_nrf_clock_calibration_done_handler
                0x00000000000098d8       0x10 zephyr/drivers/clock_control/libdrivers__clock_control.a(nrf_clock_calibration.c.obj)
                0x00000000000098d8                z_nrf_clock_calibration_done_handler
 .text.flash_nrf_pages_layout
                0x00000000000098e8       0x10 zephyr/drivers/flash/libdrivers__flash.a(soc_flash_nrf.c.obj)
 .text.flash_nrf_get_parameters
                0x00000000000098f8        0x8 zephyr/drivers/flash/libdrivers__flash.a(soc_flash_nrf.c.obj)
 .text.nrf_flash_init
                0x0000000000009900       0x28 zephyr/drivers/flash/libdrivers__flash.a(soc_flash_nrf.c.obj)
 .text.restore_pofwarn.part.0
                0x0000000000009928       0x2c zephyr/drivers/flash/libdrivers__flash.a(soc_flash_nrf.c.obj)
 .text.suspend_pofwarn
                0x0000000000009954       0x58 zephyr/drivers/flash/libdrivers__flash.a(soc_flash_nrf.c.obj)
 .text.flash_nrf_erase
                0x00000000000099ac       0x88 zephyr/drivers/flash/libdrivers__flash.a(soc_flash_nrf.c.obj)
 .text.flash_nrf_write
                0x0000000000009a34       0x8c zephyr/drivers/flash/libdrivers__flash.a(soc_flash_nrf.c.obj)
 .text.gpio_nrfx_pin_interrupt_configure
                0x0000000000009ac0       0xe4 zephyr/drivers/gpio/libdrivers__gpio.a(gpio_nrfx.c.obj)
 .text.gpio_nrfx_init
                0x0000000000009ba4       0x38 zephyr/drivers/gpio/libdrivers__gpio.a(gpio_nrfx.c.obj)
 .text.nrfx_gpio_handler
                0x0000000000009bdc       0x4c zephyr/drivers/gpio/libdrivers__gpio.a(gpio_nrfx.c.obj)
 .text.gpio_nrfx_pin_configure
                0x0000000000009c28      0x128 zephyr/drivers/gpio/libdrivers__gpio.a(gpio_nrfx.c.obj)
 .text.compare_ports
                0x0000000000009d50       0x14 zephyr/drivers/kscan/libdrivers__kscan.a(kscan_gpio.c.obj)
 .text.kscan_gpio_list_sort_by_port
                0x0000000000009d64       0x10 zephyr/drivers/kscan/libdrivers__kscan.a(kscan_gpio.c.obj)
                0x0000000000009d64                kscan_gpio_list_sort_by_port
 .text.kscan_matrix_init
                0x0000000000009d74       0x28 zephyr/drivers/kscan/libdrivers__kscan.a(kscan_gpio_matrix.c.obj)
 .text.kscan_matrix_pm_action
                0x0000000000009d9c      0x10c zephyr/drivers/kscan/libdrivers__kscan.a(kscan_gpio_matrix.c.obj)
 .text.kscan_mock_init_0
                0x0000000000009ea8       0x18 zephyr/drivers/kscan/libdrivers__kscan.a(kscan_mock.c.obj)
 .text.hfclk_on_callback
                0x0000000000009ec0        0xc zephyr/drivers/sensor/nrf5/libdrivers__sensor__nrf5.a(temp_nrf5.c.obj)
 .text.temp_nrf5_channel_get
                0x0000000000009ecc       0x2c zephyr/drivers/sensor/nrf5/libdrivers__sensor__nrf5.a(temp_nrf5.c.obj)
 .text.temp_nrf5_isr
                0x0000000000009ef8       0x18 zephyr/drivers/sensor/nrf5/libdrivers__sensor__nrf5.a(temp_nrf5.c.obj)
 .text.temp_nrf5_sample_fetch
                0x0000000000009f10       0x78 zephyr/drivers/sensor/nrf5/libdrivers__sensor__nrf5.a(temp_nrf5.c.obj)
 .text.temp_nrf5_init
                0x0000000000009f88       0x40 zephyr/drivers/sensor/nrf5/libdrivers__sensor__nrf5.a(temp_nrf5.c.obj)
 .text.compare_int_lock
                0x0000000000009fc8       0x48 zephyr/drivers/timer/libdrivers__timer.a(nrf_rtc_timer.c.obj)
 .text.sys_clock_timeout_handler
                0x000000000000a010       0x48 zephyr/drivers/timer/libdrivers__timer.a(nrf_rtc_timer.c.obj)
 .text.compare_int_unlock
                0x000000000000a058       0x5c zephyr/drivers/timer/libdrivers__timer.a(nrf_rtc_timer.c.obj)
 .text.z_nrf_rtc_timer_read
                0x000000000000a0b4       0x44 zephyr/drivers/timer/libdrivers__timer.a(nrf_rtc_timer.c.obj)
                0x000000000000a0b4                z_nrf_rtc_timer_read
 .text.compare_set
                0x000000000000a0f8      0x130 zephyr/drivers/timer/libdrivers__timer.a(nrf_rtc_timer.c.obj)
 .text.sys_clock_driver_init
                0x000000000000a228       0x90 zephyr/drivers/timer/libdrivers__timer.a(nrf_rtc_timer.c.obj)
 .text.rtc_nrf_isr
                0x000000000000a2b8       0xd4 zephyr/drivers/timer/libdrivers__timer.a(nrf_rtc_timer.c.obj)
                0x000000000000a2b8                rtc_nrf_isr
 .text.sys_clock_set_timeout
                0x000000000000a38c       0x5c zephyr/drivers/timer/libdrivers__timer.a(nrf_rtc_timer.c.obj)
                0x000000000000a38c                sys_clock_set_timeout
 .text.sys_clock_elapsed
                0x000000000000a3e8       0x14 zephyr/drivers/timer/libdrivers__timer.a(nrf_rtc_timer.c.obj)
                0x000000000000a3e8                sys_clock_elapsed
 .text.sys_clock_disable
                0x000000000000a3fc       0x30 zephyr/drivers/timer/libdrivers__timer.a(nrf_rtc_timer.c.obj)
                0x000000000000a3fc                sys_clock_disable
 .text.nrf52_errata_98
                0x000000000000a42c       0x24 modules/hal_nordic/nrfx/libmodules__hal_nordic__nrfx.a(system_nrf52840.c.obj)
 .text.SystemInit
                0x000000000000a450      0x178 modules/hal_nordic/nrfx/libmodules__hal_nordic__nrfx.a(system_nrf52840.c.obj)
                0x000000000000a450                SystemInit
 .text.nrfx_flag32_alloc
                0x000000000000a5c8       0x48 modules/hal_nordic/nrfx/libmodules__hal_nordic__nrfx.a(nrfx_flag32_allocator.c.obj)
                0x000000000000a5c8                nrfx_flag32_alloc
 .text.nrfx_flag32_free
                0x000000000000a610       0x40 modules/hal_nordic/nrfx/libmodules__hal_nordic__nrfx.a(nrfx_flag32_allocator.c.obj)
                0x000000000000a610                nrfx_flag32_free
 .text.clock_stop
                0x000000000000a650       0xc4 modules/hal_nordic/nrfx/libmodules__hal_nordic__nrfx.a(nrfx_clock.c.obj)
 .text.nrfx_clock_init
                0x000000000000a714       0x24 modules/hal_nordic/nrfx/libmodules__hal_nordic__nrfx.a(nrfx_clock.c.obj)
                0x000000000000a714                nrfx_clock_init
 .text.nrfx_clock_enable
                0x000000000000a738       0x30 modules/hal_nordic/nrfx/libmodules__hal_nordic__nrfx.a(nrfx_clock.c.obj)
                0x000000000000a738                nrfx_clock_enable
 .text.nrfx_clock_start
                0x000000000000a768       0xa4 modules/hal_nordic/nrfx/libmodules__hal_nordic__nrfx.a(nrfx_clock.c.obj)
                0x000000000000a768                nrfx_clock_start
 .text.nrfx_clock_calibration_start
                0x000000000000a80c       0x74 modules/hal_nordic/nrfx/libmodules__hal_nordic__nrfx.a(nrfx_clock.c.obj)
                0x000000000000a80c                nrfx_clock_calibration_start
 .text.nrfx_clock_irq_handler
                0x000000000000a880       0x84 modules/hal_nordic/nrfx/libmodules__hal_nordic__nrfx.a(nrfx_clock.c.obj)
                0x000000000000a880                nrfx_clock_irq_handler
 .text.nrf_gpio_pin_port_decode
                0x000000000000a904       0x20 modules/hal_nordic/nrfx/libmodules__hal_nordic__nrfx.a(nrfx_gpiote.c.obj)
 .text.get_pin_idx
                0x000000000000a924       0x14 modules/hal_nordic/nrfx/libmodules__hal_nordic__nrfx.a(nrfx_gpiote.c.obj)
 .text.call_handler.constprop.0
                0x000000000000a938       0x40 modules/hal_nordic/nrfx/libmodules__hal_nordic__nrfx.a(nrfx_gpiote.c.obj)
 .text.release_handler.constprop.0
                0x000000000000a978       0x58 modules/hal_nordic/nrfx/libmodules__hal_nordic__nrfx.a(nrfx_gpiote.c.obj)
 .text.pin_te_get.constprop.0
                0x000000000000a9d0       0x18 modules/hal_nordic/nrfx/libmodules__hal_nordic__nrfx.a(nrfx_gpiote.c.obj)
 .text.pin_in_use_by_te.constprop.0
                0x000000000000a9e8       0x18 modules/hal_nordic/nrfx/libmodules__hal_nordic__nrfx.a(nrfx_gpiote.c.obj)
 .text.latch_pending_read_and_check
                0x000000000000aa00       0x40 modules/hal_nordic/nrfx/libmodules__hal_nordic__nrfx.a(nrfx_gpiote.c.obj)
 .text.__nrfy_internal_gpiote_events_process.constprop.0
                0x000000000000aa40       0x5c modules/hal_nordic/nrfx/libmodules__hal_nordic__nrfx.a(nrfx_gpiote.c.obj)
 .text.pin_is_input.constprop.0
                0x000000000000aa9c       0x1c modules/hal_nordic/nrfx/libmodules__hal_nordic__nrfx.a(nrfx_gpiote.c.obj)
 .text.pin_trigger_disable.constprop.0
                0x000000000000aab8       0x4c modules/hal_nordic/nrfx/libmodules__hal_nordic__nrfx.a(nrfx_gpiote.c.obj)
 .text.pin_uninit.constprop.0
                0x000000000000ab04       0x80 modules/hal_nordic/nrfx/libmodules__hal_nordic__nrfx.a(nrfx_gpiote.c.obj)
 .text.nrfx_gpiote_input_configure
                0x000000000000ab84      0x170 modules/hal_nordic/nrfx/libmodules__hal_nordic__nrfx.a(nrfx_gpiote.c.obj)
                0x000000000000ab84                nrfx_gpiote_input_configure
 .text.nrfx_gpiote_output_configure
                0x000000000000acf4       0xf0 modules/hal_nordic/nrfx/libmodules__hal_nordic__nrfx.a(nrfx_gpiote.c.obj)
                0x000000000000acf4                nrfx_gpiote_output_configure
 .text.nrfx_gpiote_global_callback_set
                0x000000000000ade4        0xc modules/hal_nordic/nrfx/libmodules__hal_nordic__nrfx.a(nrfx_gpiote.c.obj)
                0x000000000000ade4                nrfx_gpiote_global_callback_set
 .text.nrfx_gpiote_channel_get
                0x000000000000adf0       0x30 modules/hal_nordic/nrfx/libmodules__hal_nordic__nrfx.a(nrfx_gpiote.c.obj)
                0x000000000000adf0                nrfx_gpiote_channel_get
 .text.nrfx_gpiote_init
                0x000000000000ae20       0x70 modules/hal_nordic/nrfx/libmodules__hal_nordic__nrfx.a(nrfx_gpiote.c.obj)
                0x000000000000ae20                nrfx_gpiote_init
 .text.nrfx_gpiote_is_init
                0x000000000000ae90       0x14 modules/hal_nordic/nrfx/libmodules__hal_nordic__nrfx.a(nrfx_gpiote.c.obj)
                0x000000000000ae90                nrfx_gpiote_is_init
 .text.nrfx_gpiote_channel_free
                0x000000000000aea4        0xc modules/hal_nordic/nrfx/libmodules__hal_nordic__nrfx.a(nrfx_gpiote.c.obj)
                0x000000000000aea4                nrfx_gpiote_channel_free
 .text.nrfx_gpiote_channel_alloc
                0x000000000000aeb0        0xc modules/hal_nordic/nrfx/libmodules__hal_nordic__nrfx.a(nrfx_gpiote.c.obj)
                0x000000000000aeb0                nrfx_gpiote_channel_alloc
 .text.nrfx_gpiote_trigger_enable
                0x000000000000aebc       0xac modules/hal_nordic/nrfx/libmodules__hal_nordic__nrfx.a(nrfx_gpiote.c.obj)
                0x000000000000aebc                nrfx_gpiote_trigger_enable
 .text.nrfx_gpiote_0_irq_handler
                0x000000000000af68      0x1bc modules/hal_nordic/nrfx/libmodules__hal_nordic__nrfx.a(nrfx_gpiote.c.obj)
                0x000000000000af68                nrfx_gpiote_0_irq_handler
 .text.nvmc_word_write
                0x000000000000b124       0x18 modules/hal_nordic/nrfx/libmodules__hal_nordic__nrfx.a(nrfx_nvmc.c.obj)
 .text.nrfx_nvmc_page_erase
                0x000000000000b13c       0x40 modules/hal_nordic/nrfx/libmodules__hal_nordic__nrfx.a(nrfx_nvmc.c.obj)
                0x000000000000b13c                nrfx_nvmc_page_erase
 .text.nrfx_nvmc_word_write
                0x000000000000b17c       0x1c modules/hal_nordic/nrfx/libmodules__hal_nordic__nrfx.a(nrfx_nvmc.c.obj)
                0x000000000000b17c                nrfx_nvmc_word_write
 .text.nrfx_power_init
                0x000000000000b198       0x74 modules/hal_nordic/nrfx/libmodules__hal_nordic__nrfx.a(nrfx_power.c.obj)
                0x000000000000b198                nrfx_power_init
 .text.nrfx_power_usbevt_uninit
                0x000000000000b20c       0x18 modules/hal_nordic/nrfx/libmodules__hal_nordic__nrfx.a(nrfx_power.c.obj)
                0x000000000000b20c                nrfx_power_usbevt_uninit
 .text.nrfx_power_usbevt_init
                0x000000000000b224       0x14 modules/hal_nordic/nrfx/libmodules__hal_nordic__nrfx.a(nrfx_power.c.obj)
                0x000000000000b224                nrfx_power_usbevt_init
 .text.nrfx_power_irq_handler
                0x000000000000b238       0xa0 modules/hal_nordic/nrfx/libmodules__hal_nordic__nrfx.a(nrfx_power.c.obj)
                0x000000000000b238                nrfx_power_irq_handler
 .text.nrf52_errata_187
                0x000000000000b2d8       0x28 modules/hal_nordic/nrfx/libmodules__hal_nordic__nrfx.a(nrfx_usbd.c.obj)
 .text.ep_state_access
                0x000000000000b300       0x1c modules/hal_nordic/nrfx/libmodules__hal_nordic__nrfx.a(nrfx_usbd.c.obj)
 .text.ev_usbreset_handler
                0x000000000000b31c       0x2c modules/hal_nordic/nrfx/libmodules__hal_nordic__nrfx.a(nrfx_usbd.c.obj)
 .text.ev_usbevent_handler
                0x000000000000b348       0x74 modules/hal_nordic/nrfx/libmodules__hal_nordic__nrfx.a(nrfx_usbd.c.obj)
 .text.usbd_errata_187_211_begin
                0x000000000000b3bc       0x40 modules/hal_nordic/nrfx/libmodules__hal_nordic__nrfx.a(nrfx_usbd.c.obj)
 .text.usbd_errata_187_211_end
                0x000000000000b3fc       0x40 modules/hal_nordic/nrfx/libmodules__hal_nordic__nrfx.a(nrfx_usbd.c.obj)
 .text.nrfx_usbd_feeder_flash
                0x000000000000b43c       0x38 modules/hal_nordic/nrfx/libmodules__hal_nordic__nrfx.a(nrfx_usbd.c.obj)
                0x000000000000b43c                nrfx_usbd_feeder_flash
 .text.nrfx_usbd_feeder_flash_zlp
                0x000000000000b474       0x40 modules/hal_nordic/nrfx/libmodules__hal_nordic__nrfx.a(nrfx_usbd.c.obj)
                0x000000000000b474                nrfx_usbd_feeder_flash_zlp
 .text.ev_sof_handler
                0x000000000000b4b4       0x44 modules/hal_nordic/nrfx/libmodules__hal_nordic__nrfx.a(nrfx_usbd.c.obj)
 .text.atomic_and.constprop.0.isra.0
                0x000000000000b4f8       0x20 modules/hal_nordic/nrfx/libmodules__hal_nordic__nrfx.a(nrfx_usbd.c.obj)
 .text.usbd_dma_pending_clear
                0x000000000000b518       0x24 modules/hal_nordic/nrfx/libmodules__hal_nordic__nrfx.a(nrfx_usbd.c.obj)
 .text.nrf_usbd_ep0in_dma_handler
                0x000000000000b53c       0x2c modules/hal_nordic/nrfx/libmodules__hal_nordic__nrfx.a(nrfx_usbd.c.obj)
 .text.usbd_ep_data_handler
                0x000000000000b568       0x8c modules/hal_nordic/nrfx/libmodules__hal_nordic__nrfx.a(nrfx_usbd.c.obj)
 .text.ev_setup_data_handler
                0x000000000000b5f4       0x1c modules/hal_nordic/nrfx/libmodules__hal_nordic__nrfx.a(nrfx_usbd.c.obj)
 .text.ev_dma_epout8_handler
                0x000000000000b610       0x40 modules/hal_nordic/nrfx/libmodules__hal_nordic__nrfx.a(nrfx_usbd.c.obj)
 .text.ev_dma_epin8_handler
                0x000000000000b650       0x50 modules/hal_nordic/nrfx/libmodules__hal_nordic__nrfx.a(nrfx_usbd.c.obj)
 .text.nrfx_usbd_uninit
                0x000000000000b6a0       0x14 modules/hal_nordic/nrfx/libmodules__hal_nordic__nrfx.a(nrfx_usbd.c.obj)
                0x000000000000b6a0                nrfx_usbd_uninit
 .text.nrfx_usbd_enable
                0x000000000000b6b4      0x158 modules/hal_nordic/nrfx/libmodules__hal_nordic__nrfx.a(nrfx_usbd.c.obj)
                0x000000000000b6b4                nrfx_usbd_enable
 .text.nrfx_usbd_start
                0x000000000000b80c       0x3c modules/hal_nordic/nrfx/libmodules__hal_nordic__nrfx.a(nrfx_usbd.c.obj)
                0x000000000000b80c                nrfx_usbd_start
 .text.nrfx_usbd_is_enabled
                0x000000000000b848       0x14 modules/hal_nordic/nrfx/libmodules__hal_nordic__nrfx.a(nrfx_usbd.c.obj)
                0x000000000000b848                nrfx_usbd_is_enabled
 .text.nrfx_usbd_suspend
                0x000000000000b85c       0x58 modules/hal_nordic/nrfx/libmodules__hal_nordic__nrfx.a(nrfx_usbd.c.obj)
                0x000000000000b85c                nrfx_usbd_suspend
 .text.nrfx_usbd_wakeup_req
                0x000000000000b8b4       0x74 modules/hal_nordic/nrfx/libmodules__hal_nordic__nrfx.a(nrfx_usbd.c.obj)
                0x000000000000b8b4                nrfx_usbd_wakeup_req
 .text.nrfx_usbd_init
                0x000000000000b928       0x84 modules/hal_nordic/nrfx/libmodules__hal_nordic__nrfx.a(nrfx_usbd.c.obj)
                0x000000000000b928                nrfx_usbd_init
 .text.nrfx_usbd_ep_transfer
                0x000000000000b9ac       0xf4 modules/hal_nordic/nrfx/libmodules__hal_nordic__nrfx.a(nrfx_usbd.c.obj)
                0x000000000000b9ac                nrfx_usbd_ep_transfer
 .text.nrfx_usbd_epout_size_get
                0x000000000000baa0       0x28 modules/hal_nordic/nrfx/libmodules__hal_nordic__nrfx.a(nrfx_usbd.c.obj)
                0x000000000000baa0                nrfx_usbd_epout_size_get
 .text.usbd_dmareq_process
                0x000000000000bac8      0x1c0 modules/hal_nordic/nrfx/libmodules__hal_nordic__nrfx.a(nrfx_usbd.c.obj)
 .text.ev_epdata_handler
                0x000000000000bc88       0x44 modules/hal_nordic/nrfx/libmodules__hal_nordic__nrfx.a(nrfx_usbd.c.obj)
 .text.nrf_usbd_epout_dma_handler
                0x000000000000bccc       0x64 modules/hal_nordic/nrfx/libmodules__hal_nordic__nrfx.a(nrfx_usbd.c.obj)
 .text.nrfx_usbd_ep_stall
                0x000000000000bd30       0x10 modules/hal_nordic/nrfx/libmodules__hal_nordic__nrfx.a(nrfx_usbd.c.obj)
                0x000000000000bd30                nrfx_usbd_ep_stall
 .text.nrfx_usbd_ep_stall_check
                0x000000000000bd40       0x34 modules/hal_nordic/nrfx/libmodules__hal_nordic__nrfx.a(nrfx_usbd.c.obj)
                0x000000000000bd40                nrfx_usbd_ep_stall_check
 .text.nrfx_usbd_ep_dtoggle_clear
                0x000000000000bd74       0x18 modules/hal_nordic/nrfx/libmodules__hal_nordic__nrfx.a(nrfx_usbd.c.obj)
                0x000000000000bd74                nrfx_usbd_ep_dtoggle_clear
 .text.nrfx_usbd_setup_get
                0x000000000000bd8c       0x44 modules/hal_nordic/nrfx/libmodules__hal_nordic__nrfx.a(nrfx_usbd.c.obj)
                0x000000000000bd8c                nrfx_usbd_setup_get
 .text.nrfx_usbd_setup_data_clear
                0x000000000000bdd0       0x10 modules/hal_nordic/nrfx/libmodules__hal_nordic__nrfx.a(nrfx_usbd.c.obj)
                0x000000000000bdd0                nrfx_usbd_setup_data_clear
 .text.ev_dma_epout0_handler
                0x000000000000bde0       0x50 modules/hal_nordic/nrfx/libmodules__hal_nordic__nrfx.a(nrfx_usbd.c.obj)
 .text.nrfx_usbd_setup_clear
                0x000000000000be30       0x10 modules/hal_nordic/nrfx/libmodules__hal_nordic__nrfx.a(nrfx_usbd.c.obj)
                0x000000000000be30                nrfx_usbd_setup_clear
 .text.nrfx_usbd_setup_stall
                0x000000000000be40       0x10 modules/hal_nordic/nrfx/libmodules__hal_nordic__nrfx.a(nrfx_usbd.c.obj)
                0x000000000000be40                nrfx_usbd_setup_stall
 .text.nrfx_usbd_last_setup_dir_get
                0x000000000000be50        0xc modules/hal_nordic/nrfx/libmodules__hal_nordic__nrfx.a(nrfx_usbd.c.obj)
                0x000000000000be50                nrfx_usbd_last_setup_dir_get
 .text.nrfx_usbd_transfer_out_drop
                0x000000000000be5c       0x54 modules/hal_nordic/nrfx/libmodules__hal_nordic__nrfx.a(nrfx_usbd.c.obj)
                0x000000000000be5c                nrfx_usbd_transfer_out_drop
 .text.usbd_ep_abort
                0x000000000000beb0       0xf4 modules/hal_nordic/nrfx/libmodules__hal_nordic__nrfx.a(nrfx_usbd.c.obj)
 .text.ev_setup_handler
                0x000000000000bfa4       0x68 modules/hal_nordic/nrfx/libmodules__hal_nordic__nrfx.a(nrfx_usbd.c.obj)
 .text.nrfx_usbd_irq_handler
                0x000000000000c00c       0x7c modules/hal_nordic/nrfx/libmodules__hal_nordic__nrfx.a(nrfx_usbd.c.obj)
                0x000000000000c00c                nrfx_usbd_irq_handler
 .text.nrfx_usbd_stop
                0x000000000000c088       0x80 modules/hal_nordic/nrfx/libmodules__hal_nordic__nrfx.a(nrfx_usbd.c.obj)
                0x000000000000c088                nrfx_usbd_stop
 .text.nrfx_usbd_disable
                0x000000000000c108       0x60 modules/hal_nordic/nrfx/libmodules__hal_nordic__nrfx.a(nrfx_usbd.c.obj)
                0x000000000000c108                nrfx_usbd_disable
 .text.nrfx_usbd_ep_disable
                0x000000000000c168       0x58 modules/hal_nordic/nrfx/libmodules__hal_nordic__nrfx.a(nrfx_usbd.c.obj)
                0x000000000000c168                nrfx_usbd_ep_disable
 .text.nrfx_usbd_ep_enable
                0x000000000000c1c0       0xa8 modules/hal_nordic/nrfx/libmodules__hal_nordic__nrfx.a(nrfx_usbd.c.obj)
                0x000000000000c1c0                nrfx_usbd_ep_enable
 .text.nrfx_usbd_ep_stall_clear
                0x000000000000c268       0x20 modules/hal_nordic/nrfx/libmodules__hal_nordic__nrfx.a(nrfx_usbd.c.obj)
                0x000000000000c268                nrfx_usbd_ep_stall_clear
 .text.bvd_init
                0x000000000000c288       0x54 modules/module/drivers/sensor/battery/lib..__zmk__app__module__drivers__sensor__battery.a(battery_voltage_divider.c.obj)
 .text.bvd_sample_fetch
                0x000000000000c2dc       0x84 modules/module/drivers/sensor/battery/lib..__zmk__app__module__drivers__sensor__battery.a(battery_voltage_divider.c.obj)
 .text.ec11_channel_get
                0x000000000000c360       0x58 modules/module/drivers/sensor/ec11/lib..__zmk__app__module__drivers__sensor__ec11.a(ec11.c.obj)
 .text.ec11_init_interrupt
                0x000000000000c3b8       0x6c modules/module/drivers/sensor/ec11/lib..__zmk__app__module__drivers__sensor__ec11.a(ec11_trigger.c.obj)
                0x000000000000c3b8                ec11_init_interrupt
 .text.z_device_get_all_static
                0x000000000000c424       0x18 zephyr/kernel/libkernel.a(device.c.obj)
                0x000000000000c424                z_device_get_all_static
 .text.z_impl_device_get_binding
                0x000000000000c43c       0x54 zephyr/kernel/libkernel.a(device.c.obj)
                0x000000000000c43c                z_impl_device_get_binding
 .text.z_fatal_error
                0x000000000000c490       0x30 zephyr/kernel/libkernel.a(fatal.c.obj)
                0x000000000000c490                z_fatal_error
 .text.z_sys_init_run_level
                0x000000000000c4c0       0x48 zephyr/kernel/libkernel.a(init.c.obj)
 .text.bg_thread_main
                0x000000000000c508       0x34 zephyr/kernel/libkernel.a(init.c.obj)
 .text.z_bss_zero
                0x000000000000c53c       0x18 zephyr/kernel/libkernel.a(init.c.obj)
                0x000000000000c53c                z_bss_zero
 .text.z_init_cpu
                0x000000000000c554       0x84 zephyr/kernel/libkernel.a(init.c.obj)
                0x000000000000c554                z_init_cpu
 .text.z_cstart
                0x000000000000c5d8       0xdc zephyr/kernel/libkernel.a(init.c.obj)
                0x000000000000c5d8                z_cstart
 .text.init_mem_slab_obj_core_list
                0x000000000000c6b4       0x24 zephyr/kernel/libkernel.a(mem_slab.c.obj)
 .text.k_mem_slab_alloc
                0x000000000000c6d8       0x5c zephyr/kernel/libkernel.a(mem_slab.c.obj)
                0x000000000000c6d8                k_mem_slab_alloc
 .text.z_setup_new_thread
                0x000000000000c734       0x60 zephyr/kernel/libkernel.a(thread.c.obj)
                0x000000000000c734                z_setup_new_thread
 .text.z_impl_k_thread_create
                0x000000000000c794       0x58 zephyr/kernel/libkernel.a(thread.c.obj)
                0x000000000000c794                z_impl_k_thread_create
 .text.z_init_static_threads
                0x000000000000c7ec       0x98 zephyr/kernel/libkernel.a(thread.c.obj)
                0x000000000000c7ec                z_init_static_threads
 .text.z_impl_k_msgq_put
                0x000000000000c884       0xa0 zephyr/kernel/libkernel.a(msg_q.c.obj)
                0x000000000000c884                z_impl_k_msgq_put
 .text.z_impl_k_msgq_get
                0x000000000000c924       0xb4 zephyr/kernel/libkernel.a(msg_q.c.obj)
                0x000000000000c924                z_impl_k_msgq_get
 .text.z_impl_k_mutex_lock
                0x000000000000c9d8       0xf4 zephyr/kernel/libkernel.a(mutex.c.obj)
                0x000000000000c9d8                z_impl_k_mutex_lock
 .text.z_impl_k_mutex_unlock
                0x000000000000cacc       0x78 zephyr/kernel/libkernel.a(mutex.c.obj)
                0x000000000000cacc                z_impl_k_mutex_unlock
 .text.z_impl_k_queue_get
                0x000000000000cb44       0x68 zephyr/kernel/libkernel.a(queue.c.obj)
                0x000000000000cb44                z_impl_k_queue_get
 .text.z_impl_k_sem_give
                0x000000000000cbac       0x48 zephyr/kernel/libkernel.a(sem.c.obj)
                0x000000000000cbac                z_impl_k_sem_give
 .text.z_impl_k_sem_take
                0x000000000000cbf4       0x50 zephyr/kernel/libkernel.a(sem.c.obj)
                0x000000000000cbf4                z_impl_k_sem_take
 .text.k_sys_work_q_init
                0x000000000000cc44       0x34 zephyr/kernel/libkernel.a(system_work_q.c.obj)
 .text.submit_to_queue_locked
                0x000000000000cc78       0xb4 zephyr/kernel/libkernel.a(work.c.obj)
 .text.k_work_submit
                0x000000000000cd2c        0xc zephyr/kernel/libkernel.a(work.c.obj)
                0x000000000000cd2c                k_work_submit
 .text.k_work_queue_start
                0x000000000000cd38       0x70 zephyr/kernel/libkernel.a(work.c.obj)
                0x000000000000cd38                k_work_queue_start
 .text.k_work_schedule_for_queue
                0x000000000000cda8       0x54 zephyr/kernel/libkernel.a(work.c.obj)
                0x000000000000cda8                k_work_schedule_for_queue
 .text.k_work_schedule
                0x000000000000cdfc        0xc zephyr/kernel/libkernel.a(work.c.obj)
                0x000000000000cdfc                k_work_schedule
 .text.k_work_reschedule_for_queue
                0x000000000000ce08       0x5c zephyr/kernel/libkernel.a(work.c.obj)
                0x000000000000ce08                k_work_reschedule_for_queue
 .text.k_work_reschedule
                0x000000000000ce64        0xc zephyr/kernel/libkernel.a(work.c.obj)
                0x000000000000ce64                k_work_reschedule
 .text.sliceable
                0x000000000000ce70       0x3c zephyr/kernel/libkernel.a(sched.c.obj)
 .text.slice_timeout
                0x000000000000ceac       0x20 zephyr/kernel/libkernel.a(sched.c.obj)
 .text.z_reset_time_slice
                0x000000000000cecc       0x50 zephyr/kernel/libkernel.a(sched.c.obj)
                0x000000000000cecc                z_reset_time_slice
 .text.update_cache
                0x000000000000cf1c       0x3c zephyr/kernel/libkernel.a(sched.c.obj)
 .text.move_thread_to_end_of_prio_q
                0x000000000000cf58       0x74 zephyr/kernel/libkernel.a(sched.c.obj)
 .text.ready_thread
                0x000000000000cfcc       0x68 zephyr/kernel/libkernel.a(sched.c.obj)
 .text.unready_thread
                0x000000000000d034       0x30 zephyr/kernel/libkernel.a(sched.c.obj)
 .text.pend_locked
                0x000000000000d064       0x30 zephyr/kernel/libkernel.a(sched.c.obj)
 .text.z_time_slice
                0x000000000000d094       0x60 zephyr/kernel/libkernel.a(sched.c.obj)
                0x000000000000d094                z_time_slice
 .text.z_pend_curr
                0x000000000000d0f4       0x3c zephyr/kernel/libkernel.a(sched.c.obj)
                0x000000000000d0f4                z_pend_curr
 .text.z_set_prio
                0x000000000000d130       0x8c zephyr/kernel/libkernel.a(sched.c.obj)
                0x000000000000d130                z_set_prio
 .text.z_reschedule
                0x000000000000d1bc       0x24 zephyr/kernel/libkernel.a(sched.c.obj)
                0x000000000000d1bc                z_reschedule
 .text.z_sched_start
                0x000000000000d1e0       0x3c zephyr/kernel/libkernel.a(sched.c.obj)
                0x000000000000d1e0                z_sched_start
 .text.z_impl_k_thread_suspend
                0x000000000000d21c       0x64 zephyr/kernel/libkernel.a(sched.c.obj)
                0x000000000000d21c                z_impl_k_thread_suspend
 .text.k_sched_lock
                0x000000000000d280       0x28 zephyr/kernel/libkernel.a(sched.c.obj)
                0x000000000000d280                k_sched_lock
 .text.k_sched_unlock
                0x000000000000d2a8       0x38 zephyr/kernel/libkernel.a(sched.c.obj)
                0x000000000000d2a8                k_sched_unlock
 .text.z_sched_init
                0x000000000000d2e0       0x10 zephyr/kernel/libkernel.a(sched.c.obj)
                0x000000000000d2e0                z_sched_init
 .text.z_impl_k_yield
                0x000000000000d2f0       0x7c zephyr/kernel/libkernel.a(sched.c.obj)
                0x000000000000d2f0                z_impl_k_yield
 .text.z_tick_sleep
                0x000000000000d36c       0x88 zephyr/kernel/libkernel.a(sched.c.obj)
 .text.z_impl_k_sleep
                0x000000000000d3f4       0x34 zephyr/kernel/libkernel.a(sched.c.obj)
                0x000000000000d3f4                z_impl_k_sleep
 .text.z_impl_k_usleep
                0x000000000000d428       0x34 zephyr/kernel/libkernel.a(sched.c.obj)
                0x000000000000d428                z_impl_k_usleep
 .text.z_impl_k_sched_current_thread_query
                0x000000000000d45c        0xc zephyr/kernel/libkernel.a(sched.c.obj)
                0x000000000000d45c                z_impl_k_sched_current_thread_query
 .text.z_thread_abort
                0x000000000000d468       0xc8 zephyr/kernel/libkernel.a(sched.c.obj)
                0x000000000000d468                z_thread_abort
 .text.z_sched_wait
                0x000000000000d530       0x24 zephyr/kernel/libkernel.a(sched.c.obj)
                0x000000000000d530                z_sched_wait
 .text.z_data_copy
                0x000000000000d554       0x34 zephyr/kernel/libkernel.a(xip.c.obj)
                0x000000000000d554                z_data_copy
 .text.elapsed  0x000000000000d588       0x14 zephyr/kernel/libkernel.a(timeout.c.obj)
 .text.next_timeout
                0x000000000000d59c       0x40 zephyr/kernel/libkernel.a(timeout.c.obj)
 .text.remove_timeout
                0x000000000000d5dc       0x38 zephyr/kernel/libkernel.a(timeout.c.obj)
 .text.z_add_timeout
                0x000000000000d614       0xec zephyr/kernel/libkernel.a(timeout.c.obj)
                0x000000000000d614                z_add_timeout
 .text.sys_clock_announce
                0x000000000000d700       0xd4 zephyr/kernel/libkernel.a(timeout.c.obj)
                0x000000000000d700                sys_clock_announce
 .text.sys_clock_tick_get
                0x000000000000d7d4       0x34 zephyr/kernel/libkernel.a(timeout.c.obj)
                0x000000000000d7d4                sys_clock_tick_get
 .text.z_timer_expiration_handler
                0x000000000000d808       0xe4 zephyr/kernel/libkernel.a(timer.c.obj)
                0x000000000000d808                z_timer_expiration_handler
 .text.z_impl_k_timer_start
                0x000000000000d8ec       0x5c zephyr/kernel/libkernel.a(timer.c.obj)
                0x000000000000d8ec                z_impl_k_timer_start
 .text.z_thread_aligned_alloc
                0x000000000000d948       0x40 zephyr/kernel/libkernel.a(mempool.c.obj)
                0x000000000000d948                z_thread_aligned_alloc
 .text.boot_banner
                0x000000000000d988        0xc zephyr/kernel/libkernel.a(banner.c.obj)
                0x000000000000d988                boot_banner
 .text.statics_init
                0x000000000000d994       0x24 zephyr/kernel/libkernel.a(kheap.c.obj)
 .text.exit     0x000000000000d9b8       0x28 /Users/kade/zephyr-sdk-0.17.4/arm-zephyr-eabi/arm-zephyr-eabi/lib/thumb/v7e-m+fp/hard/libc.a(lib_a-exit.o)
                0x000000000000d9b8                exit
 .text.malloc   0x000000000000d9e0       0x10 /Users/kade/zephyr-sdk-0.17.4/arm-zephyr-eabi/arm-zephyr-eabi/lib/thumb/v7e-m+fp/hard/libc.a(lib_a-malloc.o)
                0x000000000000d9e0                malloc
 .text.free     0x000000000000d9f0       0x10 /Users/kade/zephyr-sdk-0.17.4/arm-zephyr-eabi/arm-zephyr-eabi/lib/thumb/v7e-m+fp/hard/libc.a(lib_a-malloc.o)
                0x000000000000d9f0                free
 .text._malloc_r
                0x000000000000da00      0x578 /Users/kade/zephyr-sdk-0.17.4/arm-zephyr-eabi/arm-zephyr-eabi/lib/thumb/v7e-m+fp/hard/libc.a(lib_a-mallocr.o)
                0x000000000000da00                _malloc_r
 .text.memcmp   0x000000000000df78       0x60 /Users/kade/zephyr-sdk-0.17.4/arm-zephyr-eabi/arm-zephyr-eabi/lib/thumb/v7e-m+fp/hard/libc.a(lib_a-memcmp.o)
                0x000000000000df78                memcmp
 .text.__memcpy_chk
                0x000000000000dfd8       0x28 /Users/kade/zephyr-sdk-0.17.4/arm-zephyr-eabi/arm-zephyr-eabi/lib/thumb/v7e-m+fp/hard/libc.a(lib_a-memcpy_chk.o)
                0x000000000000dfd8                __memcpy_chk
 .text.memset   0x000000000000e000       0xa4 /Users/kade/zephyr-sdk-0.17.4/arm-zephyr-eabi/arm-zephyr-eabi/lib/thumb/v7e-m+fp/hard/libc.a(lib_a-memset.o)
                0x000000000000e000                memset
 .text.__malloc_lock
                0x000000000000e0a4        0xc /Users/kade/zephyr-sdk-0.17.4/arm-zephyr-eabi/arm-zephyr-eabi/lib/thumb/v7e-m+fp/hard/libc.a(lib_a-mlock.o)
                0x000000000000e0a4                __malloc_lock
 .text.__malloc_unlock
                0x000000000000e0b0        0xc /Users/kade/zephyr-sdk-0.17.4/arm-zephyr-eabi/arm-zephyr-eabi/lib/thumb/v7e-m+fp/hard/libc.a(lib_a-mlock.o)
                0x000000000000e0b0                __malloc_unlock
 .text.qsort    0x000000000000e0bc      0x5fc /Users/kade/zephyr-sdk-0.17.4/arm-zephyr-eabi/arm-zephyr-eabi/lib/thumb/v7e-m+fp/hard/libc.a(lib_a-qsort.o)
                0x000000000000e0bc                qsort
 .text._sbrk_r  0x000000000000e6b8       0x24 /Users/kade/zephyr-sdk-0.17.4/arm-zephyr-eabi/arm-zephyr-eabi/lib/thumb/v7e-m+fp/hard/libc.a(lib_a-sbrkr.o)
                0x000000000000e6b8                _sbrk_r
 .text.snprintf
                0x000000000000e6dc       0x88 /Users/kade/zephyr-sdk-0.17.4/arm-zephyr-eabi/arm-zephyr-eabi/lib/thumb/v7e-m+fp/hard/libc.a(lib_a-snprintf.o)
                0x000000000000e6dc                snprintf
 .text.quorem   0x000000000000e764      0x12c /Users/kade/zephyr-sdk-0.17.4/arm-zephyr-eabi/arm-zephyr-eabi/lib/thumb/v7e-m+fp/hard/libc.a(lib_a-dtoa.o)
 .text._malloc_trim_r
                0x000000000000e890       0x9c /Users/kade/zephyr-sdk-0.17.4/arm-zephyr-eabi/arm-zephyr-eabi/lib/thumb/v7e-m+fp/hard/libc.a(lib_a-freer.o)
                0x000000000000e890                _malloc_trim_r
 .text._free_r  0x000000000000e92c      0x1fc /Users/kade/zephyr-sdk-0.17.4/arm-zephyr-eabi/arm-zephyr-eabi/lib/thumb/v7e-m+fp/hard/libc.a(lib_a-freer.o)
                0x000000000000e92c                _free_r
 .text._localeconv_r
                0x000000000000eb28        0x8 /Users/kade/zephyr-sdk-0.17.4/arm-zephyr-eabi/arm-zephyr-eabi/lib/thumb/v7e-m+fp/hard/libc.a(lib_a-localeconv.o)
                0x000000000000eb28                _localeconv_r
 .text._Balloc  0x000000000000eb30       0x4c /Users/kade/zephyr-sdk-0.17.4/arm-zephyr-eabi/arm-zephyr-eabi/lib/thumb/v7e-m+fp/hard/libc.a(lib_a-mprec.o)
                0x000000000000eb30                _Balloc
 .text._Bfree   0x000000000000eb7c       0x14 /Users/kade/zephyr-sdk-0.17.4/arm-zephyr-eabi/arm-zephyr-eabi/lib/thumb/v7e-m+fp/hard/libc.a(lib_a-mprec.o)
                0x000000000000eb7c                _Bfree
 .text.__multadd
                0x000000000000eb90       0xa0 /Users/kade/zephyr-sdk-0.17.4/arm-zephyr-eabi/arm-zephyr-eabi/lib/thumb/v7e-m+fp/hard/libc.a(lib_a-mprec.o)
                0x000000000000eb90                __multadd
 .text.__hi0bits
                0x000000000000ec30       0x44 /Users/kade/zephyr-sdk-0.17.4/arm-zephyr-eabi/arm-zephyr-eabi/lib/thumb/v7e-m+fp/hard/libc.a(lib_a-mprec.o)
                0x000000000000ec30                __hi0bits
 .text.__lo0bits
                0x000000000000ec74       0x60 /Users/kade/zephyr-sdk-0.17.4/arm-zephyr-eabi/arm-zephyr-eabi/lib/thumb/v7e-m+fp/hard/libc.a(lib_a-mprec.o)
                0x000000000000ec74                __lo0bits
 .text.__i2b    0x000000000000ecd4       0x5c /Users/kade/zephyr-sdk-0.17.4/arm-zephyr-eabi/arm-zephyr-eabi/lib/thumb/v7e-m+fp/hard/libc.a(lib_a-mprec.o)
                0x000000000000ecd4                __i2b
 .text.__multiply
                0x000000000000ed30      0x16c /Users/kade/zephyr-sdk-0.17.4/arm-zephyr-eabi/arm-zephyr-eabi/lib/thumb/v7e-m+fp/hard/libc.a(lib_a-mprec.o)
                0x000000000000ed30                __multiply
 .text.__pow5mult
                0x000000000000ee9c       0xb4 /Users/kade/zephyr-sdk-0.17.4/arm-zephyr-eabi/arm-zephyr-eabi/lib/thumb/v7e-m+fp/hard/libc.a(lib_a-mprec.o)
                0x000000000000ee9c                __pow5mult
 .text.__lshift
                0x000000000000ef50       0xf0 /Users/kade/zephyr-sdk-0.17.4/arm-zephyr-eabi/arm-zephyr-eabi/lib/thumb/v7e-m+fp/hard/libc.a(lib_a-mprec.o)
                0x000000000000ef50                __lshift
 .text.__mcmp   0x000000000000f040       0x44 /Users/kade/zephyr-sdk-0.17.4/arm-zephyr-eabi/arm-zephyr-eabi/lib/thumb/v7e-m+fp/hard/libc.a(lib_a-mprec.o)
                0x000000000000f040                __mcmp
 .text.__mdiff  0x000000000000f084      0x164 /Users/kade/zephyr-sdk-0.17.4/arm-zephyr-eabi/arm-zephyr-eabi/lib/thumb/v7e-m+fp/hard/libc.a(lib_a-mprec.o)
                0x000000000000f084                __mdiff
 .text.__d2b    0x000000000000f1e8       0xc0 /Users/kade/zephyr-sdk-0.17.4/arm-zephyr-eabi/arm-zephyr-eabi/lib/thumb/v7e-m+fp/hard/libc.a(lib_a-mprec.o)
                0x000000000000f1e8                __d2b
 .text.frexp    0x000000000000f2a8       0x68 /Users/kade/zephyr-sdk-0.17.4/arm-zephyr-eabi/arm-zephyr-eabi/lib/thumb/v7e-m+fp/hard/libc.a(lib_a-s_frexp.o)
                0x000000000000f2a8                frexp
 .text.strncpy  0x000000000000f310       0x68 /Users/kade/zephyr-sdk-0.17.4/arm-zephyr-eabi/arm-zephyr-eabi/lib/thumb/v7e-m+fp/hard/libc.a(lib_a-strncpy.o)
                0x000000000000f310                strncpy
 .text.__ssprint_r
                0x000000000000f378      0x108 /Users/kade/zephyr-sdk-0.17.4/arm-zephyr-eabi/arm-zephyr-eabi/lib/thumb/v7e-m+fp/hard/libc.a(lib_a-svfiprintf.o)
                0x000000000000f378                __ssprint_r
 .text.__assert_func
                0x000000000000f480       0x40 /Users/kade/zephyr-sdk-0.17.4/arm-zephyr-eabi/arm-zephyr-eabi/lib/thumb/v7e-m+fp/hard/libc.a(lib_a-assert.o)
                0x000000000000f480                __assert_func
 .text._calloc_r
                0x000000000000f4c0       0x60 /Users/kade/zephyr-sdk-0.17.4/arm-zephyr-eabi/arm-zephyr-eabi/lib/thumb/v7e-m+fp/hard/libc.a(lib_a-callocr.o)
                0x000000000000f4c0                _calloc_r
 .text.fiprintf
                0x000000000000f520       0x28 /Users/kade/zephyr-sdk-0.17.4/arm-zephyr-eabi/arm-zephyr-eabi/lib/thumb/v7e-m+fp/hard/libc.a(lib_a-fiprintf.o)
                0x000000000000f520                fiprintf
 .text.__ascii_mbtowc
                0x000000000000f548       0x2c /Users/kade/zephyr-sdk-0.17.4/arm-zephyr-eabi/arm-zephyr-eabi/lib/thumb/v7e-m+fp/hard/libc.a(lib_a-mbtowc_r.o)
                0x000000000000f548                __ascii_mbtowc
 .text.memmove  0x000000000000f574      0x100 /Users/kade/zephyr-sdk-0.17.4/arm-zephyr-eabi/arm-zephyr-eabi/lib/thumb/v7e-m+fp/hard/libc.a(lib_a-memmove.o)
                0x000000000000f574                memmove
 .text._realloc_r
                0x000000000000f674      0x344 /Users/kade/zephyr-sdk-0.17.4/arm-zephyr-eabi/arm-zephyr-eabi/lib/thumb/v7e-m+fp/hard/libc.a(lib_a-reallocr.o)
                0x000000000000f674                _realloc_r
 .text._vfiprintf_r
                0x000000000000f9b8      0xd94 /Users/kade/zephyr-sdk-0.17.4/arm-zephyr-eabi/arm-zephyr-eabi/lib/thumb/v7e-m+fp/hard/libc.a(lib_a-vfiprintf.o)
                0x000000000000f9b8                _vfiprintf_r
 .text.__sbprintf
                0x000000000001074c       0x80 /Users/kade/zephyr-sdk-0.17.4/arm-zephyr-eabi/arm-zephyr-eabi/lib/thumb/v7e-m+fp/hard/libc.a(lib_a-vfiprintf.o)
 .text.__ascii_wctomb
                0x00000000000107cc       0x1c /Users/kade/zephyr-sdk-0.17.4/arm-zephyr-eabi/arm-zephyr-eabi/lib/thumb/v7e-m+fp/hard/libc.a(lib_a-wctomb_r.o)
                0x00000000000107cc                __ascii_wctomb
 .text.__swsetup_r
                0x00000000000107e8       0xc4 /Users/kade/zephyr-sdk-0.17.4/arm-zephyr-eabi/arm-zephyr-eabi/lib/thumb/v7e-m+fp/hard/libc.a(lib_a-wsetup.o)
                0x00000000000107e8                __swsetup_r
 .text.__sflush_r
                0x00000000000108ac      0x120 /Users/kade/zephyr-sdk-0.17.4/arm-zephyr-eabi/arm-zephyr-eabi/lib/thumb/v7e-m+fp/hard/libc.a(lib_a-fflush.o)
                0x00000000000108ac                __sflush_r
 .text._fflush_r
                0x00000000000109cc       0x5c /Users/kade/zephyr-sdk-0.17.4/arm-zephyr-eabi/arm-zephyr-eabi/lib/thumb/v7e-m+fp/hard/libc.a(lib_a-fflush.o)
                0x00000000000109cc                _fflush_r
 .text._cleanup_r
                0x0000000000010a28        0xc /Users/kade/zephyr-sdk-0.17.4/arm-zephyr-eabi/arm-zephyr-eabi/lib/thumb/v7e-m+fp/hard/libc.a(lib_a-findfp.o)
                0x0000000000010a28                _cleanup_r
 .text.__sinit  0x0000000000010a34      0x10c /Users/kade/zephyr-sdk-0.17.4/arm-zephyr-eabi/arm-zephyr-eabi/lib/thumb/v7e-m+fp/hard/libc.a(lib_a-findfp.o)
                0x0000000000010a34                __sinit
 .text.__sfvwrite_r
                0x0000000000010b40      0x300 /Users/kade/zephyr-sdk-0.17.4/arm-zephyr-eabi/arm-zephyr-eabi/lib/thumb/v7e-m+fp/hard/libc.a(lib_a-fvwrite.o)
                0x0000000000010b40                __sfvwrite_r
 .text._fwalk_reent
                0x0000000000010e40       0x48 /Users/kade/zephyr-sdk-0.17.4/arm-zephyr-eabi/arm-zephyr-eabi/lib/thumb/v7e-m+fp/hard/libc.a(lib_a-fwalk.o)
                0x0000000000010e40                _fwalk_reent
 .text.__smakebuf_r
                0x0000000000010e88       0xc4 /Users/kade/zephyr-sdk-0.17.4/arm-zephyr-eabi/arm-zephyr-eabi/lib/thumb/v7e-m+fp/hard/libc.a(lib_a-makebuf.o)
                0x0000000000010e88                __smakebuf_r
 .text.__sread  0x0000000000010f4c       0x24 /Users/kade/zephyr-sdk-0.17.4/arm-zephyr-eabi/arm-zephyr-eabi/lib/thumb/v7e-m+fp/hard/libc.a(lib_a-stdio.o)
                0x0000000000010f4c                __sread
 .text.__swrite
                0x0000000000010f70       0x40 /Users/kade/zephyr-sdk-0.17.4/arm-zephyr-eabi/arm-zephyr-eabi/lib/thumb/v7e-m+fp/hard/libc.a(lib_a-stdio.o)
                0x0000000000010f70                __swrite
 .text.__sseek  0x0000000000010fb0       0x24 /Users/kade/zephyr-sdk-0.17.4/arm-zephyr-eabi/arm-zephyr-eabi/lib/thumb/v7e-m+fp/hard/libc.a(lib_a-stdio.o)
                0x0000000000010fb0                __sseek
 .text.__sclose
                0x0000000000010fd4        0x8 /Users/kade/zephyr-sdk-0.17.4/arm-zephyr-eabi/arm-zephyr-eabi/lib/thumb/v7e-m+fp/hard/libc.a(lib_a-stdio.o)
                0x0000000000010fd4                __sclose
 .text._write_r
                0x0000000000010fdc       0x2c /Users/kade/zephyr-sdk-0.17.4/arm-zephyr-eabi/arm-zephyr-eabi/lib/thumb/v7e-m+fp/hard/libc.a(lib_a-writer.o)
                0x0000000000010fdc                _write_r
 .text._close_r
                0x0000000000011008       0x24 /Users/kade/zephyr-sdk-0.17.4/arm-zephyr-eabi/arm-zephyr-eabi/lib/thumb/v7e-m+fp/hard/libc.a(lib_a-closer.o)
                0x0000000000011008                _close_r
 .text._fstat_r
                0x000000000001102c       0x2c /Users/kade/zephyr-sdk-0.17.4/arm-zephyr-eabi/arm-zephyr-eabi/lib/thumb/v7e-m+fp/hard/libc.a(lib_a-fstatr.o)
                0x000000000001102c                _fstat_r
 .text._isatty_r
                0x0000000000011058       0x24 /Users/kade/zephyr-sdk-0.17.4/arm-zephyr-eabi/arm-zephyr-eabi/lib/thumb/v7e-m+fp/hard/libc.a(lib_a-isattyr.o)
                0x0000000000011058                _isatty_r
 .text._lseek_r
                0x000000000001107c       0x2c /Users/kade/zephyr-sdk-0.17.4/arm-zephyr-eabi/arm-zephyr-eabi/lib/thumb/v7e-m+fp/hard/libc.a(lib_a-lseekr.o)
                0x000000000001107c                _lseek_r
 .text._read_r  0x00000000000110a8       0x2c /Users/kade/zephyr-sdk-0.17.4/arm-zephyr-eabi/arm-zephyr-eabi/lib/thumb/v7e-m+fp/hard/libc.a(lib_a-readr.o)
                0x00000000000110a8                _read_r
 .text._OffsetAbsSyms
                0x00000000000110d4        0x2 zephyr/CMakeFiles/offsets.dir/./arch/arm/core/offsets/offsets.c.obj
                0x00000000000110d4                _OffsetAbsSyms
 .text.strlcpy  0x00000000000110d6       0x2c app/libapp.a(stdlib.c.obj)
                0x00000000000110d6                strlcpy
 .text.zmk_behavior_get_binding
                0x0000000000011102        0x4 app/libapp.a(behavior.c.obj)
                0x0000000000011102                zmk_behavior_get_binding
 .text.invoke_locally
                0x0000000000011106       0xa8 app/libapp.a(behavior.c.obj)
 .text.zmk_behavior_invoke_binding
                0x00000000000111ae       0xd8 app/libapp.a(behavior.c.obj)
                0x00000000000111ae                zmk_behavior_invoke_binding
 .text.zmk_matrix_transform_row_column_to_position
                0x0000000000011286       0x34 app/libapp.a(matrix_transform.c.obj)
                0x0000000000011286                zmk_matrix_transform_row_column_to_position
 .text.zmk_physical_layouts_get_position_map
                0x00000000000112ba       0x1a app/libapp.a(physical_layouts.c.obj)