Archive member included to satisfy reference by file (symbol)

app/libapp.a(stdlib.c.obj)    (--whole-archive)
app/libapp.a(activity.c.obj)  (--whole-archive)
app/libapp.a(behavior.c.obj)  (--whole-archive)
app/libapp.a(matrix_transform.c.obj)
                              (--whole-archive)
app/libapp.a(physical_layouts.c.obj)
                              (--whole-archive)
app/libapp.a(sensors.c.obj)   (--whole-archive)
app/libapp.a(event_manager.c.obj)
                              (--whole-archive)
app/libapp.a(pm.c.obj)        (--whole-archive)
app/libapp.a(activity_state_changed.c.obj)
                              (--whole-archive)
app/libapp.a(position_state_changed.c.obj)
                              (--whole-archive)
app/libapp.a(sensor_event.c.obj)
                              (--whole-archive)
app/libapp.a(usb_conn_state_changed.c.obj)
                              (--whole-archive)
app/libapp.a(behavior_reset.c.obj)
                              (--whole-archive)
app/libapp.a(hid.c.obj)       (--whole-archive)
app/libapp.a(behavior_key_press.c.obj)
                              (--whole-archive)
app/libapp.a(behavior_caps_word.c.obj)
                              (--whole-archive)
app/libapp.a(behavior_key_repeat.c.obj)
                              (--whole-archive)
app/libapp.a(behavior_momentary_layer.c.obj)
                              (--whole-archive)
app/libapp.a(behavior_mod_morph.c.obj)
                              (--whole-archive)
app/libapp.a(behavior_outputs.c.obj)
                              (--whole-archive)
app/libapp.a(behavior_toggle_layer.c.obj)
                              (--whole-archive)
app/libapp.a(behavior_to_layer.c.obj)
                              (--whole-archive)
app/libapp.a(behavior_transparent.c.obj)
                              (--whole-archive)
app/libapp.a(behavior_none.c.obj)
                              (--whole-archive)
app/libapp.a(behavior_sensor_rotate_var.c.obj)
                              (--whole-archive)
app/libapp.a(behavior_sensor_rotate_common.c.obj)
                              (--whole-archive)
app/libapp.a(combo.c.obj)     (--whole-archive)
app/libapp.a(behavior_queue.c.obj)
                              (--whole-archive)
app/libapp.a(conditional_layer.c.obj)
                              (--whole-archive)
app/libapp.a(endpoints.c.obj)
                              (--whole-archive)
app/libapp.a(endpoint_changed.c.obj)
                              (--whole-archive)
app/libapp.a(hid_listener.c.obj)
                              (--whole-archive)
app/libapp.a(keymap.c.obj)    (--whole-archive)
app/libapp.a(layer_state_changed.c.obj)
                              (--whole-archive)
app/libapp.a(modifiers_state_changed.c.obj)
                              (--whole-archive)
app/libapp.a(keycode_state_changed.c.obj)
                              (--whole-archive)
app/libapp.a(split_peripheral_status_changed.c.obj)
                              (--whole-archive)
app/libapp.a(central.c.obj)   (--whole-archive)
app/libapp.a(usb.c.obj)       (--whole-archive)
app/libapp.a(usb_hid.c.obj)   (--whole-archive)
app/libapp.a(main.c.obj)      (--whole-archive)
app/libapp.a(reset_settings_nvs.c.obj)
                              (--whole-archive)
app/libapp.a(reset_settings_on_start.c.obj)
                              (--whole-archive)
zephyr/libzephyr.a(crc32c_sw.c.obj)
                              (--whole-archive)
zephyr/libzephyr.a(crc32_sw.c.obj)
                              (--whole-archive)
zephyr/libzephyr.a(crc16_sw.c.obj)
                              (--whole-archive)
zephyr/libzephyr.a(crc8_sw.c.obj)
                              (--whole-archive)
zephyr/libzephyr.a(crc7_sw.c.obj)
                              (--whole-archive)
zephyr/libzephyr.a(crc4_sw.c.obj)
                              (--whole-archive)
zephyr/libzephyr.a(cbprintf_packaged.c.obj)
                              (--whole-archive)
zephyr/libzephyr.a(dec.c.obj)
                              (--whole-archive)
zephyr/libzephyr.a(hex.c.obj)
                              (--whole-archive)
zephyr/libzephyr.a(printk.c.obj)
                              (--whole-archive)
zephyr/libzephyr.a(rb.c.obj)  (--whole-archive)
zephyr/libzephyr.a(sem.c.obj)
                              (--whole-archive)
zephyr/libzephyr.a(thread_entry.c.obj)
                              (--whole-archive)
zephyr/libzephyr.a(timeutil.c.obj)
                              (--whole-archive)
zephyr/libzephyr.a(heap.c.obj)
                              (--whole-archive)
zephyr/libzephyr.a(heap-validate.c.obj)
                              (--whole-archive)
zephyr/libzephyr.a(bitarray.c.obj)
                              (--whole-archive)
zephyr/libzephyr.a(multi_heap.c.obj)
                              (--whole-archive)
zephyr/libzephyr.a(onoff.c.obj)
                              (--whole-archive)
zephyr/libzephyr.a(notify.c.obj)
                              (--whole-archive)
[...]
Memory Configuration

Name             Origin             Length             Attributes
FLASH            0x0000000000001000 0x00000000000d3000 xr
RAM              0x0000000020000000 0x0000000000040000 xw
IDT_LIST         0x00000000fffff7ff 0x0000000000000800 xw
*default*        0x0000000000000000 0xffffffffffffffff

Linker script and memory map

                0x0000000000009f50                vfprintf = __i_vfprintf
                0x0000000000000000                vfscanf = __i_vfscanf
LOAD zephyr/CMakeFiles/zephyr_pre0.dir/misc/empty_file.c.obj
LOAD zephyr/CMakeFiles/offsets.dir/./arch/arm/core/offsets/offsets.c.obj
LOAD app/libapp.a
LOAD zephyr/libzephyr.a
LOAD zephyr/arch/common/libarch__common.a
LOAD zephyr/arch/arch/arm/core/libarch__arm__core.a
LOAD zephyr/arch/arch/arm/core/cortex_m/libarch__arm__core__cortex_m.a
LOAD zephyr/arch/arch/arm/core/mpu/libarch__arm__core__mpu.a
LOAD zephyr/lib/libc/picolibc/liblib__libc__picolibc.a
LOAD zephyr/lib/libc/common/liblib__libc__common.a
LOAD zephyr/soc/soc/arm/common/cortex_m/libsoc__arm__common__cortex_m.a
LOAD zephyr/soc/soc/arm/nordic_nrf/nrf52/libsoc__arm__nordic_nrf__nrf52.a
LOAD zephyr/boards/boards/arm/cornix_right/lib..__zmk-keyboard-cornix__boards__arm__cornix.a
LOAD zephyr/subsys/usb/device/class/hid/libsubsys__usb__device__class__hid.a
LOAD zephyr/subsys/input/libsubsys__input.a
LOAD zephyr/drivers/usb/device/libdrivers__usb__device.a
LOAD zephyr/drivers/adc/libdrivers__adc.a
LOAD zephyr/drivers/clock_control/libdrivers__clock_control.a
LOAD zephyr/drivers/flash/libdrivers__flash.a
LOAD zephyr/drivers/gpio/libdrivers__gpio.a
LOAD zephyr/drivers/hwinfo/libdrivers__hwinfo.a
LOAD zephyr/drivers/kscan/libdrivers__kscan.a
LOAD zephyr/drivers/pinctrl/libdrivers__pinctrl.a
LOAD zephyr/drivers/sensor/nrf5/libdrivers__sensor__nrf5.a
LOAD zephyr/drivers/timer/libdrivers__timer.a
LOAD modules/hal_nordic/nrfx/libmodules__hal_nordic__nrfx.a
LOAD modules/module/drivers/sensor/battery/lib..__zmk__app__module__drivers__sensor__battery.a
LOAD modules/module/drivers/sensor/ec11/lib..__zmk__app__module__drivers__sensor__ec11.a
LOAD modules/module/lib/zmk_debounce/lib..__zmk__app__module__lib__zmk_debounce.a
LOAD zephyr/kernel/libkernel.a
LOAD /Users/kade/zephyr-sdk-0.16.3/arm-zephyr-eabi/bin/../lib/gcc/arm-zephyr-eabi/12.2.0/thumb/v7e-m+fp/hard/libgcc.a
LOAD zephyr/arch/common/libisr_tables.a
LOAD /Users/kade/zephyr-sdk-0.16.3/arm-zephyr-eabi/bin/../lib/gcc/../../picolibc/arm-zephyr-eabi/lib/thumb/v7e-m+fp/hard/libc.a
LOAD /Users/kade/zephyr-sdk-0.16.3/arm-zephyr-eabi/bin/../lib/gcc/arm-zephyr-eabi/12.2.0/thumb/v7e-m+fp/hard/libgcc.a
                0x0000000000000020                _region_min_align = 0x20

.rel.plt        0x0000000000001000        0x0
 *(SORT_BY_ALIGNMENT(.rel.plt))
                [!provide]                        PROVIDE (__rel_iplt_start = .)
 *(SORT_BY_ALIGNMENT(.rel.iplt))
 .rel.iplt      0x0000000000001000        0x0 app/libapp.a(stdlib.c.obj)
                [!provide]                        PROVIDE (__rel_iplt_end = .)

.rela.plt       0x0000000000000000        0x0
 *(SORT_BY_ALIGNMENT(.rela.plt))
                [!provide]                        PROVIDE (__rela_iplt_start = .)
 *(SORT_BY_ALIGNMENT(.rela.iplt))
                [!provide]                        PROVIDE (__rela_iplt_end = .)

.rel.dyn
 *(SORT_BY_ALIGNMENT(.rel.*))

.rela.dyn
 *(SORT_BY_ALIGNMENT(.rela.*))

/DISCARD/
 *(SORT_BY_ALIGNMENT(.plt))

/DISCARD/
 *(SORT_BY_ALIGNMENT(.iplt))
                0x0000000000001000                __rom_region_start = 0x1000

rom_start       0x0000000000001000      0x100
                0x0000000000001000                __rom_start_address = .
 FILL mask 0x00
                0x0000000000001000                . = (. + (0x0 - (. - __rom_start_address)))
                0x0000000000001000                . = ALIGN (0x4)
                0x0000000000001000                . = ALIGN (0x80)
                0x0000000000001000                . = ALIGN (0x100)
                0x0000000000001000                _vector_start = .
 *(SORT_BY_ALIGNMENT(.exc_vector_table))
 *(SORT_BY_ALIGNMENT(.exc_vector_table.*))
 .exc_vector_table._vector_table_section
                0x0000000000001000       0x40 zephyr/arch/arch/arm/core/cortex_m/libarch__arm__core__cortex_m.a(vector_table.S.obj)
                0x0000000000001000                _vector_table
 *(SORT_BY_ALIGNMENT(.vectors))
                0x0000000000001100                _vector_end = .
                0x0000000000001040                . = ALIGN (0x4)
 *(SORT_BY_ALIGNMENT(.gnu.linkonce.irq_vector_table*))
 .gnu.linkonce.irq_vector_table
                0x0000000000001040       0xc0 zephyr/arch/common/libisr_tables.a(isr_tables.c.obj)
                0x0000000000001040                _irq_vector_table
                0x0000000000001100                _vector_end = .

text            0x0000000000001100     0xc24c
                0x0000000000001100                __text_region_start = .
 *(SORT_BY_ALIGNMENT(.text))
 .text          0x0000000000001100       0x30 /Users/kade/zephyr-sdk-0.16.3/arm-zephyr-eabi/bin/../lib/gcc/arm-zephyr-eabi/12.2.0/thumb/v7e-m+fp/hard/libgcc.a(_aeabi_uldivmod.o)
                0x0000000000001100                __aeabi_uldivmod
 .text          0x0000000000001130        0x4 /Users/kade/zephyr-sdk-0.16.3/arm-zephyr-eabi/bin/../lib/gcc/arm-zephyr-eabi/12.2.0/thumb/v7e-m+fp/hard/libgcc.a(_dvmd_tls.o)
                0x0000000000001130                __aeabi_ldiv0
                0x0000000000001130                __aeabi_idiv0
 .text          0x0000000000001134      0x2a0 /Users/kade/zephyr-sdk-0.16.3/arm-zephyr-eabi/bin/../lib/gcc/arm-zephyr-eabi/12.2.0/thumb/v7e-m+fp/hard/libgcc.a(_udivmoddi4.o)
                0x0000000000001134                __udivmoddi4
 .text          0x00000000000013d4       0x14 /Users/kade/zephyr-sdk-0.16.3/arm-zephyr-eabi/bin/../lib/gcc/../../picolibc/arm-zephyr-eabi/lib/thumb/v7e-m+fp/hard/libc.a(strcmp.S.o)
                0x00000000000013d4                strcmp
 .text          0x00000000000013e8       0x10 /Users/kade/zephyr-sdk-0.16.3/arm-zephyr-eabi/bin/../lib/gcc/../../picolibc/arm-zephyr-eabi/lib/thumb/v7e-m+fp/hard/libc.a(strlen.S.o)
                0x00000000000013e8                strlen
 *(SORT_BY_ALIGNMENT(.text.*))
 .text.work_queue_main
                0x00000000000013f8      0x140 zephyr/kernel/libkernel.a(work.c.obj)
 .text.activity_expiry_function
                0x0000000000001538        0xc app/libapp.a(activity.c.obj)
                0x0000000000001538                activity_expiry_function
 .text.activity_init
                0x0000000000001544       0x3c app/libapp.a(activity.c.obj)
 .text.raise_event
                0x0000000000001580        0xc app/libapp.a(activity.c.obj)
                0x0000000000001580                raise_event
 .text.set_state
                0x000000000000158c       0x18 app/libapp.a(activity.c.obj)
                0x000000000000158c                set_state
 .text.activity_work_handler
                0x00000000000015a4       0x60 app/libapp.a(activity.c.obj)
                0x00000000000015a4                activity_work_handler
 .text.activity_event_listener
                0x0000000000001604       0x2c app/libapp.a(activity.c.obj)
 .text.z_impl_behavior_get_binding
                0x0000000000001630       0x58 app/libapp.a(behavior.c.obj)
                0x0000000000001630                z_impl_behavior_get_binding
 .text.zmk_physical_layouts_kscan_process_msgq
                0x0000000000001688       0x70 app/libapp.a(physical_layouts.c.obj)
 .text.zmk_physical_layout_kscan_callback
                0x00000000000016f8       0x38 app/libapp.a(physical_layouts.c.obj)
 .text.raise_zmk_physical_layout_selection_changed
                0x0000000000001730       0x20 app/libapp.a(physical_layouts.c.obj)
                0x0000000000001730                raise_zmk_physical_layout_selection_changed
 .text.zmk_physical_layouts_get_selected_to_stock_position_map
                0x0000000000001750        0xc app/libapp.a(physical_layouts.c.obj)
                0x0000000000001750                zmk_physical_layouts_get_selected_to_stock_position_map
 .text.zmk_physical_layouts_select_layout
                0x000000000000175c       0x80 app/libapp.a(physical_layouts.c.obj)
                0x000000000000175c                zmk_physical_layouts_select_layout
 .text.zmk_physical_layouts_select
                0x00000000000017dc       0x24 app/libapp.a(physical_layouts.c.obj)
                0x00000000000017dc                zmk_physical_layouts_select
 .text.physical_layouts_handle_set
                0x0000000000001800       0x44 app/libapp.a(physical_layouts.c.obj)
 .text.zmk_physical_layouts_select_initial
                0x0000000000001844        0xc app/libapp.a(physical_layouts.c.obj)
                0x0000000000001844                zmk_physical_layouts_select_initial
 .text.zmk_physical_layouts_init
                0x0000000000001850       0x40 app/libapp.a(physical_layouts.c.obj)
 .text.trigger_sensor_data_for_position
                0x0000000000001890       0x78 app/libapp.a(sensors.c.obj)
 .text.run_sensors_data_trigger
                0x0000000000001908       0x54 app/libapp.a(sensors.c.obj)
 .text.zmk_sensors_init_item
                0x000000000000195c       0x24 app/libapp.a(sensors.c.obj)
 .text.zmk_sensors_trigger_handler
                0x0000000000001980       0x50 app/libapp.a(sensors.c.obj)
 .text.zmk_sensors_get_config_at_index
                0x00000000000019d0       0x14 app/libapp.a(sensors.c.obj)
                0x00000000000019d0                zmk_sensors_get_config_at_index
 .text.zmk_event_manager_handle_from
                0x00000000000019e4       0x48 app/libapp.a(event_manager.c.obj)
                0x00000000000019e4                zmk_event_manager_handle_from
 .text.zmk_pm_suspend_devices
                0x0000000000001a2c       0x78 app/libapp.a(pm.c.obj)
                0x0000000000001a2c                zmk_pm_suspend_devices
 .text.zmk_pm_resume_devices
                0x0000000000001aa4       0x2c app/libapp.a(pm.c.obj)
                0x0000000000001aa4                zmk_pm_resume_devices
 .text.raise_zmk_activity_state_changed
                0x0000000000001ad0       0x20 app/libapp.a(activity_state_changed.c.obj)
                0x0000000000001ad0                raise_zmk_activity_state_changed
 .text.raise_zmk_position_state_changed
                0x0000000000001af0       0x38 app/libapp.a(position_state_changed.c.obj)
                0x0000000000001af0                raise_zmk_position_state_changed
 .text.as_zmk_position_state_changed
                0x0000000000001b28       0x14 app/libapp.a(position_state_changed.c.obj)
                0x0000000000001b28                as_zmk_position_state_changed
 .text.raise_zmk_sensor_event
                0x0000000000001b3c       0x38 app/libapp.a(sensor_event.c.obj)
                0x0000000000001b3c                raise_zmk_sensor_event
 .text.as_zmk_sensor_event
                0x0000000000001b74       0x14 app/libapp.a(sensor_event.c.obj)
                0x0000000000001b74                as_zmk_sensor_event
 .text.raise_zmk_usb_conn_state_changed
                0x0000000000001b88       0x20 app/libapp.a(usb_conn_state_changed.c.obj)
                0x0000000000001b88                raise_zmk_usb_conn_state_changed
 .text.zmk_hid_register_mod
                0x0000000000001ba8       0x4c app/libapp.a(hid.c.obj)
                0x0000000000001ba8                zmk_hid_register_mod
 .text.zmk_hid_unregister_mod
                0x0000000000001bf4       0x5c app/libapp.a(hid.c.obj)
                0x0000000000001bf4                zmk_hid_unregister_mod
 .text.zmk_hid_mod_is_pressed
                0x0000000000001c50       0x18 app/libapp.a(hid.c.obj)
                0x0000000000001c50                zmk_hid_mod_is_pressed
 .text.zmk_hid_implicit_modifiers_press
                0x0000000000001c68       0x34 app/libapp.a(hid.c.obj)
                0x0000000000001c68                zmk_hid_implicit_modifiers_press
 .text.zmk_hid_implicit_modifiers_release
                0x0000000000001c9c       0x30 app/libapp.a(hid.c.obj)
                0x0000000000001c9c                zmk_hid_implicit_modifiers_release
 .text.zmk_hid_keyboard_press
                0x0000000000001ccc       0x30 app/libapp.a(hid.c.obj)
                0x0000000000001ccc                zmk_hid_keyboard_press
 .text.zmk_hid_keyboard_release
                0x0000000000001cfc       0x38 app/libapp.a(hid.c.obj)
                0x0000000000001cfc                zmk_hid_keyboard_release
 .text.zmk_hid_keyboard_is_pressed
                0x0000000000001d34       0x30 app/libapp.a(hid.c.obj)
                0x0000000000001d34                zmk_hid_keyboard_is_pressed
 .text.zmk_hid_keyboard_clear
                0x0000000000001d64       0x10 app/libapp.a(hid.c.obj)
                0x0000000000001d64                zmk_hid_keyboard_clear
 .text.zmk_hid_consumer_press
                0x0000000000001d74       0x34 app/libapp.a(hid.c.obj)
                0x0000000000001d74                zmk_hid_consumer_press
 .text.zmk_hid_consumer_release
                0x0000000000001da8       0x28 app/libapp.a(hid.c.obj)
                0x0000000000001da8                zmk_hid_consumer_release
 .text.zmk_hid_consumer_clear
                0x0000000000001dd0       0x10 app/libapp.a(hid.c.obj)
                0x0000000000001dd0                zmk_hid_consumer_clear
 .text.zmk_hid_consumer_is_pressed
                0x0000000000001de0       0x24 app/libapp.a(hid.c.obj)
                0x0000000000001de0                zmk_hid_consumer_is_pressed
 .text.zmk_hid_get_keyboard_report
                0x0000000000001e04        0x8 app/libapp.a(hid.c.obj)
                0x0000000000001e04                zmk_hid_get_keyboard_report
 .text.zmk_hid_get_consumer_report
                0x0000000000001e0c        0x8 app/libapp.a(hid.c.obj)
                0x0000000000001e0c                zmk_hid_get_consumer_report
 .text.zmk_behavior_sensor_rotate_common_accept_data
                0x0000000000001e14       0x7c app/libapp.a(behavior_sensor_rotate_common.c.obj)
                0x0000000000001e14                zmk_behavior_sensor_rotate_common_accept_data
 .text.behavior_queue_process_next
                0x0000000000001e90       0xac app/libapp.a(behavior_queue.c.obj)
 .text.zmk_behavior_queue_add
                0x0000000000001f3c       0x58 app/libapp.a(behavior_queue.c.obj)
                0x0000000000001f3c                zmk_behavior_queue_add
 .text.zmk_endpoints_init
                0x0000000000001f94       0x3c app/libapp.a(endpoints.c.obj)
 .text.endpoints_save_preferred_work
                0x0000000000001fd0       0x14 app/libapp.a(endpoints.c.obj)
 .text.zmk_endpoint_instance_to_str
                0x0000000000001fe4       0x3c app/libapp.a(endpoints.c.obj)
                0x0000000000001fe4                zmk_endpoint_instance_to_str
 .text.zmk_endpoints_send_report
                0x0000000000002020       0x2c app/libapp.a(endpoints.c.obj)
                0x0000000000002020                zmk_endpoints_send_report
 .text.zmk_endpoints_clear_current
                0x000000000000204c       0x28 app/libapp.a(endpoints.c.obj)
                0x000000000000204c                zmk_endpoints_clear_current
 .text.update_current_endpoint
                0x0000000000002074       0x50 app/libapp.a(endpoints.c.obj)
 .text.endpoints_handle_set
                0x00000000000020c4       0x3c app/libapp.a(endpoints.c.obj)
 .text.raise_zmk_endpoint_changed
                0x0000000000002100       0x2c app/libapp.a(endpoint_changed.c.obj)
                0x0000000000002100                raise_zmk_endpoint_changed
 .text.set_layer_state
                0x000000000000212c       0x74 app/libapp.a(keymap.c.obj)
 .text.zmk_keymap_layer_active
                0x00000000000021a0        0xc app/libapp.a(keymap.c.obj)
                0x00000000000021a0                zmk_keymap_layer_active
 .text.zmk_keymap_get_layer_binding_at_idx
                0x00000000000021ac       0x44 app/libapp.a(keymap.c.obj)
                0x00000000000021ac                zmk_keymap_get_layer_binding_at_idx
 .text.zmk_keymap_position_state_changed
                0x00000000000021f0       0x5c app/libapp.a(keymap.c.obj)
                0x00000000000021f0                zmk_keymap_position_state_changed
 .text.zmk_keymap_sensor_event
                0x000000000000224c      0x160 app/libapp.a(keymap.c.obj)
                0x000000000000224c                zmk_keymap_sensor_event
 .text.raise_zmk_layer_state_changed
                0x00000000000023ac       0x2c app/libapp.a(layer_state_changed.c.obj)
                0x00000000000023ac                raise_zmk_layer_state_changed
 .text.raise_zmk_keycode_state_changed
                0x00000000000023d8       0x38 app/libapp.a(keycode_state_changed.c.obj)
                0x00000000000023d8                raise_zmk_keycode_state_changed
 .text.as_zmk_keycode_state_changed
                0x0000000000002410       0x14 app/libapp.a(keycode_state_changed.c.obj)
                0x0000000000002410                as_zmk_keycode_state_changed
 .text.select_first_available_transport
                0x0000000000002424       0x74 app/libapp.a(central.c.obj)
 .text.transport_status_changed_cb
                0x0000000000002498       0x2c app/libapp.a(central.c.obj)
 .text.central_init
                0x00000000000024c4       0x34 app/libapp.a(central.c.obj)
 .text.zmk_split_central_invoke_behavior
                0x00000000000024f8       0xa0 app/libapp.a(central.c.obj)
                0x00000000000024f8                zmk_split_central_invoke_behavior
 .text.zmk_usb_init
                0x0000000000002598       0x18 app/libapp.a(usb.c.obj)
 .text.zmk_usb_get_status
                0x00000000000025b0        0xc app/libapp.a(usb.c.obj)
                0x00000000000025b0                zmk_usb_get_status
 .text.zmk_usb_get_conn_state
                0x00000000000025bc       0x28 app/libapp.a(usb.c.obj)
                0x00000000000025bc                zmk_usb_get_conn_state
 .text.usb_status_cb
                0x00000000000025e4       0x40 app/libapp.a(usb.c.obj)
                0x00000000000025e4                usb_status_cb
 .text.zmk_usb_is_hid_ready
                0x0000000000002624       0x1c app/libapp.a(usb.c.obj)
                0x0000000000002624                zmk_usb_is_hid_ready
 .text.zmk_usb_hid_init
                0x0000000000002640       0x38 app/libapp.a(usb_hid.c.obj)
 .text.zmk_usb_hid_send_report
                0x0000000000002678       0x5c app/libapp.a(usb_hid.c.obj)
 .text.in_ready_cb
                0x00000000000026d4        0xc app/libapp.a(usb_hid.c.obj)
 .text.crc8_ccitt
                0x00000000000026e0       0x2c zephyr/libzephyr.a(crc8_sw.c.obj)
                0x00000000000026e0                crc8_ccitt
 .text.char_out
                0x000000000000270c        0xc zephyr/libzephyr.a(printk.c.obj)
 .text.vprintk  0x0000000000002718       0x30 zephyr/libzephyr.a(printk.c.obj)
                0x0000000000002718                vprintk
 .text.z_thread_entry
                0x0000000000002748       0x34 zephyr/libzephyr.a(thread_entry.c.obj)
                0x0000000000002748                z_thread_entry
 .text.process_event
                0x000000000000277c      0x21c zephyr/libzephyr.a(onoff.c.obj)
 .text.sys_reboot
                0x0000000000002998       0x30 zephyr/libzephyr.a(reboot.c.obj)
                0x0000000000002998                sys_reboot
 .text.z_arm_platform_init
                0x00000000000029c8        0x4 zephyr/libzephyr.a(soc_nrf_common.S.obj)
                0x00000000000029c8                z_arm_platform_init
 .text.nvs_recover_last_ate
                0x00000000000029cc       0x64 zephyr/libzephyr.a(nvs.c.obj)
 .text.nvs_mount
                0x0000000000002a30      0x2c0 zephyr/libzephyr.a(nvs.c.obj)
                0x0000000000002a30                nvs_mount
 .text.nvs_write
                0x0000000000002cf0      0x1a4 zephyr/libzephyr.a(nvs.c.obj)
                0x0000000000002cf0                nvs_write
 .text.mem_attr_get_regions
                0x0000000000002e94        0xc zephyr/libzephyr.a(mem_attr.c.obj)
                0x0000000000002e94                mem_attr_get_regions
 .text.pm_device_action_run
                0x0000000000002ea0       0xa4 zephyr/libzephyr.a(device.c.obj)
                0x0000000000002ea0                pm_device_action_run
 .text.flash_area_open
                0x0000000000002f44       0x50 zephyr/libzephyr.a(flash_map.c.obj)
                0x0000000000002f44                flash_area_open
 .text.flash_area_get_sectors
                0x0000000000002f94       0x60 zephyr/libzephyr.a(flash_map_layout.c.obj)
                0x0000000000002f94                flash_area_get_sectors
 .text.class_handler
                0x0000000000002ff4       0x40 zephyr/libzephyr.a(usb_device.c.obj)
 .text.custom_handler
                0x0000000000003034       0x60 zephyr/libzephyr.a(usb_device.c.obj)
 .text.vendor_handler
                0x0000000000003094       0x3c zephyr/libzephyr.a(usb_device.c.obj)
 .text.disable_endpoint
                0x00000000000030d0       0x2c zephyr/libzephyr.a(usb_device.c.obj)
 .text.usb_reset_alt_setting
                0x00000000000030fc       0x10 zephyr/libzephyr.a(usb_device.c.obj)
 .text.is_ep_valid.part.0
                0x000000000000310c       0x38 zephyr/libzephyr.a(usb_device.c.obj)
 .text.usb_handle_request.constprop.0
                0x0000000000003144       0x2c zephyr/libzephyr.a(usb_device.c.obj)
 .text.forward_status_cb
                0x0000000000003170       0xac zephyr/libzephyr.a(usb_device.c.obj)
 .text.usb_halt_endpoint_req.isra.0
                0x000000000000321c       0x50 zephyr/libzephyr.a(usb_device.c.obj)
 .text.set_endpoint
                0x000000000000326c       0x84 zephyr/libzephyr.a(usb_device.c.obj)
 .text.usb_handle_standard_request
                0x00000000000032f0      0x2ec zephyr/libzephyr.a(usb_device.c.obj)
 .text.usb_data_to_host
                0x00000000000035dc       0x60 zephyr/libzephyr.a(usb_device.c.obj)
 .text.usb_handle_control_transfer
                0x000000000000363c       0xdc zephyr/libzephyr.a(usb_device.c.obj)
 .text.usb_wakeup_request
                0x0000000000003718       0x18 zephyr/libzephyr.a(usb_device.c.obj)
                0x0000000000003718                usb_wakeup_request
 .text.usb_set_config
                0x0000000000003730       0x2c zephyr/libzephyr.a(usb_device.c.obj)
                0x0000000000003730                usb_set_config
 .text.usb_device_init
                0x000000000000375c       0x28 zephyr/libzephyr.a(usb_device.c.obj)
 .text.usb_enable
                0x0000000000003784      0x124 zephyr/libzephyr.a(usb_device.c.obj)
                0x0000000000003784                usb_enable
 .text.usb_update_sn_string_descriptor
                0x00000000000038a8       0x88 zephyr/libzephyr.a(usb_descriptor.c.obj)
                0x00000000000038a8                usb_update_sn_string_descriptor
 .text.usb_get_device_descriptor
                0x0000000000003930      0x1d8 zephyr/libzephyr.a(usb_descriptor.c.obj)
                0x0000000000003930                usb_get_device_descriptor
 .text.usb_ep_get_transfer
                0x0000000000003b08       0x2c zephyr/libzephyr.a(usb_transfer.c.obj)
 .text.usb_transfer_work
                0x0000000000003b34      0x104 zephyr/libzephyr.a(usb_transfer.c.obj)
 .text.usb_cancel_transfer
                0x0000000000003c38       0x3c zephyr/libzephyr.a(usb_transfer.c.obj)
                0x0000000000003c38                usb_cancel_transfer
 .text.usb_cancel_transfers
                0x0000000000003c74       0x48 zephyr/libzephyr.a(usb_transfer.c.obj)
                0x0000000000003c74                usb_cancel_transfers
 .text.usb_transfer_init
                0x0000000000003cbc       0x34 zephyr/libzephyr.a(usb_transfer.c.obj)
                0x0000000000003cbc                usb_transfer_init
 .text.settings_save_one
                0x0000000000003cf0       0x4c zephyr/libzephyr.a(settings_store.c.obj)
                0x0000000000003cf0                settings_save_one
 .text.settings_src_register
                0x0000000000003d3c       0x1c zephyr/libzephyr.a(settings_store.c.obj)
                0x0000000000003d3c                settings_src_register
 .text.settings_dst_register
                0x0000000000003d58        0xc zephyr/libzephyr.a(settings_store.c.obj)
                0x0000000000003d58                settings_dst_register
 .text.settings_load_subtree
                0x0000000000003d64       0x4c zephyr/libzephyr.a(settings_store.c.obj)
                0x0000000000003d64                settings_load_subtree
 .text.settings_store_init
                0x0000000000003db0       0x10 zephyr/libzephyr.a(settings_store.c.obj)
                0x0000000000003db0                settings_store_init
 .text.settings_init
                0x0000000000003dc0       0x10 zephyr/libzephyr.a(settings.c.obj)
                0x0000000000003dc0                settings_init
 .text.settings_parse_and_lookup
                0x0000000000003dd0       0x98 zephyr/libzephyr.a(settings.c.obj)
                0x0000000000003dd0                settings_parse_and_lookup
 .text.settings_commit_subtree
                0x0000000000003e68       0x70 zephyr/libzephyr.a(settings.c.obj)
                0x0000000000003e68                settings_commit_subtree
 .text.settings_subsys_init
                0x0000000000003ed8       0x3c zephyr/libzephyr.a(settings_init.c.obj)
                0x0000000000003ed8                settings_subsys_init
 .text.settings_nvs_load
                0x0000000000003f14       0xbc zephyr/libzephyr.a(settings_nvs.c.obj)
 .text.settings_backend_init
                0x0000000000003fd0       0x84 zephyr/libzephyr.a(settings_nvs.c.obj)
                0x0000000000003fd0                settings_backend_init
 .text.z_SysNmiOnReset
                0x0000000000004054        0x8 zephyr/arch/arch/arm/core/libarch__arm__core.a(nmi_on_reset.S.obj)
                0x0000000000004054                z_SysNmiOnReset
 .text.arch_tls_stack_setup
                0x000000000000405c       0x5c zephyr/arch/arch/arm/core/libarch__arm__core.a(tls.c.obj)
                0x000000000000405c                arch_tls_stack_setup
 .text._HandlerModeExit
                0x00000000000040b8       0x1c zephyr/arch/arch/arm/core/cortex_m/libarch__arm__core__cortex_m.a(exc_exit.S.obj)
                0x00000000000040b8                z_arm_exc_exit
                0x00000000000040b8                z_arm_int_exit
 .text.usage_fault.constprop.0
                0x00000000000040d4       0x54 zephyr/arch/arch/arm/core/cortex_m/libarch__arm__core__cortex_m.a(fault.c.obj)
 .text.bus_fault.constprop.0
                0x0000000000004128       0x6c zephyr/arch/arch/arm/core/cortex_m/libarch__arm__core__cortex_m.a(fault.c.obj)
 .text.mem_manage_fault.constprop.0
                0x0000000000004194       0x78 zephyr/arch/arch/arm/core/cortex_m/libarch__arm__core__cortex_m.a(fault.c.obj)
 .text.z_arm_fault
                0x000000000000420c      0x118 zephyr/arch/arch/arm/core/cortex_m/libarch__arm__core__cortex_m.a(fault.c.obj)
                0x000000000000420c                z_arm_fault
 .text.z_arm_fault_init
                0x0000000000004324       0x10 zephyr/arch/arch/arm/core/cortex_m/libarch__arm__core__cortex_m.a(fault.c.obj)
                0x0000000000004324                z_arm_fault_init
 .text.__fault  0x0000000000004334       0x14 zephyr/arch/arch/arm/core/cortex_m/libarch__arm__core__cortex_m.a(fault_s.S.obj)
                0x0000000000004334                z_arm_bus_fault
                0x0000000000004334                z_arm_usage_fault
                0x0000000000004334                z_arm_mpu_fault
                0x0000000000004334                z_arm_exc_spurious
                0x0000000000004334                z_arm_debug_monitor
                0x0000000000004334                z_arm_hard_fault
 .text.z_arm_interrupt_init
                0x0000000000004348       0x18 zephyr/arch/arch/arm/core/cortex_m/libarch__arm__core__cortex_m.a(irq_init.c.obj)
                0x0000000000004348                z_arm_interrupt_init
 .text._reset_section
                0x0000000000004360       0x30 zephyr/arch/arch/arm/core/cortex_m/libarch__arm__core__cortex_m.a(reset.S.obj)
                0x0000000000004360                z_arm_reset
                0x0000000000004360                __start
 .text.z_impl_k_thread_abort
                0x0000000000004390       0x2c zephyr/arch/arch/arm/core/cortex_m/libarch__arm__core__cortex_m.a(thread_abort.c.obj)
                0x0000000000004390                z_impl_k_thread_abort
 .text.arch_swap
                0x00000000000043bc       0x34 zephyr/arch/arch/arm/core/cortex_m/libarch__arm__core__cortex_m.a(swap.c.obj)
                0x00000000000043bc                arch_swap
 .text.z_arm_pendsv
                0x00000000000043f0       0x94 zephyr/arch/arch/arm/core/cortex_m/libarch__arm__core__cortex_m.a(swap_helper.S.obj)
                0x00000000000043f0                z_arm_pendsv
 .text.z_arm_svc
                0x0000000000004484       0x20 zephyr/arch/arch/arm/core/cortex_m/libarch__arm__core__cortex_m.a(swap_helper.S.obj)
                0x0000000000004484                z_arm_svc
 .text.arch_irq_enable
                0x00000000000044a4       0x1c zephyr/arch/arch/arm/core/cortex_m/libarch__arm__core__cortex_m.a(irq_manage.c.obj)
                0x00000000000044a4                arch_irq_enable
 .text.arch_irq_disable
                0x00000000000044c0       0x28 zephyr/arch/arch/arm/core/cortex_m/libarch__arm__core__cortex_m.a(irq_manage.c.obj)
                0x00000000000044c0                arch_irq_disable
 .text.arch_irq_is_enabled
                0x00000000000044e8       0x1c zephyr/arch/arch/arm/core/cortex_m/libarch__arm__core__cortex_m.a(irq_manage.c.obj)
                0x00000000000044e8                arch_irq_is_enabled
 .text.z_arm_irq_priority_set
                0x0000000000004504       0x30 zephyr/arch/arch/arm/core/cortex_m/libarch__arm__core__cortex_m.a(irq_manage.c.obj)
                0x0000000000004504                z_arm_irq_priority_set
 .text.z_arm_prep_c
                0x0000000000004534       0x5c zephyr/arch/arch/arm/core/cortex_m/libarch__arm__core__cortex_m.a(prep_c.c.obj)
                0x0000000000004534                z_arm_prep_c
 .text.arch_new_thread
                0x0000000000004590       0x40 zephyr/arch/arch/arm/core/cortex_m/libarch__arm__core__cortex_m.a(thread.c.obj)
                0x0000000000004590                arch_new_thread
 .text.arch_float_disable
                0x00000000000045d0       0x4c zephyr/arch/arch/arm/core/cortex_m/libarch__arm__core__cortex_m.a(thread.c.obj)
                0x00000000000045d0                arch_float_disable
 .text.arch_switch_to_main_thread
                0x000000000000461c       0x48 zephyr/arch/arch/arm/core/cortex_m/libarch__arm__core__cortex_m.a(thread.c.obj)
                0x000000000000461c                arch_switch_to_main_thread
 .text.z_arm_cpu_idle_init
                0x0000000000004664        0xc zephyr/arch/arch/arm/core/cortex_m/libarch__arm__core__cortex_m.a(cpu_idle.S.obj)
                0x0000000000004664                z_arm_cpu_idle_init
 .text.arch_cpu_idle
                0x0000000000004670       0x1c zephyr/arch/arch/arm/core/cortex_m/libarch__arm__core__cortex_m.a(cpu_idle.S.obj)
                0x0000000000004670                arch_cpu_idle
 .text.arch_cpu_atomic_idle
                0x000000000000468c       0x18 zephyr/arch/arch/arm/core/cortex_m/libarch__arm__core__cortex_m.a(cpu_idle.S.obj)
                0x000000000000468c                arch_cpu_atomic_idle
 .text._isr_wrapper
                0x00000000000046a4       0x28 zephyr/arch/arch/arm/core/cortex_m/libarch__arm__core__cortex_m.a(isr_wrapper.S.obj)
                0x00000000000046a4                _isr_wrapper
 .text.z_arm_configure_static_mpu_regions
                0x00000000000046cc       0x18 zephyr/arch/arch/arm/core/mpu/libarch__arm__core__mpu.a(arm_core_mpu.c.obj)
                0x00000000000046cc                z_arm_configure_static_mpu_regions
 .text.region_init
                0x00000000000046e4       0x28 zephyr/arch/arch/arm/core/mpu/libarch__arm__core__mpu.a(arm_mpu.c.obj)
 .text.arm_core_mpu_enable
                0x000000000000470c       0x18 zephyr/arch/arch/arm/core/mpu/libarch__arm__core__mpu.a(arm_mpu.c.obj)
                0x000000000000470c                arm_core_mpu_enable
 .text.arm_core_mpu_disable
                0x0000000000004724       0x14 zephyr/arch/arch/arm/core/mpu/libarch__arm__core__mpu.a(arm_mpu.c.obj)
                0x0000000000004724                arm_core_mpu_disable
 .text.arm_core_mpu_configure_static_mpu_regions
                0x0000000000004738       0x14 zephyr/arch/arch/arm/core/mpu/libarch__arm__core__mpu.a(arm_mpu.c.obj)
                0x0000000000004738                arm_core_mpu_configure_static_mpu_regions
 .text.z_arm_mpu_init
                0x000000000000474c      0x124 zephyr/arch/arch/arm/core/mpu/libarch__arm__core__mpu.a(arm_mpu.c.obj)
                0x000000000000474c                z_arm_mpu_init
 .text._exit    0x0000000000004870       0x10 zephyr/lib/libc/picolibc/liblib__libc__picolibc.a(libc-hooks.c.obj)
                0x0000000000004870                _exit
 .text.__chk_fail
                0x0000000000004880       0x18 zephyr/lib/libc/picolibc/liblib__libc__picolibc.a(libc-hooks.c.obj)
                0x0000000000004880                __chk_fail
 .text.malloc_prepare
                0x0000000000004898       0x24 zephyr/lib/libc/common/liblib__libc__common.a(malloc.c.obj)
 .text.nordicsemi_nrf52_init
                0x00000000000048bc       0x18 zephyr/soc/soc/arm/nordic_nrf/nrf52/libsoc__arm__nordic_nrf__nrf52.a(soc.c.obj)
 .text.sys_arch_reboot
                0x00000000000048d4       0x2c zephyr/soc/soc/arm/nordic_nrf/nrf52/libsoc__arm__nordic_nrf__nrf52.a(soc.c.obj)
                0x00000000000048d4                sys_arch_reboot
 .text.arch_busy_wait
                0x0000000000004900       0x14 zephyr/soc/soc/arm/nordic_nrf/nrf52/libsoc__arm__nordic_nrf__nrf52.a(soc.c.obj)
                0x0000000000004900                arch_busy_wait
 .text.hid_int_in
                0x0000000000004914       0x2c zephyr/subsys/usb/device/class/hid/libsubsys__usb__device__class__hid.a(core.c.obj)
 .text.hid_custom_handle_req
                0x0000000000004940       0x78 zephyr/subsys/usb/device/class/hid/libsubsys__usb__device__class__hid.a(core.c.obj)
 .text.hid_class_handle_req
                0x00000000000049b8       0x60 zephyr/subsys/usb/device/class/hid/libsubsys__usb__device__class__hid.a(core.c.obj)
 .text.hid_status_cb
                0x0000000000004a18       0x48 zephyr/subsys/usb/device/class/hid/libsubsys__usb__device__class__hid.a(core.c.obj)
 .text.usb_hid_register_device
                0x0000000000004a60       0x2c zephyr/subsys/usb/device/class/hid/libsubsys__usb__device__class__hid.a(core.c.obj)
                0x0000000000004a60                usb_hid_register_device
 .text.input_thread
                0x0000000000004a8c       0x40 zephyr/subsys/input/libsubsys__input.a(input.c.obj)
 .text.endpoint_ctx
                0x0000000000004acc       0x60 zephyr/drivers/usb/device/libdrivers__usb__device.a(usb_dc_nrfx.c.obj)
 .text.usbd_work_schedule
                0x0000000000004b2c       0x10 zephyr/drivers/usb/device/libdrivers__usb__device.a(usb_dc_nrfx.c.obj)
 .text.usbd_evt_put
                0x0000000000004b3c        0xc zephyr/drivers/usb/device/libdrivers__usb__device.a(usb_dc_nrfx.c.obj)
 .text.usbd_evt_get
                0x0000000000004b48       0x10 zephyr/drivers/usb/device/libdrivers__usb__device.a(usb_dc_nrfx.c.obj)
 .text.usb_init
                0x0000000000004b58       0x70 zephyr/drivers/usb/device/libdrivers__usb__device.a(usb_dc_nrfx.c.obj)
 .text.hfxo_stop.constprop.0.isra.0
                0x0000000000004bc8       0x40 zephyr/drivers/usb/device/libdrivers__usb__device.a(usb_dc_nrfx.c.obj)
 .text.eps_ctx_init
                0x0000000000004c08       0x68 zephyr/drivers/usb/device/libdrivers__usb__device.a(usb_dc_nrfx.c.obj)
 .text.usbd_evt_flush
                0x0000000000004c70       0x1c zephyr/drivers/usb/device/libdrivers__usb__device.a(usb_dc_nrfx.c.obj)
 .text.usbd_evt_alloc
                0x0000000000004c8c       0x44 zephyr/drivers/usb/device/libdrivers__usb__device.a(usb_dc_nrfx.c.obj)
 .text.usb_dc_power_event_handler
                0x0000000000004cd0       0x34 zephyr/drivers/usb/device/libdrivers__usb__device.a(usb_dc_nrfx.c.obj)
 .text.usbd_event_transfer_data
                0x0000000000004d04       0xa8 zephyr/drivers/usb/device/libdrivers__usb__device.a(usb_dc_nrfx.c.obj)
 .text.usbd_event_handler
                0x0000000000004dac      0x11c zephyr/drivers/usb/device/libdrivers__usb__device.a(usb_dc_nrfx.c.obj)
 .text.usbd_work_handler
                0x0000000000004ec8      0x2e0 zephyr/drivers/usb/device/libdrivers__usb__device.a(usb_dc_nrfx.c.obj)
 .text.usb_dc_attach
                0x00000000000051a8       0x64 zephyr/drivers/usb/device/libdrivers__usb__device.a(usb_dc_nrfx.c.obj)
                0x00000000000051a8                usb_dc_attach
 .text.usb_dc_set_address
                0x000000000000520c       0x24 zephyr/drivers/usb/device/libdrivers__usb__device.a(usb_dc_nrfx.c.obj)
                0x000000000000520c                usb_dc_set_address
 .text.usb_dc_ep_configure
                0x0000000000005230       0x48 zephyr/drivers/usb/device/libdrivers__usb__device.a(usb_dc_nrfx.c.obj)
                0x0000000000005230                usb_dc_ep_configure
 .text.usb_dc_ep_set_stall
                0x0000000000005278       0x50 zephyr/drivers/usb/device/libdrivers__usb__device.a(usb_dc_nrfx.c.obj)
                0x0000000000005278                usb_dc_ep_set_stall
 .text.usb_dc_ep_clear_stall
                0x00000000000052c8       0x40 zephyr/drivers/usb/device/libdrivers__usb__device.a(usb_dc_nrfx.c.obj)
                0x00000000000052c8                usb_dc_ep_clear_stall
 .text.usb_dc_ep_is_stalled
                0x0000000000005308       0x38 zephyr/drivers/usb/device/libdrivers__usb__device.a(usb_dc_nrfx.c.obj)
                0x0000000000005308                usb_dc_ep_is_stalled
 .text.usb_dc_ep_enable
                0x0000000000005340       0x54 zephyr/drivers/usb/device/libdrivers__usb__device.a(usb_dc_nrfx.c.obj)
                0x0000000000005340                usb_dc_ep_enable
 .text.usb_dc_ep_write
                0x0000000000005394       0xf8 zephyr/drivers/usb/device/libdrivers__usb__device.a(usb_dc_nrfx.c.obj)
                0x0000000000005394                usb_dc_ep_write
 .text.usb_dc_ep_read_wait
                0x000000000000548c       0x90 zephyr/drivers/usb/device/libdrivers__usb__device.a(usb_dc_nrfx.c.obj)
                0x000000000000548c                usb_dc_ep_read_wait
 .text.usb_dc_ep_read_continue
                0x000000000000551c       0x84 zephyr/drivers/usb/device/libdrivers__usb__device.a(usb_dc_nrfx.c.obj)
                0x000000000000551c                usb_dc_ep_read_continue
 .text.usb_dc_ep_set_callback
                0x00000000000055a0       0x28 zephyr/drivers/usb/device/libdrivers__usb__device.a(usb_dc_nrfx.c.obj)
                0x00000000000055a0                usb_dc_ep_set_callback
 .text.usb_dc_set_status_callback
                0x00000000000055c8        0xc zephyr/drivers/usb/device/libdrivers__usb__device.a(usb_dc_nrfx.c.obj)
                0x00000000000055c8                usb_dc_set_status_callback
 .text.usb_dc_ep_mps
                0x00000000000055d4       0x24 zephyr/drivers/usb/device/libdrivers__usb__device.a(usb_dc_nrfx.c.obj)
                0x00000000000055d4                usb_dc_ep_mps
 .text.adc_gain_invert
                0x00000000000055f8       0x2c zephyr/drivers/adc/libdrivers__adc.a(adc_common.c.obj)
                0x00000000000055f8                adc_gain_invert
 .text.adc_context_start_sampling
                0x0000000000005624       0x1c zephyr/drivers/adc/libdrivers__adc.a(adc_nrfx_saadc.c.obj)
 .text.adc_nrfx_channel_setup
                0x0000000000005640       0xd8 zephyr/drivers/adc/libdrivers__adc.a(adc_nrfx_saadc.c.obj)
 .text.adc_nrfx_read
                0x0000000000005718      0x180 zephyr/drivers/adc/libdrivers__adc.a(adc_nrfx_saadc.c.obj)
 .text.init_saadc
                0x0000000000005898       0x44 zephyr/drivers/adc/libdrivers__adc.a(adc_nrfx_saadc.c.obj)
 .text.saadc_irq_handler
                0x00000000000058dc       0xcc zephyr/drivers/adc/libdrivers__adc.a(adc_nrfx_saadc.c.obj)
 .text.onoff_stop
                0x00000000000059a8       0x30 zephyr/drivers/clock_control/libdrivers__clock_control.a(clock_control_nrf.c.obj)
 .text.onoff_start
                0x00000000000059d8       0x44 zephyr/drivers/clock_control/libdrivers__clock_control.a(clock_control_nrf.c.obj)
 .text.generic_hfclk_stop
                0x0000000000005a1c       0x34 zephyr/drivers/clock_control/libdrivers__clock_control.a(clock_control_nrf.c.obj)
 .text.clk_init
                0x0000000000005a50       0x60 zephyr/drivers/clock_control/libdrivers__clock_control.a(clock_control_nrf.c.obj)
 .text.clkstarted_handle.constprop.0
                0x0000000000005ab0       0x34 zephyr/drivers/clock_control/libdrivers__clock_control.a(clock_control_nrf.c.obj)
 .text.clock_event_handler
                0x0000000000005ae4       0x34 zephyr/drivers/clock_control/libdrivers__clock_control.a(clock_control_nrf.c.obj)
 .text.generic_hfclk_start
                0x0000000000005b18       0x64 zephyr/drivers/clock_control/libdrivers__clock_control.a(clock_control_nrf.c.obj)
 .text.api_blocking_start
                0x0000000000005b7c       0x34 zephyr/drivers/clock_control/libdrivers__clock_control.a(clock_control_nrf.c.obj)
 .text.z_nrf_clock_control_get_onoff
                0x0000000000005bb0       0x10 zephyr/drivers/clock_control/libdrivers__clock_control.a(clock_control_nrf.c.obj)
                0x0000000000005bb0                z_nrf_clock_control_get_onoff
 .text.z_nrf_clock_control_lf_on
                0x0000000000005bc0       0xb4 zephyr/drivers/clock_control/libdrivers__clock_control.a(clock_control_nrf.c.obj)
                0x0000000000005bc0                z_nrf_clock_control_lf_on
 .text.start_cal_process
                0x0000000000005c74       0x48 zephyr/drivers/clock_control/libdrivers__clock_control.a(nrf_clock_calibration.c.obj)
 .text.start_cycle
                0x0000000000005cbc       0x38 zephyr/drivers/clock_control/libdrivers__clock_control.a(nrf_clock_calibration.c.obj)
 .text.measure_temperature
                0x0000000000005cf4       0x88 zephyr/drivers/clock_control/libdrivers__clock_control.a(nrf_clock_calibration.c.obj)
 .text.cal_hf_callback
                0x0000000000005d7c       0x2c zephyr/drivers/clock_control/libdrivers__clock_control.a(nrf_clock_calibration.c.obj)
 .text.z_nrf_clock_calibration_init
                0x0000000000005da8       0x1c zephyr/drivers/clock_control/libdrivers__clock_control.a(nrf_clock_calibration.c.obj)
                0x0000000000005da8                z_nrf_clock_calibration_init
 .text.z_nrf_clock_calibration_lfclk_started
                0x0000000000005dc4       0x10 zephyr/drivers/clock_control/libdrivers__clock_control.a(nrf_clock_calibration.c.obj)
                0x0000000000005dc4                z_nrf_clock_calibration_lfclk_started
 .text.z_nrf_clock_calibration_lfclk_stopped
                0x0000000000005dd4        0xc zephyr/drivers/clock_control/libdrivers__clock_control.a(nrf_clock_calibration.c.obj)
                0x0000000000005dd4                z_nrf_clock_calibration_lfclk_stopped
 .text.z_nrf_clock_calibration_done_handler
                0x0000000000005de0       0x10 zephyr/drivers/clock_control/libdrivers__clock_control.a(nrf_clock_calibration.c.obj)
                0x0000000000005de0                z_nrf_clock_calibration_done_handler
 .text.flash_nrf_pages_layout
                0x0000000000005df0       0x10 zephyr/drivers/flash/libdrivers__flash.a(soc_flash_nrf.c.obj)
 .text.flash_nrf_get_parameters
                0x0000000000005e00        0x8 zephyr/drivers/flash/libdrivers__flash.a(soc_flash_nrf.c.obj)
 .text.nrf_flash_init
                0x0000000000005e08       0x28 zephyr/drivers/flash/libdrivers__flash.a(soc_flash_nrf.c.obj)
 .text.restore_pofwarn.part.0
                0x0000000000005e30       0x2c zephyr/drivers/flash/libdrivers__flash.a(soc_flash_nrf.c.obj)
 .text.suspend_pofwarn
                0x0000000000005e5c       0x58 zephyr/drivers/flash/libdrivers__flash.a(soc_flash_nrf.c.obj)
 .text.flash_nrf_erase
                0x0000000000005eb4       0x88 zephyr/drivers/flash/libdrivers__flash.a(soc_flash_nrf.c.obj)
 .text.flash_nrf_write
                0x0000000000005f3c       0x8c zephyr/drivers/flash/libdrivers__flash.a(soc_flash_nrf.c.obj)
 .text.gpio_nrfx_pin_interrupt_configure
                0x0000000000005fc8       0xe4 zephyr/drivers/gpio/libdrivers__gpio.a(gpio_nrfx.c.obj)
 .text.gpio_nrfx_init
                0x00000000000060ac       0x38 zephyr/drivers/gpio/libdrivers__gpio.a(gpio_nrfx.c.obj)
 .text.nrfx_gpio_handler
                0x00000000000060e4       0x4c zephyr/drivers/gpio/libdrivers__gpio.a(gpio_nrfx.c.obj)
 .text.gpio_nrfx_pin_configure
                0x0000000000006130      0x128 zephyr/drivers/gpio/libdrivers__gpio.a(gpio_nrfx.c.obj)
 .text.compare_ports
                0x0000000000006258       0x14 zephyr/drivers/kscan/libdrivers__kscan.a(kscan_gpio.c.obj)
 .text.kscan_gpio_list_sort_by_port
                0x000000000000626c       0x10 zephyr/drivers/kscan/libdrivers__kscan.a(kscan_gpio.c.obj)
                0x000000000000626c                kscan_gpio_list_sort_by_port
 .text.kscan_matrix_init
                0x000000000000627c       0x28 zephyr/drivers/kscan/libdrivers__kscan.a(kscan_gpio_matrix.c.obj)
 .text.kscan_matrix_pm_action
                0x00000000000062a4      0x10c zephyr/drivers/kscan/libdrivers__kscan.a(kscan_gpio_matrix.c.obj)
 .text.kscan_mock_init_0
                0x00000000000063b0       0x18 zephyr/drivers/kscan/libdrivers__kscan.a(kscan_mock.c.obj)
 .text.hfclk_on_callback
                0x00000000000063c8        0xc zephyr/drivers/sensor/nrf5/libdrivers__sensor__nrf5.a(temp_nrf5.c.obj)
 .text.temp_nrf5_channel_get
                0x00000000000063d4       0x2c zephyr/drivers/sensor/nrf5/libdrivers__sensor__nrf5.a(temp_nrf5.c.obj)
 .text.temp_nrf5_isr
                0x0000000000006400       0x18 zephyr/drivers/sensor/nrf5/libdrivers__sensor__nrf5.a(temp_nrf5.c.obj)
 .text.temp_nrf5_sample_fetch
                0x0000000000006418       0x78 zephyr/drivers/sensor/nrf5/libdrivers__sensor__nrf5.a(temp_nrf5.c.obj)
 .text.temp_nrf5_init
                0x0000000000006490       0x40 zephyr/drivers/sensor/nrf5/libdrivers__sensor__nrf5.a(temp_nrf5.c.obj)
 .text.compare_int_lock
                0x00000000000064d0       0x48 zephyr/drivers/timer/libdrivers__timer.a(nrf_rtc_timer.c.obj)
 .text.sys_clock_timeout_handler
                0x0000000000006518       0x48 zephyr/drivers/timer/libdrivers__timer.a(nrf_rtc_timer.c.obj)
 .text.compare_int_unlock
                0x0000000000006560       0x5c zephyr/drivers/timer/libdrivers__timer.a(nrf_rtc_timer.c.obj)
 .text.z_nrf_rtc_timer_read
                0x00000000000065bc       0x44 zephyr/drivers/timer/libdrivers__timer.a(nrf_rtc_timer.c.obj)
                0x00000000000065bc                z_nrf_rtc_timer_read
 .text.compare_set
                0x0000000000006600      0x130 zephyr/drivers/timer/libdrivers__timer.a(nrf_rtc_timer.c.obj)
 .text.sys_clock_driver_init
                0x0000000000006730       0x90 zephyr/drivers/timer/libdrivers__timer.a(nrf_rtc_timer.c.obj)
 .text.rtc_nrf_isr
                0x00000000000067c0       0xd4 zephyr/drivers/timer/libdrivers__timer.a(nrf_rtc_timer.c.obj)
                0x00000000000067c0                rtc_nrf_isr
 .text.sys_clock_set_timeout
                0x0000000000006894       0x5c zephyr/drivers/timer/libdrivers__timer.a(nrf_rtc_timer.c.obj)
                0x0000000000006894                sys_clock_set_timeout
 .text.sys_clock_elapsed
                0x00000000000068f0       0x14 zephyr/drivers/timer/libdrivers__timer.a(nrf_rtc_timer.c.obj)
                0x00000000000068f0                sys_clock_elapsed
 .text.sys_clock_disable
                0x0000000000006904       0x30 zephyr/drivers/timer/libdrivers__timer.a(nrf_rtc_timer.c.obj)
                0x0000000000006904                sys_clock_disable
 .text.nrf52_errata_98
                0x0000000000006934       0x24 modules/hal_nordic/nrfx/libmodules__hal_nordic__nrfx.a(system_nrf52840.c.obj)
 .text.SystemInit
                0x0000000000006958      0x178 modules/hal_nordic/nrfx/libmodules__hal_nordic__nrfx.a(system_nrf52840.c.obj)
                0x0000000000006958                SystemInit
 .text.nrfx_flag32_alloc
                0x0000000000006ad0       0x48 modules/hal_nordic/nrfx/libmodules__hal_nordic__nrfx.a(nrfx_flag32_allocator.c.obj)
                0x0000000000006ad0                nrfx_flag32_alloc
 .text.nrfx_flag32_free
                0x0000000000006b18       0x40 modules/hal_nordic/nrfx/libmodules__hal_nordic__nrfx.a(nrfx_flag32_allocator.c.obj)
                0x0000000000006b18                nrfx_flag32_free
 .text.clock_stop
                0x0000000000006b58       0xc4 modules/hal_nordic/nrfx/libmodules__hal_nordic__nrfx.a(nrfx_clock.c.obj)
 .text.nrfx_clock_init
                0x0000000000006c1c       0x24 modules/hal_nordic/nrfx/libmodules__hal_nordic__nrfx.a(nrfx_clock.c.obj)
                0x0000000000006c1c                nrfx_clock_init
 .text.nrfx_clock_enable
                0x0000000000006c40       0x30 modules/hal_nordic/nrfx/libmodules__hal_nordic__nrfx.a(nrfx_clock.c.obj)
                0x0000000000006c40                nrfx_clock_enable
 .text.nrfx_clock_start
                0x0000000000006c70       0xa4 modules/hal_nordic/nrfx/libmodules__hal_nordic__nrfx.a(nrfx_clock.c.obj)
                0x0000000000006c70                nrfx_clock_start
 .text.nrfx_clock_calibration_start
                0x0000000000006d14       0x74 modules/hal_nordic/nrfx/libmodules__hal_nordic__nrfx.a(nrfx_clock.c.obj)
                0x0000000000006d14                nrfx_clock_calibration_start
 .text.nrfx_clock_irq_handler
                0x0000000000006d88       0x84 modules/hal_nordic/nrfx/libmodules__hal_nordic__nrfx.a(nrfx_clock.c.obj)
                0x0000000000006d88                nrfx_clock_irq_handler
 .text.nrf_gpio_pin_port_decode
                0x0000000000006e0c       0x20 modules/hal_nordic/nrfx/libmodules__hal_nordic__nrfx.a(nrfx_gpiote.c.obj)
 .text.get_pin_idx
                0x0000000000006e2c       0x14 modules/hal_nordic/nrfx/libmodules__hal_nordic__nrfx.a(nrfx_gpiote.c.obj)
 .text.call_handler.constprop.0
                0x0000000000006e40       0x40 modules/hal_nordic/nrfx/libmodules__hal_nordic__nrfx.a(nrfx_gpiote.c.obj)
 .text.release_handler.constprop.0
                0x0000000000006e80       0x58 modules/hal_nordic/nrfx/libmodules__hal_nordic__nrfx.a(nrfx_gpiote.c.obj)
 .text.pin_te_get.constprop.0
                0x0000000000006ed8       0x18 modules/hal_nordic/nrfx/libmodules__hal_nordic__nrfx.a(nrfx_gpiote.c.obj)
 .text.pin_in_use_by_te.constprop.0
                0x0000000000006ef0       0x18 modules/hal_nordic/nrfx/libmodules__hal_nordic__nrfx.a(nrfx_gpiote.c.obj)
 .text.latch_pending_read_and_check
                0x0000000000006f08       0x40 modules/hal_nordic/nrfx/libmodules__hal_nordic__nrfx.a(nrfx_gpiote.c.obj)
 .text.__nrfy_internal_gpiote_events_process.constprop.0
                0x0000000000006f48       0x5c modules/hal_nordic/nrfx/libmodules__hal_nordic__nrfx.a(nrfx_gpiote.c.obj)
 .text.pin_is_input.constprop.0
                0x0000000000006fa4       0x1c modules/hal_nordic/nrfx/libmodules__hal_nordic__nrfx.a(nrfx_gpiote.c.obj)
 .text.pin_trigger_disable.constprop.0
                0x0000000000006fc0       0x4c modules/hal_nordic/nrfx/libmodules__hal_nordic__nrfx.a(nrfx_gpiote.c.obj)
 .text.pin_uninit.constprop.0
                0x000000000000700c       0x80 modules/hal_nordic/nrfx/libmodules__hal_nordic__nrfx.a(nrfx_gpiote.c.obj)
 .text.nrfx_gpiote_input_configure
                0x000000000000708c      0x170 modules/hal_nordic/nrfx/libmodules__hal_nordic__nrfx.a(nrfx_gpiote.c.obj)
                0x000000000000708c                nrfx_gpiote_input_configure
 .text.nrfx_gpiote_output_configure
                0x00000000000071fc       0xf0 modules/hal_nordic/nrfx/libmodules__hal_nordic__nrfx.a(nrfx_gpiote.c.obj)
                0x00000000000071fc                nrfx_gpiote_output_configure
 .text.nrfx_gpiote_global_callback_set
                0x00000000000072ec        0xc modules/hal_nordic/nrfx/libmodules__hal_nordic__nrfx.a(nrfx_gpiote.c.obj)
                0x00000000000072ec                nrfx_gpiote_global_callback_set
 .text.nrfx_gpiote_channel_get
                0x00000000000072f8       0x30 modules/hal_nordic/nrfx/libmodules__hal_nordic__nrfx.a(nrfx_gpiote.c.obj)
                0x00000000000072f8                nrfx_gpiote_channel_get
 .text.nrfx_gpiote_init
                0x0000000000007328       0x70 modules/hal_nordic/nrfx/libmodules__hal_nordic__nrfx.a(nrfx_gpiote.c.obj)
                0x0000000000007328                nrfx_gpiote_init
 .text.nrfx_gpiote_is_init
                0x0000000000007398       0x14 modules/hal_nordic/nrfx/libmodules__hal_nordic__nrfx.a(nrfx_gpiote.c.obj)
                0x0000000000007398                nrfx_gpiote_is_init
 .text.nrfx_gpiote_channel_free
                0x00000000000073ac        0xc modules/hal_nordic/nrfx/libmodules__hal_nordic__nrfx.a(nrfx_gpiote.c.obj)
                0x00000000000073ac                nrfx_gpiote_channel_free
 .text.nrfx_gpiote_channel_alloc
                0x00000000000073b8        0xc modules/hal_nordic/nrfx/libmodules__hal_nordic__nrfx.a(nrfx_gpiote.c.obj)
                0x00000000000073b8                nrfx_gpiote_channel_alloc
 .text.nrfx_gpiote_trigger_enable
                0x00000000000073c4       0xac modules/hal_nordic/nrfx/libmodules__hal_nordic__nrfx.a(nrfx_gpiote.c.obj)
                0x00000000000073c4                nrfx_gpiote_trigger_enable
 .text.nrfx_gpiote_0_irq_handler
                0x0000000000007470      0x1bc modules/hal_nordic/nrfx/libmodules__hal_nordic__nrfx.a(nrfx_gpiote.c.obj)
                0x0000000000007470                nrfx_gpiote_0_irq_handler
 .text.nvmc_word_write
                0x000000000000762c       0x18 modules/hal_nordic/nrfx/libmodules__hal_nordic__nrfx.a(nrfx_nvmc.c.obj)
 .text.nrfx_nvmc_page_erase
                0x0000000000007644       0x40 modules/hal_nordic/nrfx/libmodules__hal_nordic__nrfx.a(nrfx_nvmc.c.obj)
                0x0000000000007644                nrfx_nvmc_page_erase
 .text.nrfx_nvmc_word_write
                0x0000000000007684       0x1c modules/hal_nordic/nrfx/libmodules__hal_nordic__nrfx.a(nrfx_nvmc.c.obj)
                0x0000000000007684                nrfx_nvmc_word_write
 .text.nrfx_power_init
                0x00000000000076a0       0x74 modules/hal_nordic/nrfx/libmodules__hal_nordic__nrfx.a(nrfx_power.c.obj)
                0x00000000000076a0                nrfx_power_init
 .text.nrfx_power_usbevt_uninit
                0x0000000000007714       0x18 modules/hal_nordic/nrfx/libmodules__hal_nordic__nrfx.a(nrfx_power.c.obj)
                0x0000000000007714                nrfx_power_usbevt_uninit
 .text.nrfx_power_usbevt_init
                0x000000000000772c       0x14 modules/hal_nordic/nrfx/libmodules__hal_nordic__nrfx.a(nrfx_power.c.obj)
                0x000000000000772c                nrfx_power_usbevt_init
 .text.nrfx_power_irq_handler
                0x0000000000007740       0xa0 modules/hal_nordic/nrfx/libmodules__hal_nordic__nrfx.a(nrfx_power.c.obj)
                0x0000000000007740                nrfx_power_irq_handler
 .text.nrf52_errata_187
                0x00000000000077e0       0x28 modules/hal_nordic/nrfx/libmodules__hal_nordic__nrfx.a(nrfx_usbd.c.obj)
 .text.ep_state_access
                0x0000000000007808       0x1c modules/hal_nordic/nrfx/libmodules__hal_nordic__nrfx.a(nrfx_usbd.c.obj)
 .text.ev_usbreset_handler
                0x0000000000007824       0x2c modules/hal_nordic/nrfx/libmodules__hal_nordic__nrfx.a(nrfx_usbd.c.obj)
 .text.ev_usbevent_handler
                0x0000000000007850       0x74 modules/hal_nordic/nrfx/libmodules__hal_nordic__nrfx.a(nrfx_usbd.c.obj)
 .text.usbd_errata_187_211_begin
                0x00000000000078c4       0x40 modules/hal_nordic/nrfx/libmodules__hal_nordic__nrfx.a(nrfx_usbd.c.obj)
 .text.usbd_errata_187_211_end
                0x0000000000007904       0x40 modules/hal_nordic/nrfx/libmodules__hal_nordic__nrfx.a(nrfx_usbd.c.obj)
 .text.nrfx_usbd_feeder_flash
                0x0000000000007944       0x38 modules/hal_nordic/nrfx/libmodules__hal_nordic__nrfx.a(nrfx_usbd.c.obj)
                0x0000000000007944                nrfx_usbd_feeder_flash
 .text.nrfx_usbd_feeder_flash_zlp
                0x000000000000797c       0x40 modules/hal_nordic/nrfx/libmodules__hal_nordic__nrfx.a(nrfx_usbd.c.obj)
                0x000000000000797c                nrfx_usbd_feeder_flash_zlp
 .text.ev_sof_handler
                0x00000000000079bc       0x44 modules/hal_nordic/nrfx/libmodules__hal_nordic__nrfx.a(nrfx_usbd.c.obj)
 .text.atomic_and.constprop.0.isra.0
                0x0000000000007a00       0x20 modules/hal_nordic/nrfx/libmodules__hal_nordic__nrfx.a(nrfx_usbd.c.obj)
 .text.usbd_dma_pending_clear
                0x0000000000007a20       0x24 modules/hal_nordic/nrfx/libmodules__hal_nordic__nrfx.a(nrfx_usbd.c.obj)
 .text.nrf_usbd_ep0in_dma_handler
                0x0000000000007a44       0x2c modules/hal_nordic/nrfx/libmodules__hal_nordic__nrfx.a(nrfx_usbd.c.obj)
 .text.usbd_ep_data_handler
                0x0000000000007a70       0x8c modules/hal_nordic/nrfx/libmodules__hal_nordic__nrfx.a(nrfx_usbd.c.obj)
 .text.ev_setup_data_handler
                0x0000000000007afc       0x1c modules/hal_nordic/nrfx/libmodules__hal_nordic__nrfx.a(nrfx_usbd.c.obj)
 .text.ev_dma_epout8_handler
                0x0000000000007b18       0x40 modules/hal_nordic/nrfx/libmodules__hal_nordic__nrfx.a(nrfx_usbd.c.obj)
 .text.ev_dma_epin8_handler
                0x0000000000007b58       0x50 modules/hal_nordic/nrfx/libmodules__hal_nordic__nrfx.a(nrfx_usbd.c.obj)
 .text.nrfx_usbd_uninit
                0x0000000000007ba8       0x14 modules/hal_nordic/nrfx/libmodules__hal_nordic__nrfx.a(nrfx_usbd.c.obj)
                0x0000000000007ba8                nrfx_usbd_uninit
 .text.nrfx_usbd_enable
                0x0000000000007bbc      0x158 modules/hal_nordic/nrfx/libmodules__hal_nordic__nrfx.a(nrfx_usbd.c.obj)
                0x0000000000007bbc                nrfx_usbd_enable
 .text.nrfx_usbd_start
                0x0000000000007d14       0x3c modules/hal_nordic/nrfx/libmodules__hal_nordic__nrfx.a(nrfx_usbd.c.obj)
                0x0000000000007d14                nrfx_usbd_start
 .text.nrfx_usbd_is_enabled
                0x0000000000007d50       0x14 modules/hal_nordic/nrfx/libmodules__hal_nordic__nrfx.a(nrfx_usbd.c.obj)
                0x0000000000007d50                nrfx_usbd_is_enabled
 .text.nrfx_usbd_suspend
                0x0000000000007d64       0x58 modules/hal_nordic/nrfx/libmodules__hal_nordic__nrfx.a(nrfx_usbd.c.obj)
                0x0000000000007d64                nrfx_usbd_suspend
 .text.nrfx_usbd_wakeup_req
                0x0000000000007dbc       0x74 modules/hal_nordic/nrfx/libmodules__hal_nordic__nrfx.a(nrfx_usbd.c.obj)
                0x0000000000007dbc                nrfx_usbd_wakeup_req
 .text.nrfx_usbd_init
                0x0000000000007e30       0x84 modules/hal_nordic/nrfx/libmodules__hal_nordic__nrfx.a(nrfx_usbd.c.obj)
                0x0000000000007e30                nrfx_usbd_init
 .text.nrfx_usbd_ep_transfer
                0x0000000000007eb4       0xf4 modules/hal_nordic/nrfx/libmodules__hal_nordic__nrfx.a(nrfx_usbd.c.obj)
                0x0000000000007eb4                nrfx_usbd_ep_transfer
 .text.nrfx_usbd_epout_size_get
                0x0000000000007fa8       0x28 modules/hal_nordic/nrfx/libmodules__hal_nordic__nrfx.a(nrfx_usbd.c.obj)
                0x0000000000007fa8                nrfx_usbd_epout_size_get
 .text.usbd_dmareq_process
                0x0000000000007fd0      0x1c0 modules/hal_nordic/nrfx/libmodules__hal_nordic__nrfx.a(nrfx_usbd.c.obj)
 .text.ev_epdata_handler
                0x0000000000008190       0x44 modules/hal_nordic/nrfx/libmodules__hal_nordic__nrfx.a(nrfx_usbd.c.obj)
 .text.nrf_usbd_epout_dma_handler
                0x00000000000081d4       0x64 modules/hal_nordic/nrfx/libmodules__hal_nordic__nrfx.a(nrfx_usbd.c.obj)
 .text.nrfx_usbd_ep_stall
                0x0000000000008238       0x10 modules/hal_nordic/nrfx/libmodules__hal_nordic__nrfx.a(nrfx_usbd.c.obj)
                0x0000000000008238                nrfx_usbd_ep_stall
 .text.nrfx_usbd_ep_stall_check
                0x0000000000008248       0x34 modules/hal_nordic/nrfx/libmodules__hal_nordic__nrfx.a(nrfx_usbd.c.obj)
                0x0000000000008248                nrfx_usbd_ep_stall_check
 .text.nrfx_usbd_ep_dtoggle_clear
                0x000000000000827c       0x18 modules/hal_nordic/nrfx/libmodules__hal_nordic__nrfx.a(nrfx_usbd.c.obj)
                0x000000000000827c                nrfx_usbd_ep_dtoggle_clear
 .text.nrfx_usbd_setup_get
                0x0000000000008294       0x44 modules/hal_nordic/nrfx/libmodules__hal_nordic__nrfx.a(nrfx_usbd.c.obj)
                0x0000000000008294                nrfx_usbd_setup_get
 .text.nrfx_usbd_setup_data_clear
                0x00000000000082d8       0x10 modules/hal_nordic/nrfx/libmodules__hal_nordic__nrfx.a(nrfx_usbd.c.obj)
                0x00000000000082d8                nrfx_usbd_setup_data_clear
 .text.ev_dma_epout0_handler
                0x00000000000082e8       0x50 modules/hal_nordic/nrfx/libmodules__hal_nordic__nrfx.a(nrfx_usbd.c.obj)
 .text.nrfx_usbd_setup_clear
                0x0000000000008338       0x10 modules/hal_nordic/nrfx/libmodules__hal_nordic__nrfx.a(nrfx_usbd.c.obj)
                0x0000000000008338                nrfx_usbd_setup_clear
 .text.nrfx_usbd_setup_stall
                0x0000000000008348       0x10 modules/hal_nordic/nrfx/libmodules__hal_nordic__nrfx.a(nrfx_usbd.c.obj)
                0x0000000000008348                nrfx_usbd_setup_stall
 .text.nrfx_usbd_last_setup_dir_get
                0x0000000000008358        0xc modules/hal_nordic/nrfx/libmodules__hal_nordic__nrfx.a(nrfx_usbd.c.obj)
                0x0000000000008358                nrfx_usbd_last_setup_dir_get
 .text.nrfx_usbd_transfer_out_drop
                0x0000000000008364       0x54 modules/hal_nordic/nrfx/libmodules__hal_nordic__nrfx.a(nrfx_usbd.c.obj)
                0x0000000000008364                nrfx_usbd_transfer_out_drop
 .text.usbd_ep_abort
                0x00000000000083b8       0xf4 modules/hal_nordic/nrfx/libmodules__hal_nordic__nrfx.a(nrfx_usbd.c.obj)
 .text.ev_setup_handler
                0x00000000000084ac       0x68 modules/hal_nordic/nrfx/libmodules__hal_nordic__nrfx.a(nrfx_usbd.c.obj)
 .text.nrfx_usbd_irq_handler
                0x0000000000008514       0x7c modules/hal_nordic/nrfx/libmodules__hal_nordic__nrfx.a(nrfx_usbd.c.obj)
                0x0000000000008514                nrfx_usbd_irq_handler
 .text.nrfx_usbd_stop
                0x0000000000008590       0x80 modules/hal_nordic/nrfx/libmodules__hal_nordic__nrfx.a(nrfx_usbd.c.obj)
                0x0000000000008590                nrfx_usbd_stop
 .text.nrfx_usbd_disable
                0x0000000000008610       0x60 modules/hal_nordic/nrfx/libmodules__hal_nordic__nrfx.a(nrfx_usbd.c.obj)
                0x0000000000008610                nrfx_usbd_disable
 .text.nrfx_usbd_ep_disable
                0x0000000000008670       0x58 modules/hal_nordic/nrfx/libmodules__hal_nordic__nrfx.a(nrfx_usbd.c.obj)
                0x0000000000008670                nrfx_usbd_ep_disable
 .text.nrfx_usbd_ep_enable
                0x00000000000086c8       0xa8 modules/hal_nordic/nrfx/libmodules__hal_nordic__nrfx.a(nrfx_usbd.c.obj)
                0x00000000000086c8                nrfx_usbd_ep_enable
 .text.nrfx_usbd_ep_stall_clear
                0x0000000000008770       0x20 modules/hal_nordic/nrfx/libmodules__hal_nordic__nrfx.a(nrfx_usbd.c.obj)
                0x0000000000008770                nrfx_usbd_ep_stall_clear
 .text.bvd_init
                0x0000000000008790       0x54 modules/module/drivers/sensor/battery/lib..__zmk__app__module__drivers__sensor__battery.a(battery_voltage_divider.c.obj)
 .text.bvd_sample_fetch
                0x00000000000087e4       0x84 modules/module/drivers/sensor/battery/lib..__zmk__app__module__drivers__sensor__battery.a(battery_voltage_divider.c.obj)
 .text.ec11_channel_get
                0x0000000000008868       0x58 modules/module/drivers/sensor/ec11/lib..__zmk__app__module__drivers__sensor__ec11.a(ec11.c.obj)
 .text.ec11_init_interrupt
                0x00000000000088c0       0x6c modules/module/drivers/sensor/ec11/lib..__zmk__app__module__drivers__sensor__ec11.a(ec11_trigger.c.obj)
                0x00000000000088c0                ec11_init_interrupt
 .text.z_device_get_all_static
                0x000000000000892c       0x18 zephyr/kernel/libkernel.a(device.c.obj)
                0x000000000000892c                z_device_get_all_static
 .text.z_impl_device_get_binding
                0x0000000000008944       0x54 zephyr/kernel/libkernel.a(device.c.obj)
                0x0000000000008944                z_impl_device_get_binding
 .text.z_fatal_error
                0x0000000000008998       0x30 zephyr/kernel/libkernel.a(fatal.c.obj)
                0x0000000000008998                z_fatal_error
 .text.z_sys_init_run_level
                0x00000000000089c8       0x48 zephyr/kernel/libkernel.a(init.c.obj)
 .text.bg_thread_main
                0x0000000000008a10       0x34 zephyr/kernel/libkernel.a(init.c.obj)
 .text.z_bss_zero
                0x0000000000008a44       0x18 zephyr/kernel/libkernel.a(init.c.obj)
                0x0000000000008a44                z_bss_zero
 .text.z_init_cpu
                0x0000000000008a5c       0x84 zephyr/kernel/libkernel.a(init.c.obj)
                0x0000000000008a5c                z_init_cpu
 .text.z_cstart
                0x0000000000008ae0       0xdc zephyr/kernel/libkernel.a(init.c.obj)
                0x0000000000008ae0                z_cstart
 .text.init_mem_slab_obj_core_list
                0x0000000000008bbc       0x24 zephyr/kernel/libkernel.a(mem_slab.c.obj)
 .text.k_mem_slab_alloc
                0x0000000000008be0       0x5c zephyr/kernel/libkernel.a(mem_slab.c.obj)
                0x0000000000008be0                k_mem_slab_alloc
 .text.z_setup_new_thread
                0x0000000000008c3c       0x7c zephyr/kernel/libkernel.a(thread.c.obj)
                0x0000000000008c3c                z_setup_new_thread
 .text.z_impl_k_thread_create
                0x0000000000008cb8       0x58 zephyr/kernel/libkernel.a(thread.c.obj)
                0x0000000000008cb8                z_impl_k_thread_create
 .text.z_init_static_threads
                0x0000000000008d10       0x98 zephyr/kernel/libkernel.a(thread.c.obj)
                0x0000000000008d10                z_init_static_threads
 .text.z_impl_k_msgq_put
                0x0000000000008da8       0xa0 zephyr/kernel/libkernel.a(msg_q.c.obj)
                0x0000000000008da8                z_impl_k_msgq_put
 .text.z_impl_k_msgq_get
                0x0000000000008e48       0xb4 zephyr/kernel/libkernel.a(msg_q.c.obj)
                0x0000000000008e48                z_impl_k_msgq_get
 .text.z_impl_k_mutex_lock
                0x0000000000008efc       0xf4 zephyr/kernel/libkernel.a(mutex.c.obj)
                0x0000000000008efc                z_impl_k_mutex_lock
 .text.z_impl_k_mutex_unlock
                0x0000000000008ff0       0x78 zephyr/kernel/libkernel.a(mutex.c.obj)
                0x0000000000008ff0                z_impl_k_mutex_unlock
 .text.z_impl_k_queue_get
                0x0000000000009068       0x68 zephyr/kernel/libkernel.a(queue.c.obj)
                0x0000000000009068                z_impl_k_queue_get
 .text.z_impl_k_sem_give
                0x00000000000090d0       0x48 zephyr/kernel/libkernel.a(sem.c.obj)
                0x00000000000090d0                z_impl_k_sem_give
 .text.z_impl_k_sem_take
                0x0000000000009118       0x50 zephyr/kernel/libkernel.a(sem.c.obj)
                0x0000000000009118                z_impl_k_sem_take
 .text.k_sys_work_q_init
                0x0000000000009168       0x34 zephyr/kernel/libkernel.a(system_work_q.c.obj)
 .text.submit_to_queue_locked
                0x000000000000919c       0xb4 zephyr/kernel/libkernel.a(work.c.obj)
 .text.k_work_submit
                0x0000000000009250        0xc zephyr/kernel/libkernel.a(work.c.obj)
                0x0000000000009250                k_work_submit
 .text.k_work_queue_start
                0x000000000000925c       0x70 zephyr/kernel/libkernel.a(work.c.obj)
                0x000000000000925c                k_work_queue_start
 .text.k_work_schedule_for_queue
                0x00000000000092cc       0x54 zephyr/kernel/libkernel.a(work.c.obj)
                0x00000000000092cc                k_work_schedule_for_queue
 .text.k_work_schedule
                0x0000000000009320        0xc zephyr/kernel/libkernel.a(work.c.obj)
                0x0000000000009320                k_work_schedule
 .text.k_work_reschedule_for_queue
                0x000000000000932c       0x5c zephyr/kernel/libkernel.a(work.c.obj)
                0x000000000000932c                k_work_reschedule_for_queue
 .text.k_work_reschedule
                0x0000000000009388        0xc zephyr/kernel/libkernel.a(work.c.obj)
                0x0000000000009388                k_work_reschedule
 .text.sliceable
                0x0000000000009394       0x3c zephyr/kernel/libkernel.a(sched.c.obj)
 .text.slice_timeout
                0x00000000000093d0       0x20 zephyr/kernel/libkernel.a(sched.c.obj)
 .text.z_reset_time_slice
                0x00000000000093f0       0x50 zephyr/kernel/libkernel.a(sched.c.obj)
                0x00000000000093f0                z_reset_time_slice
 .text.update_cache
                0x0000000000009440       0x3c zephyr/kernel/libkernel.a(sched.c.obj)
 .text.move_thread_to_end_of_prio_q
                0x000000000000947c       0x74 zephyr/kernel/libkernel.a(sched.c.obj)
 .text.ready_thread
                0x00000000000094f0       0x68 zephyr/kernel/libkernel.a(sched.c.obj)
 .text.unready_thread
                0x0000000000009558       0x30 zephyr/kernel/libkernel.a(sched.c.obj)
 .text.pend_locked
                0x0000000000009588       0x30 zephyr/kernel/libkernel.a(sched.c.obj)
 .text.z_time_slice
                0x00000000000095b8       0x60 zephyr/kernel/libkernel.a(sched.c.obj)
                0x00000000000095b8                z_time_slice
 .text.z_pend_curr
                0x0000000000009618       0x3c zephyr/kernel/libkernel.a(sched.c.obj)
                0x0000000000009618                z_pend_curr
 .text.z_set_prio
                0x0000000000009654       0x8c zephyr/kernel/libkernel.a(sched.c.obj)
                0x0000000000009654                z_set_prio
 .text.z_reschedule
                0x00000000000096e0       0x24 zephyr/kernel/libkernel.a(sched.c.obj)
                0x00000000000096e0                z_reschedule
 .text.z_sched_start
                0x0000000000009704       0x3c zephyr/kernel/libkernel.a(sched.c.obj)
                0x0000000000009704                z_sched_start
 .text.z_impl_k_thread_suspend
                0x0000000000009740       0x64 zephyr/kernel/libkernel.a(sched.c.obj)
                0x0000000000009740                z_impl_k_thread_suspend
 .text.k_sched_lock
                0x00000000000097a4       0x28 zephyr/kernel/libkernel.a(sched.c.obj)
                0x00000000000097a4                k_sched_lock
 .text.k_sched_unlock
                0x00000000000097cc       0x38 zephyr/kernel/libkernel.a(sched.c.obj)
                0x00000000000097cc                k_sched_unlock
 .text.z_sched_init
                0x0000000000009804       0x10 zephyr/kernel/libkernel.a(sched.c.obj)
                0x0000000000009804                z_sched_init
 .text.z_impl_k_yield
                0x0000000000009814       0x7c zephyr/kernel/libkernel.a(sched.c.obj)
                0x0000000000009814                z_impl_k_yield
 .text.z_tick_sleep
                0x0000000000009890       0x88 zephyr/kernel/libkernel.a(sched.c.obj)
 .text.z_impl_k_sleep
                0x0000000000009918       0x34 zephyr/kernel/libkernel.a(sched.c.obj)
                0x0000000000009918                z_impl_k_sleep
 .text.z_impl_k_usleep
                0x000000000000994c       0x34 zephyr/kernel/libkernel.a(sched.c.obj)
                0x000000000000994c                z_impl_k_usleep
 .text.z_impl_k_sched_current_thread_query
                0x0000000000009980        0xc zephyr/kernel/libkernel.a(sched.c.obj)
                0x0000000000009980                z_impl_k_sched_current_thread_query
 .text.z_thread_abort
                0x000000000000998c       0xc8 zephyr/kernel/libkernel.a(sched.c.obj)
                0x000000000000998c                z_thread_abort
 .text.z_sched_wait
                0x0000000000009a54       0x24 zephyr/kernel/libkernel.a(sched.c.obj)
                0x0000000000009a54                z_sched_wait
 .text.z_data_copy
                0x0000000000009a78       0x34 zephyr/kernel/libkernel.a(xip.c.obj)
                0x0000000000009a78                z_data_copy
 .text.elapsed  0x0000000000009aac       0x14 zephyr/kernel/libkernel.a(timeout.c.obj)
 .text.next_timeout
                0x0000000000009ac0       0x40 zephyr/kernel/libkernel.a(timeout.c.obj)
 .text.remove_timeout
                0x0000000000009b00       0x38 zephyr/kernel/libkernel.a(timeout.c.obj)
 .text.z_add_timeout
                0x0000000000009b38       0xec zephyr/kernel/libkernel.a(timeout.c.obj)
                0x0000000000009b38                z_add_timeout
 .text.sys_clock_announce
                0x0000000000009c24       0xd4 zephyr/kernel/libkernel.a(timeout.c.obj)
                0x0000000000009c24                sys_clock_announce
 .text.sys_clock_tick_get
                0x0000000000009cf8       0x34 zephyr/kernel/libkernel.a(timeout.c.obj)
                0x0000000000009cf8                sys_clock_tick_get
 .text.z_timer_expiration_handler
                0x0000000000009d2c       0xe4 zephyr/kernel/libkernel.a(timer.c.obj)
                0x0000000000009d2c                z_timer_expiration_handler
 .text.z_impl_k_timer_start
                0x0000000000009e10       0x5c zephyr/kernel/libkernel.a(timer.c.obj)
                0x0000000000009e10                z_impl_k_timer_start
 .text.z_thread_aligned_alloc
                0x0000000000009e6c       0x40 zephyr/kernel/libkernel.a(mempool.c.obj)
                0x0000000000009e6c                z_thread_aligned_alloc
 .text.boot_banner
                0x0000000000009eac        0xc zephyr/kernel/libkernel.a(banner.c.obj)
                0x0000000000009eac                boot_banner
 .text.statics_init
                0x0000000000009eb8       0x24 zephyr/kernel/libkernel.a(kheap.c.obj)
 .text.exit     0x0000000000009edc       0x1c /Users/kade/zephyr-sdk-0.16.3/arm-zephyr-eabi/bin/../lib/gcc/../../picolibc/arm-zephyr-eabi/lib/thumb/v7e-m+fp/hard/libc.a(libc_stdlib_pico-exit.c.o)
                0x0000000000009edc                exit
 .text.snprintf
                0x0000000000009ef8       0x58 /Users/kade/zephyr-sdk-0.16.3/arm-zephyr-eabi/bin/../lib/gcc/../../picolibc/arm-zephyr-eabi/lib/thumb/v7e-m+fp/hard/libc.a(libc_tinystdio_snprintf.c.o)
                0x0000000000009ef8                snprintf
 .text.__i_vfprintf
                0x0000000000009f50      0x490 /Users/kade/zephyr-sdk-0.16.3/arm-zephyr-eabi/bin/../lib/gcc/../../picolibc/arm-zephyr-eabi/lib/thumb/v7e-m+fp/hard/libc.a(libc_tinystdio_vfiprintf.c.o)
                0x0000000000009f50                __i_vfprintf
 .text.__libc_fini_array
                0x000000000000a3e0       0x2c /Users/kade/zephyr-sdk-0.16.3/arm-zephyr-eabi/bin/../lib/gcc/../../picolibc/arm-zephyr-eabi/lib/thumb/v7e-m+fp/hard/libc.a(libc_misc_fini.c.o)
                0x000000000000a3e0                __libc_fini_array
 .text._OffsetAbsSyms
                0x000000000000a40c        0x2 zephyr/CMakeFiles/offsets.dir/./arch/arm/core/offsets/offsets.c.obj
                0x000000000000a40c                _OffsetAbsSyms
 .text.strlcpy  0x000000000000a40e       0x2c app/libapp.a(stdlib.c.obj)
                0x000000000000a40e                strlcpy
 .text.zmk_behavior_get_binding
                0x000000000000a43a        0x4 app/libapp.a(behavior.c.obj)
                0x000000000000a43a                zmk_behavior_get_binding
 .text.invoke_locally
                0x000000000000a43e       0xa8 app/libapp.a(behavior.c.obj)
 .text.zmk_behavior_invoke_binding
                0x000000000000a4e6       0xd8 app/libapp.a(behavior.c.obj)
                0x000000000000a4e6                zmk_behavior_invoke_binding
 .text.zmk_matrix_transform_row_column_to_position
                0x000000000000a5be       0x34 app/libapp.a(matrix_transform.c.obj)
                0x000000000000a5be                zmk_matrix_transform_row_column_to_position
 .text.zmk_physical_layouts_get_position_map
                0x000000000000a5f2       0x1a app/libapp.a(physical_layouts.c.obj)
                0x000000000000a5f2                zmk_physical_layouts_get_position_map
 .text.zmk_sensors_init
                0x000000000000a60c       0x12 app/libapp.a(sensors.c.obj)
 .text.zmk_event_manager_raise
                0x000000000000a61e        0x6 app/libapp.a(event_manager.c.obj)
                0x000000000000a61e                zmk_event_manager_raise
 .text.on_keymap_binding_pressed
                0x000000000000a624       0x18 app/libapp.a(behavior_reset.c.obj)
 .text.zmk_hid_register_mods
                0x000000000000a63c       0x22 app/libapp.a(hid.c.obj)
                0x000000000000a63c                zmk_hid_register_mods
 .text.zmk_hid_unregister_mods
                0x000000000000a65e       0x22 app/libapp.a(hid.c.obj)
                0x000000000000a65e                zmk_hid_unregister_mods
 .text.zmk_hid_press
                0x000000000000a680       0x1e app/libapp.a(hid.c.obj)
                0x000000000000a680                zmk_hid_press
 .text.zmk_hid_release
                0x000000000000a69e       0x1e app/libapp.a(hid.c.obj)
                0x000000000000a69e                zmk_hid_release
 .text.zmk_hid_is_pressed
                0x000000000000a6bc       0x1c app/libapp.a(hid.c.obj)
                0x000000000000a6bc                zmk_hid_is_pressed
 .text.raise_zmk_keycode_state_changed_from_encoded
                0x000000000000a6d8       0x5e app/libapp.a(behavior_key_press.c.obj)
 .text.on_keymap_binding_released
                0x000000000000a736       0x14 app/libapp.a(behavior_key_press.c.obj)
 .text.on_keymap_binding_pressed
                0x000000000000a74a       0x14 app/libapp.a(behavior_key_press.c.obj)
 .text.mo_keymap_binding_released
                0x000000000000a75e        0xe app/libapp.a(behavior_momentary_layer.c.obj)
 .text.mo_keymap_binding_pressed
                0x000000000000a76c        0xe app/libapp.a(behavior_momentary_layer.c.obj)
 .text.on_keymap_binding_pressed
                0x000000000000a77a        0xc app/libapp.a(behavior_transparent.c.obj)
 .text.on_keymap_binding_released
                0x000000000000a786        0xc app/libapp.a(behavior_transparent.c.obj)
 .text.zmk_behavior_sensor_rotate_common_process
                0x000000000000a792       0xb0 app/libapp.a(behavior_sensor_rotate_common.c.obj)
                0x000000000000a792                zmk_behavior_sensor_rotate_common_process
 .text.zmk_endpoint_instance_eq
                0x000000000000a842       0x38 app/libapp.a(endpoints.c.obj)
                0x000000000000a842                zmk_endpoint_instance_eq
 .text.endpoint_listener
                0x000000000000a87a        0xa app/libapp.a(endpoints.c.obj)
 .text.hid_listener
                0x000000000000a884       0x92 app/libapp.a(hid_listener.c.obj)
                0x000000000000a884                hid_listener
 .text.keymap_init
                0x000000000000a916        0x4 app/libapp.a(keymap.c.obj)
                0x000000000000a916                keymap_init
 .text.zmk_keymap_layer_active_with_state
                0x000000000000a91a       0x14 app/libapp.a(keymap.c.obj)
                0x000000000000a91a                zmk_keymap_layer_active_with_state
 .text.zmk_keymap_layer_activate
                0x000000000000a92e        0x6 app/libapp.a(keymap.c.obj)
                0x000000000000a92e                zmk_keymap_layer_activate
 .text.zmk_keymap_layer_deactivate
                0x000000000000a934        0x6 app/libapp.a(keymap.c.obj)
                0x000000000000a934                zmk_keymap_layer_deactivate
 .text.zmk_keymap_apply_position_state
                0x000000000000a93a       0x40 app/libapp.a(keymap.c.obj)
                0x000000000000a93a                zmk_keymap_apply_position_state
 .text.keymap_listener
                0x000000000000a97a       0x48 app/libapp.a(keymap.c.obj)
                0x000000000000a97a                keymap_listener
 .text.raise_usb_status_changed_event
                0x000000000000a9c2        0xe app/libapp.a(usb.c.obj)
 .text.set_report_cb
                0x000000000000a9d0       0x16 app/libapp.a(usb_hid.c.obj)
 .text.get_report_cb
                0x000000000000a9e6       0x3e app/libapp.a(usb_hid.c.obj)
 .text.zmk_usb_hid_send_keyboard_report
                0x000000000000aa24       0x10 app/libapp.a(usb_hid.c.obj)
                0x000000000000aa24                zmk_usb_hid_send_keyboard_report
 .text.zmk_usb_hid_send_consumer_report
                0x000000000000aa34       0x10 app/libapp.a(usb_hid.c.obj)
                0x000000000000aa34                zmk_usb_hid_send_consumer_report
 .text.main     0x000000000000aa44        0xe app/libapp.a(main.c.obj)
                0x000000000000aa44                main
 .text.zmk_settings_erase
                0x000000000000aa52       0x26 app/libapp.a(reset_settings_nvs.c.obj)
                0x000000000000aa52                zmk_settings_erase
 .text.arch_printk_char_out
                0x000000000000aa78        0x4 zephyr/libzephyr.a(printk.c.obj)
                0x000000000000aa78                arch_printk_char_out
 .text.printk   0x000000000000aa7c       0x1a zephyr/libzephyr.a(printk.c.obj)
                0x000000000000aa7c                printk
 .text.chunk_size
                0x000000000000aa96        0xa zephyr/libzephyr.a(heap.c.obj)
 .text.free_list_add
                0x000000000000aaa0       0x4e zephyr/libzephyr.a(heap.c.obj)
 .text.free_list_remove_bidx
                0x000000000000aaee       0x3a zephyr/libzephyr.a(heap.c.obj)
 .text.free_list_remove
                0x000000000000ab28       0x1a zephyr/libzephyr.a(heap.c.obj)
 .text.alloc_chunk
                0x000000000000ab42       0x6e zephyr/libzephyr.a(heap.c.obj)
 .text.merge_chunks
                0x000000000000abb0       0x2c zephyr/libzephyr.a(heap.c.obj)
 .text.split_chunks
                0x000000000000abdc       0x34 zephyr/libzephyr.a(heap.c.obj)
 .text.free_chunk
                0x000000000000ac10       0x62 zephyr/libzephyr.a(heap.c.obj)
 .text.sys_heap_free
                0x000000000000ac72       0x1e zephyr/libzephyr.a(heap.c.obj)
                0x000000000000ac72                sys_heap_free
 .text.sys_heap_alloc
                0x000000000000ac90       0x52 zephyr/libzephyr.a(heap.c.obj)
                0x000000000000ac90                sys_heap_alloc
 .text.sys_heap_aligned_alloc
                0x000000000000ace2       0xd0 zephyr/libzephyr.a(heap.c.obj)
                0x000000000000ace2                sys_heap_aligned_alloc
 .text.sys_heap_init
                0x000000000000adb2       0x7a zephyr/libzephyr.a(heap.c.obj)
                0x000000000000adb2                sys_heap_init
 .text.sys_slist_find_and_remove
                0x000000000000ae2c       0x36 zephyr/libzephyr.a(onoff.c.obj)
 .text.process_recheck
                0x000000000000ae62       0x38 zephyr/libzephyr.a(onoff.c.obj)
 .text.validate_args
                0x000000000000ae9a       0x20 zephyr/libzephyr.a(onoff.c.obj)
 .text.notify_one
                0x000000000000aeba       0x2c zephyr/libzephyr.a(onoff.c.obj)
 .text.transition_complete
                0x000000000000aee6       0x1e zephyr/libzephyr.a(onoff.c.obj)
 .text.onoff_manager_init
                0x000000000000af04       0x26 zephyr/libzephyr.a(onoff.c.obj)
                0x000000000000af04                onoff_manager_init
 .text.onoff_request
                0x000000000000af2a       0xb0 zephyr/libzephyr.a(onoff.c.obj)
                0x000000000000af2a                onoff_request
 .text.onoff_release
                0x000000000000afda       0x4a zephyr/libzephyr.a(onoff.c.obj)
                0x000000000000afda                onoff_release
 .text.onoff_cancel
                0x000000000000b024       0x38 zephyr/libzephyr.a(onoff.c.obj)
                0x000000000000b024                onoff_cancel
 .text.sys_notify_validate
                0x000000000000b05c       0x22 zephyr/libzephyr.a(notify.c.obj)
                0x000000000000b05c                sys_notify_validate
 .text.sys_notify_finalize
                0x000000000000b07e       0x1a zephyr/libzephyr.a(notify.c.obj)
                0x000000000000b07e                sys_notify_finalize
 .text.sys_poweroff
                0x000000000000b098       0x16 zephyr/libzephyr.a(poweroff.c.obj)
                0x000000000000b098                sys_poweroff
 .text._ConfigAbsSyms
                0x000000000000b0ae        0x2 zephyr/libzephyr.a(configs.c.obj)
                0x000000000000b0ae                _ConfigAbsSyms
 .text.z_sys_poweroff
                0x000000000000b0b0       0x12 zephyr/libzephyr.a(poweroff.c.obj)
                0x000000000000b0b0                z_sys_poweroff
 .text.nvs_flash_rd
                0x000000000000b0c2       0x1c zephyr/libzephyr.a(nvs.c.obj)
 .text.nvs_sector_advance
                0x000000000000b0de       0x1a zephyr/libzephyr.a(nvs.c.obj)
 .text.nvs_flash_block_cmp
                0x000000000000b0f8       0x54 zephyr/libzephyr.a(nvs.c.obj)
 .text.nvs_ate_crc8_update
                0x000000000000b14c       0x12 zephyr/libzephyr.a(nvs.c.obj)
 .text.nvs_flash_cmp_const
                0x000000000000b15e       0x4a zephyr/libzephyr.a(nvs.c.obj)
 .text.nvs_flash_erase_sector
                0x000000000000b1a8       0x34 zephyr/libzephyr.a(nvs.c.obj)
 .text.nvs_al_size.isra.0
                0x000000000000b1dc       0x14 zephyr/libzephyr.a(nvs.c.obj)
 .text.nvs_ate_valid
                0x000000000000b1f0       0x34 zephyr/libzephyr.a(nvs.c.obj)
 .text.nvs_close_ate_valid
                0x000000000000b224       0x3c zephyr/libzephyr.a(nvs.c.obj)
 .text.nvs_prev_ate
                0x000000000000b260       0x94 zephyr/libzephyr.a(nvs.c.obj)
 .text.nvs_flash_al_wrt
                0x000000000000b2f4       0x74 zephyr/libzephyr.a(nvs.c.obj)
 .text.nvs_flash_ate_wrt
                0x000000000000b368       0x22 zephyr/libzephyr.a(nvs.c.obj)
 .text.nvs_add_gc_done_ate
                0x000000000000b38a       0x2e zephyr/libzephyr.a(nvs.c.obj)
 .text.nvs_gc   0x000000000000b3b8      0x19a zephyr/libzephyr.a(nvs.c.obj)
 .text.nvs_delete
                0x000000000000b552        0x8 zephyr/libzephyr.a(nvs.c.obj)
                0x000000000000b552                nvs_delete
 .text.nvs_read_hist
                0x000000000000b55a       0xc0 zephyr/libzephyr.a(nvs.c.obj)
                0x000000000000b55a                nvs_read_hist
 .text.nvs_read
                0x000000000000b61a        0xe zephyr/libzephyr.a(nvs.c.obj)
                0x000000000000b61a                nvs_read
 .text.pm_device_is_busy
                0x000000000000b628       0x14 zephyr/libzephyr.a(device.c.obj)
                0x000000000000b628                pm_device_is_busy
 .text.pm_device_wakeup_enable
                0x000000000000b63c       0x46 zephyr/libzephyr.a(device.c.obj)
                0x000000000000b63c                pm_device_wakeup_enable
 .text.pm_device_wakeup_is_enabled
                0x000000000000b682       0x14 zephyr/libzephyr.a(device.c.obj)
                0x000000000000b682                pm_device_wakeup_is_enabled
 .text.pm_device_wakeup_is_capable
                0x000000000000b696       0x14 zephyr/libzephyr.a(device.c.obj)
                0x000000000000b696                pm_device_wakeup_is_capable
 .text.pm_device_state_is_locked
                0x000000000000b6aa       0x14 zephyr/libzephyr.a(device.c.obj)
                0x000000000000b6aa                pm_device_state_is_locked
 .text.flash_area_close
                0x000000000000b6be        0x2 zephyr/libzephyr.a(flash_map.c.obj)
                0x000000000000b6be                flash_area_close
 .text.flash_area_erase
                0x000000000000b6c0       0x2c zephyr/libzephyr.a(flash_map.c.obj)
                0x000000000000b6c0                flash_area_erase
 .text.get_sectors_cb
                0x000000000000b6ec       0x44 zephyr/libzephyr.a(flash_map_layout.c.obj)
 .text.get_ep_bm_from_addr
                0x000000000000b730       0x1c zephyr/libzephyr.a(usb_device.c.obj)
 .text.usb_write
                0x000000000000b74c       0x30 zephyr/libzephyr.a(usb_device.c.obj)
                0x000000000000b74c                usb_write
 .text.usb_get_dev_data_by_cfg
                0x000000000000b77c       0x18 zephyr/libzephyr.a(usb_descriptor.c.obj)
                0x000000000000b77c                usb_get_dev_data_by_cfg
 .text.usb_get_dev_data_by_iface
                0x000000000000b794       0x1c zephyr/libzephyr.a(usb_descriptor.c.obj)
                0x000000000000b794                usb_get_dev_data_by_iface
 .text.usb_get_dev_data_by_ep
                0x000000000000b7b0       0x2c zephyr/libzephyr.a(usb_descriptor.c.obj)
                0x000000000000b7b0                usb_get_dev_data_by_ep
 .text.settings_load
                0x000000000000b7dc        0x6 zephyr/libzephyr.a(settings_store.c.obj)
                0x000000000000b7dc                settings_load
 .text.settings_name_steq
                0x000000000000b7e2       0x48 zephyr/libzephyr.a(settings.c.obj)
                0x000000000000b7e2                settings_name_steq
 .text.settings_call_set_handler
                0x000000000000b82a       0x6a zephyr/libzephyr.a(settings.c.obj)
                0x000000000000b82a                settings_call_set_handler
 .text.settings_nvs_storage_get
                0x000000000000b894        0x4 zephyr/libzephyr.a(settings_nvs.c.obj)
 .text.settings_nvs_read_fn
                0x000000000000b898       0x18 zephyr/libzephyr.a(settings_nvs.c.obj)
 .text.settings_nvs_save
                0x000000000000b8b0      0x11c zephyr/libzephyr.a(settings_nvs.c.obj)
 .text.settings_nvs_backend_init
                0x000000000000b9cc       0x42 zephyr/libzephyr.a(settings_nvs.c.obj)
                0x000000000000b9cc                settings_nvs_backend_init
 .text.z_arm_fatal_error
                0x000000000000ba0e        0x4 zephyr/arch/arch/arm/core/libarch__arm__core.a(fatal.c.obj)
                0x000000000000ba0e                z_arm_fatal_error
 .text.z_do_kernel_oops
                0x000000000000ba12        0x8 zephyr/arch/arch/arm/core/libarch__arm__core.a(fatal.c.obj)
                0x000000000000ba12                z_do_kernel_oops
 .text.z_arm_nmi
                0x000000000000ba1a        0xe zephyr/arch/arch/arm/core/libarch__arm__core.a(nmi.c.obj)
                0x000000000000ba1a                z_arm_nmi
 .text.z_irq_spurious
                0x000000000000ba28        0x8 zephyr/arch/arch/arm/core/cortex_m/libarch__arm__core__cortex_m.a(irq_manage.c.obj)
                0x000000000000ba28                z_irq_spurious
 .text.size_to_mpu_rasr_size
                0x000000000000ba30       0x20 zephyr/arch/arch/arm/core/mpu/libarch__arm__core__mpu.a(arm_mpu.c.obj)
 .text.mpu_configure_regions
                0x000000000000ba50       0x5c zephyr/arch/arch/arm/core/mpu/libarch__arm__core__mpu.a(arm_mpu.c.obj)
 .text.pinmux_cornix_init
                0x000000000000baac        0x4 zephyr/boards/boards/arm/cornix_right/lib..__zmk-keyboard-cornix__boards__arm__cornix.a(pinmux.c.obj)
 .text.hid_interface_config
                0x000000000000bab0        0x4 zephyr/subsys/usb/device/class/hid/libsubsys__usb__device__class__hid.a(core.c.obj)
 .text.usb_hid_device_init
                0x000000000000bab4        0x4 zephyr/subsys/usb/device/class/hid/libsubsys__usb__device__class__hid.a(core.c.obj)
 .text.usb_hid_init
                0x000000000000bab8       0x14 zephyr/subsys/usb/device/class/hid/libsubsys__usb__device__class__hid.a(core.c.obj)
                0x000000000000bab8                usb_hid_init
 .text.hid_int_ep_write
                0x000000000000bacc       0x20 zephyr/subsys/usb/device/class/hid/libsubsys__usb__device__class__hid.a(core.c.obj)
                0x000000000000bacc                hid_int_ep_write
 .text.ep_ctx_reset
                0x000000000000baec       0x26 zephyr/drivers/usb/device/libdrivers__usb__device.a(usb_dc_nrfx.c.obj)
 .text.k_mutex_lock.constprop.0.isra.0
                0x000000000000bb12        0x4 zephyr/drivers/usb/device/libdrivers__usb__device.a(usb_dc_nrfx.c.obj)
 .text.k_mutex_unlock.isra.0
                0x000000000000bb16        0x4 zephyr/drivers/usb/device/libdrivers__usb__device.a(usb_dc_nrfx.c.obj)
 .text.usb_dc_ep_check_cap
                0x000000000000bb1a       0x2a zephyr/drivers/usb/device/libdrivers__usb__device.a(usb_dc_nrfx.c.obj)
                0x000000000000bb1a                usb_dc_ep_check_cap
 .text.usb_dc_ep_disable
                0x000000000000bb44       0x32 zephyr/drivers/usb/device/libdrivers__usb__device.a(usb_dc_nrfx.c.obj)